[35m[1mConsolidate compiler generated dependencies of target ros_control_interfaces__rosidl_generator_c[0m
[  7%] Built target ros_control_interfaces__cpp
[ 12%] Built target ros_control_interfaces__rosidl_generator_c
[35m[1mConsolidate compiler generated dependencies of target ros_control_interfaces__rosidl_typesupport_cpp[0m
[ 12%] Built target ament_cmake_python_copy_ros_control_interfaces
[35m[1mConsolidate compiler generated dependencies of target ros_control_interfaces__rosidl_typesupport_introspection_cpp[0m
[35m[1mConsolidate compiler generated dependencies of target ros_control_interfaces__rosidl_typesupport_fastrtps_cpp[0m
[ 23%] Built target ros_control_interfaces__rosidl_typesupport_cpp
[35m[1mConsolidate compiler generated dependencies of target ros_control_interfaces__rosidl_typesupport_fastrtps_c[0m
[ 33%] Built target ros_control_interfaces__rosidl_typesupport_introspection_cpp
[35m[1mConsolidate compiler generated dependencies of target ros_control_interfaces__rosidl_typesupport_introspection_c[0m
[ 43%] Built target ros_control_interfaces__rosidl_typesupport_fastrtps_cpp
[ 53%] Built target ros_control_interfaces__rosidl_typesupport_fastrtps_c
[ 64%] Built target ros_control_interfaces__rosidl_typesupport_introspection_c
[35m[1mConsolidate compiler generated dependencies of target ros_control_interfaces__rosidl_typesupport_c[0m
[ 74%] Built target ros_control_interfaces__rosidl_typesupport_c
[ 74%] Built target ros_control_interfaces
[ 76%] Built target ros_control_interfaces__py
[35m[1mConsolidate compiler generated dependencies of target ros_control_interfaces__rosidl_generator_py[0m
[ 84%] Built target ros_control_interfaces__rosidl_generator_py
[35m[1mConsolidate compiler generated dependencies of target ros_control_interfaces__rosidl_typesupport_c__pyext[0m
[35m[1mConsolidate compiler generated dependencies of target ros_control_interfaces__rosidl_typesupport_fastrtps_c__pyext[0m
[35m[1mConsolidate compiler generated dependencies of target ros_control_interfaces__rosidl_typesupport_introspection_c__pyext[0m
[ 89%] Built target ros_control_interfaces__rosidl_typesupport_fastrtps_c__pyext
[ 94%] Built target ros_control_interfaces__rosidl_typesupport_c__pyext
[100%] Built target ros_control_interfaces__rosidl_typesupport_introspection_c__pyext
running egg_info
writing ros_control_interfaces.egg-info/PKG-INFO
writing dependency_links to ros_control_interfaces.egg-info/dependency_links.txt
writing top-level names to ros_control_interfaces.egg-info/top_level.txt
reading manifest file 'ros_control_interfaces.egg-info/SOURCES.txt'
writing manifest file 'ros_control_interfaces.egg-info/SOURCES.txt'
[100%] Built target ament_cmake_python_build_ros_control_interfaces_egg
-- Install configuration: ""
-- Up-to-date: /home/jetson/ros2_ws/install/ros_control_interfaces/share/ament_index/resource_index/rosidl_interfaces/ros_control_interfaces
-- Up-to-date: /home/jetson/ros2_ws/install/ros_control_interfaces/include/ros_control_interfaces/ros_control_interfaces
-- Up-to-date: /home/jetson/ros2_ws/install/ros_control_interfaces/include/ros_control_interfaces/ros_control_interfaces/msg
-- Up-to-date: /home/jetson/ros2_ws/install/ros_control_interfaces/include/ros_control_interfaces/ros_control_interfaces/msg/motor_command.h
-- Up-to-date: /home/jetson/ros2_ws/install/ros_control_interfaces/include/ros_control_interfaces/ros_control_interfaces/msg/joystick.h
-- Up-to-date: /home/jetson/ros2_ws/install/ros_control_interfaces/include/ros_control_interfaces/ros_control_interfaces/msg/detail
-- Up-to-date: /home/jetson/ros2_ws/install/ros_control_interfaces/include/ros_control_interfaces/ros_control_interfaces/msg/detail/joystick__functions.h
-- Up-to-date: /home/jetson/ros2_ws/install/ros_control_interfaces/include/ros_control_interfaces/ros_control_interfaces/msg/detail/joystick__functions.c
-- Up-to-date: /home/jetson/ros2_ws/install/ros_control_interfaces/include/ros_control_interfaces/ros_control_interfaces/msg/detail/joystick__type_support.h
-- Up-to-date: /home/jetson/ros2_ws/install/ros_control_interfaces/include/ros_control_interfaces/ros_control_interfaces/msg/detail/motor_command__type_support.h
-- Up-to-date: /home/jetson/ros2_ws/install/ros_control_interfaces/include/ros_control_interfaces/ros_control_interfaces/msg/detail/motor_command__functions.h
-- Up-to-date: /home/jetson/ros2_ws/install/ros_control_interfaces/include/ros_control_interfaces/ros_control_interfaces/msg/detail/motor_command__struct.h
-- Up-to-date: /home/jetson/ros2_ws/install/ros_control_interfaces/include/ros_control_interfaces/ros_control_interfaces/msg/detail/motor_command__functions.c
-- Up-to-date: /home/jetson/ros2_ws/install/ros_control_interfaces/include/ros_control_interfaces/ros_control_interfaces/msg/detail/joystick__struct.h
-- Up-to-date: /home/jetson/ros2_ws/install/ros_control_interfaces/include/ros_control_interfaces/ros_control_interfaces/msg/rosidl_generator_c__visibility_control.h
-- Up-to-date: /home/jetson/ros2_ws/install/ros_control_interfaces/share/ros_control_interfaces/environment/library_path.sh
-- Up-to-date: /home/jetson/ros2_ws/install/ros_control_interfaces/share/ros_control_interfaces/environment/library_path.dsv
-- Up-to-date: /home/jetson/ros2_ws/install/ros_control_interfaces/lib/libros_control_interfaces__rosidl_generator_c.so
-- Up-to-date: /home/jetson/ros2_ws/install/ros_control_interfaces/include/ros_control_interfaces/ros_control_interfaces
-- Up-to-date: /home/jetson/ros2_ws/install/ros_control_interfaces/include/ros_control_interfaces/ros_control_interfaces/msg
-- Up-to-date: /home/jetson/ros2_ws/install/ros_control_interfaces/include/ros_control_interfaces/ros_control_interfaces/msg/detail
-- Up-to-date: /home/jetson/ros2_ws/install/ros_control_interfaces/include/ros_control_interfaces/ros_control_interfaces/msg/detail/joystick__rosidl_typesupport_fastrtps_c.h
-- Up-to-date: /home/jetson/ros2_ws/install/ros_control_interfaces/include/ros_control_interfaces/ros_control_interfaces/msg/detail/motor_command__rosidl_typesupport_fastrtps_c.h
-- Up-to-date: /home/jetson/ros2_ws/install/ros_control_interfaces/include/ros_control_interfaces/ros_control_interfaces/msg/rosidl_typesupport_fastrtps_c__visibility_control.h
-- Up-to-date: /home/jetson/ros2_ws/install/ros_control_interfaces/lib/libros_control_interfaces__rosidl_typesupport_fastrtps_c.so
-- Up-to-date: /home/jetson/ros2_ws/install/ros_control_interfaces/include/ros_control_interfaces/ros_control_interfaces
-- Up-to-date: /home/jetson/ros2_ws/install/ros_control_interfaces/include/ros_control_interfaces/ros_control_interfaces/msg
-- Up-to-date: /home/jetson/ros2_ws/install/ros_control_interfaces/include/ros_control_interfaces/ros_control_interfaces/msg/rosidl_generator_cpp__visibility_control.hpp
-- Up-to-date: /home/jetson/ros2_ws/install/ros_control_interfaces/include/ros_control_interfaces/ros_control_interfaces/msg/motor_command.hpp
-- Up-to-date: /home/jetson/ros2_ws/install/ros_control_interfaces/include/ros_control_interfaces/ros_control_interfaces/msg/joystick.hpp
-- Up-to-date: /home/jetson/ros2_ws/install/ros_control_interfaces/include/ros_control_interfaces/ros_control_interfaces/msg/detail
-- Up-to-date: /home/jetson/ros2_ws/install/ros_control_interfaces/include/ros_control_interfaces/ros_control_interfaces/msg/detail/joystick__builder.hpp
-- Up-to-date: /home/jetson/ros2_ws/install/ros_control_interfaces/include/ros_control_interfaces/ros_control_interfaces/msg/detail/joystick__struct.hpp
-- Up-to-date: /home/jetson/ros2_ws/install/ros_control_interfaces/include/ros_control_interfaces/ros_control_interfaces/msg/detail/joystick__type_support.hpp
-- Up-to-date: /home/jetson/ros2_ws/install/ros_control_interfaces/include/ros_control_interfaces/ros_control_interfaces/msg/detail/motor_command__struct.hpp
-- Up-to-date: /home/jetson/ros2_ws/install/ros_control_interfaces/include/ros_control_interfaces/ros_control_interfaces/msg/detail/motor_command__type_support.hpp
-- Up-to-date: /home/jetson/ros2_ws/install/ros_control_interfaces/include/ros_control_interfaces/ros_control_interfaces/msg/detail/motor_command__traits.hpp
-- Up-to-date: /home/jetson/ros2_ws/install/ros_control_interfaces/include/ros_control_interfaces/ros_control_interfaces/msg/detail/motor_command__builder.hpp
-- Up-to-date: /home/jetson/ros2_ws/install/ros_control_interfaces/include/ros_control_interfaces/ros_control_interfaces/msg/detail/joystick__traits.hpp
-- Up-to-date: /home/jetson/ros2_ws/install/ros_control_interfaces/include/ros_control_interfaces/ros_control_interfaces
-- Up-to-date: /home/jetson/ros2_ws/install/ros_control_interfaces/include/ros_control_interfaces/ros_control_interfaces/msg
-- Up-to-date: /home/jetson/ros2_ws/install/ros_control_interfaces/include/ros_control_interfaces/ros_control_interfaces/msg/rosidl_typesupport_fastrtps_cpp__visibility_control.h
-- Up-to-date: /home/jetson/ros2_ws/install/ros_control_interfaces/include/ros_control_interfaces/ros_control_interfaces/msg/detail
-- Up-to-date: /home/jetson/ros2_ws/install/ros_control_interfaces/include/ros_control_interfaces/ros_control_interfaces/msg/detail/motor_command__rosidl_typesupport_fastrtps_cpp.hpp
-- Up-to-date: /home/jetson/ros2_ws/install/ros_control_interfaces/include/ros_control_interfaces/ros_control_interfaces/msg/detail/joystick__rosidl_typesupport_fastrtps_cpp.hpp
-- Up-to-date: /home/jetson/ros2_ws/install/ros_control_interfaces/include/ros_control_interfaces/ros_control_interfaces/msg/detail/dds_fastrtps
-- Up-to-date: /home/jetson/ros2_ws/install/ros_control_interfaces/lib/libros_control_interfaces__rosidl_typesupport_fastrtps_cpp.so
-- Up-to-date: /home/jetson/ros2_ws/install/ros_control_interfaces/include/ros_control_interfaces/ros_control_interfaces
-- Up-to-date: /home/jetson/ros2_ws/install/ros_control_interfaces/include/ros_control_interfaces/ros_control_interfaces/msg
-- Up-to-date: /home/jetson/ros2_ws/install/ros_control_interfaces/include/ros_control_interfaces/ros_control_interfaces/msg/rosidl_typesupport_introspection_c__visibility_control.h
-- Up-to-date: /home/jetson/ros2_ws/install/ros_control_interfaces/include/ros_control_interfaces/ros_control_interfaces/msg/detail
-- Up-to-date: /home/jetson/ros2_ws/install/ros_control_interfaces/include/ros_control_interfaces/ros_control_interfaces/msg/detail/joystick__type_support.c
-- Up-to-date: /home/jetson/ros2_ws/install/ros_control_interfaces/include/ros_control_interfaces/ros_control_interfaces/msg/detail/motor_command__rosidl_typesupport_introspection_c.h
-- Up-to-date: /home/jetson/ros2_ws/install/ros_control_interfaces/include/ros_control_interfaces/ros_control_interfaces/msg/detail/motor_command__type_support.c
-- Up-to-date: /home/jetson/ros2_ws/install/ros_control_interfaces/include/ros_control_interfaces/ros_control_interfaces/msg/detail/joystick__rosidl_typesupport_introspection_c.h
-- Up-to-date: /home/jetson/ros2_ws/install/ros_control_interfaces/lib/libros_control_interfaces__rosidl_typesupport_introspection_c.so
-- Up-to-date: /home/jetson/ros2_ws/install/ros_control_interfaces/lib/libros_control_interfaces__rosidl_typesupport_c.so
-- Up-to-date: /home/jetson/ros2_ws/install/ros_control_interfaces/include/ros_control_interfaces/ros_control_interfaces
-- Up-to-date: /home/jetson/ros2_ws/install/ros_control_interfaces/include/ros_control_interfaces/ros_control_interfaces/msg
-- Up-to-date: /home/jetson/ros2_ws/install/ros_control_interfaces/include/ros_control_interfaces/ros_control_interfaces/msg/detail
-- Up-to-date: /home/jetson/ros2_ws/install/ros_control_interfaces/include/ros_control_interfaces/ros_control_interfaces/msg/detail/joystick__rosidl_typesupport_introspection_cpp.hpp
-- Up-to-date: /home/jetson/ros2_ws/install/ros_control_interfaces/include/ros_control_interfaces/ros_control_interfaces/msg/detail/joystick__type_support.cpp
-- Up-to-date: /home/jetson/ros2_ws/install/ros_control_interfaces/include/ros_control_interfaces/ros_control_interfaces/msg/detail/motor_command__rosidl_typesupport_introspection_cpp.hpp
-- Up-to-date: /home/jetson/ros2_ws/install/ros_control_interfaces/include/ros_control_interfaces/ros_control_interfaces/msg/detail/motor_command__type_support.cpp
-- Up-to-date: /home/jetson/ros2_ws/install/ros_control_interfaces/lib/libros_control_interfaces__rosidl_typesupport_introspection_cpp.so
-- Up-to-date: /home/jetson/ros2_ws/install/ros_control_interfaces/lib/libros_control_interfaces__rosidl_typesupport_cpp.so
-- Up-to-date: /home/jetson/ros2_ws/install/ros_control_interfaces/share/ros_control_interfaces/environment/pythonpath.sh
-- Up-to-date: /home/jetson/ros2_ws/install/ros_control_interfaces/share/ros_control_interfaces/environment/pythonpath.dsv
-- Up-to-date: /home/jetson/ros2_ws/install/ros_control_interfaces/local/lib/python3.10/dist-packages/ros_control_interfaces-0.0.0-py3.10.egg-info
-- Installing: /home/jetson/ros2_ws/install/ros_control_interfaces/local/lib/python3.10/dist-packages/ros_control_interfaces-0.0.0-py3.10.egg-info/SOURCES.txt
-- Installing: /home/jetson/ros2_ws/install/ros_control_interfaces/local/lib/python3.10/dist-packages/ros_control_interfaces-0.0.0-py3.10.egg-info/top_level.txt
-- Installing: /home/jetson/ros2_ws/install/ros_control_interfaces/local/lib/python3.10/dist-packages/ros_control_interfaces-0.0.0-py3.10.egg-info/dependency_links.txt
-- Installing: /home/jetson/ros2_ws/install/ros_control_interfaces/local/lib/python3.10/dist-packages/ros_control_interfaces-0.0.0-py3.10.egg-info/PKG-INFO
-- Up-to-date: /home/jetson/ros2_ws/install/ros_control_interfaces/local/lib/python3.10/dist-packages/ros_control_interfaces
-- Up-to-date: /home/jetson/ros2_ws/install/ros_control_interfaces/local/lib/python3.10/dist-packages/ros_control_interfaces/_ros_control_interfaces_s.ep.rosidl_typesupport_c.c
-- Up-to-date: /home/jetson/ros2_ws/install/ros_control_interfaces/local/lib/python3.10/dist-packages/ros_control_interfaces/msg
-- Up-to-date: /home/jetson/ros2_ws/install/ros_control_interfaces/local/lib/python3.10/dist-packages/ros_control_interfaces/msg/_motor_command_s.c
-- Up-to-date: /home/jetson/ros2_ws/install/ros_control_interfaces/local/lib/python3.10/dist-packages/ros_control_interfaces/msg/__init__.py
-- Up-to-date: /home/jetson/ros2_ws/install/ros_control_interfaces/local/lib/python3.10/dist-packages/ros_control_interfaces/msg/_joystick.py
-- Up-to-date: /home/jetson/ros2_ws/install/ros_control_interfaces/local/lib/python3.10/dist-packages/ros_control_interfaces/msg/_joystick_s.c
-- Up-to-date: /home/jetson/ros2_ws/install/ros_control_interfaces/local/lib/python3.10/dist-packages/ros_control_interfaces/msg/_motor_command.py
-- Up-to-date: /home/jetson/ros2_ws/install/ros_control_interfaces/local/lib/python3.10/dist-packages/ros_control_interfaces/ros_control_interfaces_s__rosidl_typesupport_fastrtps_c.cpython-310-aarch64-linux-gnu.so
-- Up-to-date: /home/jetson/ros2_ws/install/ros_control_interfaces/local/lib/python3.10/dist-packages/ros_control_interfaces/ros_control_interfaces_s__rosidl_typesupport_c.cpython-310-aarch64-linux-gnu.so
-- Up-to-date: /home/jetson/ros2_ws/install/ros_control_interfaces/local/lib/python3.10/dist-packages/ros_control_interfaces/libros_control_interfaces__rosidl_generator_py.so
-- Up-to-date: /home/jetson/ros2_ws/install/ros_control_interfaces/local/lib/python3.10/dist-packages/ros_control_interfaces/ros_control_interfaces_s__rosidl_typesupport_introspection_c.cpython-310-aarch64-linux-gnu.so
-- Up-to-date: /home/jetson/ros2_ws/install/ros_control_interfaces/local/lib/python3.10/dist-packages/ros_control_interfaces/__init__.py
-- Up-to-date: /home/jetson/ros2_ws/install/ros_control_interfaces/local/lib/python3.10/dist-packages/ros_control_interfaces/_ros_control_interfaces_s.ep.rosidl_typesupport_introspection_c.c
-- Up-to-date: /home/jetson/ros2_ws/install/ros_control_interfaces/local/lib/python3.10/dist-packages/ros_control_interfaces/_ros_control_interfaces_s.ep.rosidl_typesupport_fastrtps_c.c
Listing '/home/jetson/ros2_ws/install/ros_control_interfaces/local/lib/python3.10/dist-packages/ros_control_interfaces'...
Listing '/home/jetson/ros2_ws/install/ros_control_interfaces/local/lib/python3.10/dist-packages/ros_control_interfaces/msg'...
-- Up-to-date: /home/jetson/ros2_ws/install/ros_control_interfaces/local/lib/python3.10/dist-packages/ros_control_interfaces/ros_control_interfaces_s__rosidl_typesupport_fastrtps_c.cpython-310-aarch64-linux-gnu.so
-- Up-to-date: /home/jetson/ros2_ws/install/ros_control_interfaces/local/lib/python3.10/dist-packages/ros_control_interfaces/ros_control_interfaces_s__rosidl_typesupport_introspection_c.cpython-310-aarch64-linux-gnu.so
-- Up-to-date: /home/jetson/ros2_ws/install/ros_control_interfaces/local/lib/python3.10/dist-packages/ros_control_interfaces/ros_control_interfaces_s__rosidl_typesupport_c.cpython-310-aarch64-linux-gnu.so
-- Up-to-date: /home/jetson/ros2_ws/install/ros_control_interfaces/lib/libros_control_interfaces__rosidl_generator_py.so
-- Up-to-date: /home/jetson/ros2_ws/install/ros_control_interfaces/share/ros_control_interfaces/msg/Joystick.idl
-- Up-to-date: /home/jetson/ros2_ws/install/ros_control_interfaces/share/ros_control_interfaces/msg/MotorCommand.idl
-- Up-to-date: /home/jetson/ros2_ws/install/ros_control_interfaces/share/ros_control_interfaces/msg/Joystick.msg
-- Up-to-date: /home/jetson/ros2_ws/install/ros_control_interfaces/share/ros_control_interfaces/msg/MotorCommand.msg
-- Up-to-date: /home/jetson/ros2_ws/install/ros_control_interfaces/share/ament_index/resource_index/package_run_dependencies/ros_control_interfaces
-- Up-to-date: /home/jetson/ros2_ws/install/ros_control_interfaces/share/ament_index/resource_index/parent_prefix_path/ros_control_interfaces
-- Up-to-date: /home/jetson/ros2_ws/install/ros_control_interfaces/share/ros_control_interfaces/environment/ament_prefix_path.sh
-- Up-to-date: /home/jetson/ros2_ws/install/ros_control_interfaces/share/ros_control_interfaces/environment/ament_prefix_path.dsv
-- Up-to-date: /home/jetson/ros2_ws/install/ros_control_interfaces/share/ros_control_interfaces/environment/path.sh
-- Up-to-date: /home/jetson/ros2_ws/install/ros_control_interfaces/share/ros_control_interfaces/environment/path.dsv
-- Up-to-date: /home/jetson/ros2_ws/install/ros_control_interfaces/share/ros_control_interfaces/local_setup.bash
-- Up-to-date: /home/jetson/ros2_ws/install/ros_control_interfaces/share/ros_control_interfaces/local_setup.sh
-- Up-to-date: /home/jetson/ros2_ws/install/ros_control_interfaces/share/ros_control_interfaces/local_setup.zsh
-- Up-to-date: /home/jetson/ros2_ws/install/ros_control_interfaces/share/ros_control_interfaces/local_setup.dsv
-- Installing: /home/jetson/ros2_ws/install/ros_control_interfaces/share/ros_control_interfaces/package.dsv
-- Up-to-date: /home/jetson/ros2_ws/install/ros_control_interfaces/share/ament_index/resource_index/packages/ros_control_interfaces
-- Up-to-date: /home/jetson/ros2_ws/install/ros_control_interfaces/share/ros_control_interfaces/cmake/export_ros_control_interfaces__rosidl_generator_cExport.cmake
-- Up-to-date: /home/jetson/ros2_ws/install/ros_control_interfaces/share/ros_control_interfaces/cmake/export_ros_control_interfaces__rosidl_generator_cExport-noconfig.cmake
-- Up-to-date: /home/jetson/ros2_ws/install/ros_control_interfaces/share/ros_control_interfaces/cmake/export_ros_control_interfaces__rosidl_typesupport_fastrtps_cExport.cmake
-- Up-to-date: /home/jetson/ros2_ws/install/ros_control_interfaces/share/ros_control_interfaces/cmake/export_ros_control_interfaces__rosidl_typesupport_fastrtps_cExport-noconfig.cmake
-- Up-to-date: /home/jetson/ros2_ws/install/ros_control_interfaces/share/ros_control_interfaces/cmake/export_ros_control_interfaces__rosidl_generator_cppExport.cmake
-- Up-to-date: /home/jetson/ros2_ws/install/ros_control_interfaces/share/ros_control_interfaces/cmake/export_ros_control_interfaces__rosidl_typesupport_fastrtps_cppExport.cmake
-- Up-to-date: /home/jetson/ros2_ws/install/ros_control_interfaces/share/ros_control_interfaces/cmake/export_ros_control_interfaces__rosidl_typesupport_fastrtps_cppExport-noconfig.cmake
-- Up-to-date: /home/jetson/ros2_ws/install/ros_control_interfaces/share/ros_control_interfaces/cmake/ros_control_interfaces__rosidl_typesupport_introspection_cExport.cmake
-- Up-to-date: /home/jetson/ros2_ws/install/ros_control_interfaces/share/ros_control_interfaces/cmake/ros_control_interfaces__rosidl_typesupport_introspection_cExport-noconfig.cmake
-- Up-to-date: /home/jetson/ros2_ws/install/ros_control_interfaces/share/ros_control_interfaces/cmake/ros_control_interfaces__rosidl_typesupport_cExport.cmake
-- Up-to-date: /home/jetson/ros2_ws/install/ros_control_interfaces/share/ros_control_interfaces/cmake/ros_control_interfaces__rosidl_typesupport_cExport-noconfig.cmake
-- Up-to-date: /home/jetson/ros2_ws/install/ros_control_interfaces/share/ros_control_interfaces/cmake/ros_control_interfaces__rosidl_typesupport_introspection_cppExport.cmake
-- Up-to-date: /home/jetson/ros2_ws/install/ros_control_interfaces/share/ros_control_interfaces/cmake/ros_control_interfaces__rosidl_typesupport_introspection_cppExport-noconfig.cmake
-- Up-to-date: /home/jetson/ros2_ws/install/ros_control_interfaces/share/ros_control_interfaces/cmake/ros_control_interfaces__rosidl_typesupport_cppExport.cmake
-- Up-to-date: /home/jetson/ros2_ws/install/ros_control_interfaces/share/ros_control_interfaces/cmake/ros_control_interfaces__rosidl_typesupport_cppExport-noconfig.cmake
-- Up-to-date: /home/jetson/ros2_ws/install/ros_control_interfaces/share/ros_control_interfaces/cmake/export_ros_control_interfaces__rosidl_generator_pyExport.cmake
-- Up-to-date: /home/jetson/ros2_ws/install/ros_control_interfaces/share/ros_control_interfaces/cmake/export_ros_control_interfaces__rosidl_generator_pyExport-noconfig.cmake
-- Up-to-date: /home/jetson/ros2_ws/install/ros_control_interfaces/share/ros_control_interfaces/cmake/rosidl_cmake-extras.cmake
-- Up-to-date: /home/jetson/ros2_ws/install/ros_control_interfaces/share/ros_control_interfaces/cmake/ament_cmake_export_dependencies-extras.cmake
-- Up-to-date: /home/jetson/ros2_ws/install/ros_control_interfaces/share/ros_control_interfaces/cmake/ament_cmake_export_include_directories-extras.cmake
-- Up-to-date: /home/jetson/ros2_ws/install/ros_control_interfaces/share/ros_control_interfaces/cmake/ament_cmake_export_libraries-extras.cmake
-- Up-to-date: /home/jetson/ros2_ws/install/ros_control_interfaces/share/ros_control_interfaces/cmake/ament_cmake_export_targets-extras.cmake
-- Up-to-date: /home/jetson/ros2_ws/install/ros_control_interfaces/share/ros_control_interfaces/cmake/rosidl_cmake_export_typesupport_targets-extras.cmake
-- Up-to-date: /home/jetson/ros2_ws/install/ros_control_interfaces/share/ros_control_interfaces/cmake/rosidl_cmake_export_typesupport_libraries-extras.cmake
-- Up-to-date: /home/jetson/ros2_ws/install/ros_control_interfaces/share/ros_control_interfaces/cmake/ros_control_interfacesConfig.cmake
-- Up-to-date: /home/jetson/ros2_ws/install/ros_control_interfaces/share/ros_control_interfaces/cmake/ros_control_interfacesConfig-version.cmake
-- Up-to-date: /home/jetson/ros2_ws/install/ros_control_interfaces/share/ros_control_interfaces/package.xml
