[0.036s] Invoking command in '/home/jetson/ros2_ws/build/ros_control_interfaces': CMAKE_PREFIX_PATH=${CMAKE_PREFIX_PATH}:/home/jetson/ros2_ws/install/ros_control:/opt/ros/humble /usr/bin/cmake --build /home/jetson/ros2_ws/build/ros_control_interfaces -- -j4 -l4
[0.159s] [ 10%] Built target ros_control_interfaces__rosidl_generator_c
[0.163s] [ 12%] Built target ros_control_interfaces__cpp
[0.185s] [ 12%] Built target ament_cmake_python_copy_ros_control_interfaces
[0.224s] [ 33%] Built target ros_control_interfaces__rosidl_typesupport_c
[0.224s] [ 33%] Built target ros_control_interfaces__rosidl_typesupport_fastrtps_c
[0.226s] [ 43%] Built target ros_control_interfaces__rosidl_typesupport_introspection_c
[0.232s] [ 53%] Built target ros_control_interfaces__rosidl_typesupport_introspection_cpp
[0.281s] [ 64%] Built target ros_control_interfaces__rosidl_typesupport_cpp
[0.281s] [ 74%] Built target ros_control_interfaces__rosidl_typesupport_fastrtps_cpp
[0.325s] [ 74%] Built target ros_control_interfaces
[0.367s] [ 76%] Built target ros_control_interfaces__py
[0.412s] [ 84%] Built target ros_control_interfaces__rosidl_generator_py
[0.462s] [ 89%] Built target ros_control_interfaces__rosidl_typesupport_introspection_c__pyext
[0.466s] [ 97%] Built target ros_control_interfaces__rosidl_typesupport_fastrtps_c__pyext
[0.467s] [100%] Built target ros_control_interfaces__rosidl_typesupport_c__pyext
[0.804s] running egg_info
[0.805s] writing ros_control_interfaces.egg-info/PKG-INFO
[0.806s] writing dependency_links to ros_control_interfaces.egg-info/dependency_links.txt
[0.806s] writing top-level names to ros_control_interfaces.egg-info/top_level.txt
[0.811s] reading manifest file 'ros_control_interfaces.egg-info/SOURCES.txt'
[0.813s] writing manifest file 'ros_control_interfaces.egg-info/SOURCES.txt'
[0.890s] [100%] Built target ament_cmake_python_build_ros_control_interfaces_egg
[0.916s] Invoked command in '/home/jetson/ros2_ws/build/ros_control_interfaces' returned '0': CMAKE_PREFIX_PATH=${CMAKE_PREFIX_PATH}:/home/jetson/ros2_ws/install/ros_control:/opt/ros/humble /usr/bin/cmake --build /home/jetson/ros2_ws/build/ros_control_interfaces -- -j4 -l4
[0.946s] Invoking command in '/home/jetson/ros2_ws/build/ros_control_interfaces': CMAKE_PREFIX_PATH=${CMAKE_PREFIX_PATH}:/home/jetson/ros2_ws/install/ros_control:/opt/ros/humble /usr/bin/cmake --install /home/jetson/ros2_ws/build/ros_control_interfaces
[0.961s] -- Install configuration: ""
[0.961s] -- Up-to-date: /home/jetson/ros2_ws/install/ros_control_interfaces/share/ament_index/resource_index/rosidl_interfaces/ros_control_interfaces
[0.962s] -- Up-to-date: /home/jetson/ros2_ws/install/ros_control_interfaces/include/ros_control_interfaces/ros_control_interfaces
[0.962s] -- Up-to-date: /home/jetson/ros2_ws/install/ros_control_interfaces/include/ros_control_interfaces/ros_control_interfaces/msg
[0.962s] -- Up-to-date: /home/jetson/ros2_ws/install/ros_control_interfaces/include/ros_control_interfaces/ros_control_interfaces/msg/motor_command.h
[0.962s] -- Up-to-date: /home/jetson/ros2_ws/install/ros_control_interfaces/include/ros_control_interfaces/ros_control_interfaces/msg/joystick.h
[0.962s] -- Up-to-date: /home/jetson/ros2_ws/install/ros_control_interfaces/include/ros_control_interfaces/ros_control_interfaces/msg/detail
[0.963s] -- Up-to-date: /home/jetson/ros2_ws/install/ros_control_interfaces/include/ros_control_interfaces/ros_control_interfaces/msg/detail/joystick__functions.h
[0.963s] -- Up-to-date: /home/jetson/ros2_ws/install/ros_control_interfaces/include/ros_control_interfaces/ros_control_interfaces/msg/detail/joystick__functions.c
[0.963s] -- Up-to-date: /home/jetson/ros2_ws/install/ros_control_interfaces/include/ros_control_interfaces/ros_control_interfaces/msg/detail/joystick__type_support.h
[0.963s] -- Up-to-date: /home/jetson/ros2_ws/install/ros_control_interfaces/include/ros_control_interfaces/ros_control_interfaces/msg/detail/motor_command__type_support.h
[0.963s] -- Up-to-date: /home/jetson/ros2_ws/install/ros_control_interfaces/include/ros_control_interfaces/ros_control_interfaces/msg/detail/motor_command__functions.h
[0.964s] -- Up-to-date: /home/jetson/ros2_ws/install/ros_control_interfaces/include/ros_control_interfaces/ros_control_interfaces/msg/detail/motor_command__struct.h
[0.964s] -- Up-to-date: /home/jetson/ros2_ws/install/ros_control_interfaces/include/ros_control_interfaces/ros_control_interfaces/msg/detail/motor_command__functions.c
[0.964s] -- Up-to-date: /home/jetson/ros2_ws/install/ros_control_interfaces/include/ros_control_interfaces/ros_control_interfaces/msg/detail/joystick__struct.h
[0.964s] -- Up-to-date: /home/jetson/ros2_ws/install/ros_control_interfaces/include/ros_control_interfaces/ros_control_interfaces/msg/rosidl_generator_c__visibility_control.h
[0.965s] -- Up-to-date: /home/jetson/ros2_ws/install/ros_control_interfaces/share/ros_control_interfaces/environment/library_path.sh
[0.965s] -- Up-to-date: /home/jetson/ros2_ws/install/ros_control_interfaces/share/ros_control_interfaces/environment/library_path.dsv
[0.965s] -- Up-to-date: /home/jetson/ros2_ws/install/ros_control_interfaces/lib/libros_control_interfaces__rosidl_generator_c.so
[0.965s] -- Up-to-date: /home/jetson/ros2_ws/install/ros_control_interfaces/include/ros_control_interfaces/ros_control_interfaces
[0.965s] -- Up-to-date: /home/jetson/ros2_ws/install/ros_control_interfaces/include/ros_control_interfaces/ros_control_interfaces/msg
[0.966s] -- Up-to-date: /home/jetson/ros2_ws/install/ros_control_interfaces/include/ros_control_interfaces/ros_control_interfaces/msg/detail
[0.966s] -- Up-to-date: /home/jetson/ros2_ws/install/ros_control_interfaces/include/ros_control_interfaces/ros_control_interfaces/msg/detail/joystick__rosidl_typesupport_fastrtps_c.h
[0.966s] -- Up-to-date: /home/jetson/ros2_ws/install/ros_control_interfaces/include/ros_control_interfaces/ros_control_interfaces/msg/detail/motor_command__rosidl_typesupport_fastrtps_c.h
[0.966s] -- Up-to-date: /home/jetson/ros2_ws/install/ros_control_interfaces/include/ros_control_interfaces/ros_control_interfaces/msg/rosidl_typesupport_fastrtps_c__visibility_control.h
[0.966s] -- Up-to-date: /home/jetson/ros2_ws/install/ros_control_interfaces/lib/libros_control_interfaces__rosidl_typesupport_fastrtps_c.so
[0.966s] -- Up-to-date: /home/jetson/ros2_ws/install/ros_control_interfaces/include/ros_control_interfaces/ros_control_interfaces
[0.967s] -- Up-to-date: /home/jetson/ros2_ws/install/ros_control_interfaces/include/ros_control_interfaces/ros_control_interfaces/msg
[0.967s] -- Up-to-date: /home/jetson/ros2_ws/install/ros_control_interfaces/include/ros_control_interfaces/ros_control_interfaces/msg/rosidl_generator_cpp__visibility_control.hpp
[0.967s] -- Up-to-date: /home/jetson/ros2_ws/install/ros_control_interfaces/include/ros_control_interfaces/ros_control_interfaces/msg/motor_command.hpp
[0.967s] -- Up-to-date: /home/jetson/ros2_ws/install/ros_control_interfaces/include/ros_control_interfaces/ros_control_interfaces/msg/joystick.hpp
[0.967s] -- Up-to-date: /home/jetson/ros2_ws/install/ros_control_interfaces/include/ros_control_interfaces/ros_control_interfaces/msg/detail
[0.968s] -- Up-to-date: /home/jetson/ros2_ws/install/ros_control_interfaces/include/ros_control_interfaces/ros_control_interfaces/msg/detail/joystick__builder.hpp
[0.968s] -- Up-to-date: /home/jetson/ros2_ws/install/ros_control_interfaces/include/ros_control_interfaces/ros_control_interfaces/msg/detail/joystick__struct.hpp
[0.968s] -- Up-to-date: /home/jetson/ros2_ws/install/ros_control_interfaces/include/ros_control_interfaces/ros_control_interfaces/msg/detail/joystick__type_support.hpp
[0.968s] -- Up-to-date: /home/jetson/ros2_ws/install/ros_control_interfaces/include/ros_control_interfaces/ros_control_interfaces/msg/detail/motor_command__struct.hpp
[0.968s] -- Up-to-date: /home/jetson/ros2_ws/install/ros_control_interfaces/include/ros_control_interfaces/ros_control_interfaces/msg/detail/motor_command__type_support.hpp
[0.968s] -- Up-to-date: /home/jetson/ros2_ws/install/ros_control_interfaces/include/ros_control_interfaces/ros_control_interfaces/msg/detail/motor_command__traits.hpp
[0.969s] -- Up-to-date: /home/jetson/ros2_ws/install/ros_control_interfaces/include/ros_control_interfaces/ros_control_interfaces/msg/detail/motor_command__builder.hpp
[0.969s] -- Up-to-date: /home/jetson/ros2_ws/install/ros_control_interfaces/include/ros_control_interfaces/ros_control_interfaces/msg/detail/joystick__traits.hpp
[0.969s] -- Up-to-date: /home/jetson/ros2_ws/install/ros_control_interfaces/include/ros_control_interfaces/ros_control_interfaces
[0.969s] -- Up-to-date: /home/jetson/ros2_ws/install/ros_control_interfaces/include/ros_control_interfaces/ros_control_interfaces/msg
[0.969s] -- Up-to-date: /home/jetson/ros2_ws/install/ros_control_interfaces/include/ros_control_interfaces/ros_control_interfaces/msg/rosidl_typesupport_fastrtps_cpp__visibility_control.h
[0.969s] -- Up-to-date: /home/jetson/ros2_ws/install/ros_control_interfaces/include/ros_control_interfaces/ros_control_interfaces/msg/detail
[0.970s] -- Up-to-date: /home/jetson/ros2_ws/install/ros_control_interfaces/include/ros_control_interfaces/ros_control_interfaces/msg/detail/motor_command__rosidl_typesupport_fastrtps_cpp.hpp
[0.970s] -- Up-to-date: /home/jetson/ros2_ws/install/ros_control_interfaces/include/ros_control_interfaces/ros_control_interfaces/msg/detail/joystick__rosidl_typesupport_fastrtps_cpp.hpp
[0.970s] -- Up-to-date: /home/jetson/ros2_ws/install/ros_control_interfaces/include/ros_control_interfaces/ros_control_interfaces/msg/detail/dds_fastrtps
[0.970s] -- Up-to-date: /home/jetson/ros2_ws/install/ros_control_interfaces/lib/libros_control_interfaces__rosidl_typesupport_fastrtps_cpp.so
[0.970s] -- Up-to-date: /home/jetson/ros2_ws/install/ros_control_interfaces/include/ros_control_interfaces/ros_control_interfaces
[0.970s] -- Up-to-date: /home/jetson/ros2_ws/install/ros_control_interfaces/include/ros_control_interfaces/ros_control_interfaces/msg
[0.970s] -- Up-to-date: /home/jetson/ros2_ws/install/ros_control_interfaces/include/ros_control_interfaces/ros_control_interfaces/msg/rosidl_typesupport_introspection_c__visibility_control.h
[0.971s] -- Up-to-date: /home/jetson/ros2_ws/install/ros_control_interfaces/include/ros_control_interfaces/ros_control_interfaces/msg/detail
[0.971s] -- Up-to-date: /home/jetson/ros2_ws/install/ros_control_interfaces/include/ros_control_interfaces/ros_control_interfaces/msg/detail/joystick__type_support.c
[0.971s] -- Up-to-date: /home/jetson/ros2_ws/install/ros_control_interfaces/include/ros_control_interfaces/ros_control_interfaces/msg/detail/motor_command__rosidl_typesupport_introspection_c.h
[0.971s] -- Up-to-date: /home/jetson/ros2_ws/install/ros_control_interfaces/include/ros_control_interfaces/ros_control_interfaces/msg/detail/motor_command__type_support.c
[0.971s] -- Up-to-date: /home/jetson/ros2_ws/install/ros_control_interfaces/include/ros_control_interfaces/ros_control_interfaces/msg/detail/joystick__rosidl_typesupport_introspection_c.h
[0.972s] -- Up-to-date: /home/jetson/ros2_ws/install/ros_control_interfaces/lib/libros_control_interfaces__rosidl_typesupport_introspection_c.so
[0.972s] -- Up-to-date: /home/jetson/ros2_ws/install/ros_control_interfaces/lib/libros_control_interfaces__rosidl_typesupport_c.so
[0.972s] -- Up-to-date: /home/jetson/ros2_ws/install/ros_control_interfaces/include/ros_control_interfaces/ros_control_interfaces
[0.972s] -- Up-to-date: /home/jetson/ros2_ws/install/ros_control_interfaces/include/ros_control_interfaces/ros_control_interfaces/msg
[0.972s] -- Up-to-date: /home/jetson/ros2_ws/install/ros_control_interfaces/include/ros_control_interfaces/ros_control_interfaces/msg/detail
[0.972s] -- Up-to-date: /home/jetson/ros2_ws/install/ros_control_interfaces/include/ros_control_interfaces/ros_control_interfaces/msg/detail/joystick__rosidl_typesupport_introspection_cpp.hpp
[0.972s] -- Up-to-date: /home/jetson/ros2_ws/install/ros_control_interfaces/include/ros_control_interfaces/ros_control_interfaces/msg/detail/joystick__type_support.cpp
[0.973s] -- Up-to-date: /home/jetson/ros2_ws/install/ros_control_interfaces/include/ros_control_interfaces/ros_control_interfaces/msg/detail/motor_command__rosidl_typesupport_introspection_cpp.hpp
[0.973s] -- Up-to-date: /home/jetson/ros2_ws/install/ros_control_interfaces/include/ros_control_interfaces/ros_control_interfaces/msg/detail/motor_command__type_support.cpp
[0.973s] -- Up-to-date: /home/jetson/ros2_ws/install/ros_control_interfaces/lib/libros_control_interfaces__rosidl_typesupport_introspection_cpp.so
[0.973s] -- Up-to-date: /home/jetson/ros2_ws/install/ros_control_interfaces/lib/libros_control_interfaces__rosidl_typesupport_cpp.so
[0.973s] -- Up-to-date: /home/jetson/ros2_ws/install/ros_control_interfaces/share/ros_control_interfaces/environment/pythonpath.sh
[0.973s] -- Up-to-date: /home/jetson/ros2_ws/install/ros_control_interfaces/share/ros_control_interfaces/environment/pythonpath.dsv
[0.973s] -- Up-to-date: /home/jetson/ros2_ws/install/ros_control_interfaces/local/lib/python3.10/dist-packages/ros_control_interfaces-0.0.0-py3.10.egg-info
[0.974s] -- Installing: /home/jetson/ros2_ws/install/ros_control_interfaces/local/lib/python3.10/dist-packages/ros_control_interfaces-0.0.0-py3.10.egg-info/SOURCES.txt
[0.974s] -- Installing: /home/jetson/ros2_ws/install/ros_control_interfaces/local/lib/python3.10/dist-packages/ros_control_interfaces-0.0.0-py3.10.egg-info/top_level.txt
[0.974s] -- Installing: /home/jetson/ros2_ws/install/ros_control_interfaces/local/lib/python3.10/dist-packages/ros_control_interfaces-0.0.0-py3.10.egg-info/dependency_links.txt
[0.974s] -- Installing: /home/jetson/ros2_ws/install/ros_control_interfaces/local/lib/python3.10/dist-packages/ros_control_interfaces-0.0.0-py3.10.egg-info/PKG-INFO
[0.974s] -- Up-to-date: /home/jetson/ros2_ws/install/ros_control_interfaces/local/lib/python3.10/dist-packages/ros_control_interfaces
[0.974s] -- Up-to-date: /home/jetson/ros2_ws/install/ros_control_interfaces/local/lib/python3.10/dist-packages/ros_control_interfaces/_ros_control_interfaces_s.ep.rosidl_typesupport_c.c
[0.974s] -- Up-to-date: /home/jetson/ros2_ws/install/ros_control_interfaces/local/lib/python3.10/dist-packages/ros_control_interfaces/msg
[0.975s] -- Up-to-date: /home/jetson/ros2_ws/install/ros_control_interfaces/local/lib/python3.10/dist-packages/ros_control_interfaces/msg/_motor_command_s.c
[0.975s] -- Up-to-date: /home/jetson/ros2_ws/install/ros_control_interfaces/local/lib/python3.10/dist-packages/ros_control_interfaces/msg/__init__.py
[0.975s] -- Up-to-date: /home/jetson/ros2_ws/install/ros_control_interfaces/local/lib/python3.10/dist-packages/ros_control_interfaces/msg/_joystick.py
[0.975s] -- Up-to-date: /home/jetson/ros2_ws/install/ros_control_interfaces/local/lib/python3.10/dist-packages/ros_control_interfaces/msg/_joystick_s.c
[0.975s] -- Up-to-date: /home/jetson/ros2_ws/install/ros_control_interfaces/local/lib/python3.10/dist-packages/ros_control_interfaces/msg/_motor_command.py
[0.975s] -- Up-to-date: /home/jetson/ros2_ws/install/ros_control_interfaces/local/lib/python3.10/dist-packages/ros_control_interfaces/ros_control_interfaces_s__rosidl_typesupport_fastrtps_c.cpython-310-aarch64-linux-gnu.so
[0.975s] -- Up-to-date: /home/jetson/ros2_ws/install/ros_control_interfaces/local/lib/python3.10/dist-packages/ros_control_interfaces/ros_control_interfaces_s__rosidl_typesupport_c.cpython-310-aarch64-linux-gnu.so
[0.976s] -- Up-to-date: /home/jetson/ros2_ws/install/ros_control_interfaces/local/lib/python3.10/dist-packages/ros_control_interfaces/libros_control_interfaces__rosidl_generator_py.so
[0.976s] -- Up-to-date: /home/jetson/ros2_ws/install/ros_control_interfaces/local/lib/python3.10/dist-packages/ros_control_interfaces/ros_control_interfaces_s__rosidl_typesupport_introspection_c.cpython-310-aarch64-linux-gnu.so
[0.976s] -- Up-to-date: /home/jetson/ros2_ws/install/ros_control_interfaces/local/lib/python3.10/dist-packages/ros_control_interfaces/__init__.py
[0.976s] -- Up-to-date: /home/jetson/ros2_ws/install/ros_control_interfaces/local/lib/python3.10/dist-packages/ros_control_interfaces/_ros_control_interfaces_s.ep.rosidl_typesupport_introspection_c.c
[0.976s] -- Up-to-date: /home/jetson/ros2_ws/install/ros_control_interfaces/local/lib/python3.10/dist-packages/ros_control_interfaces/_ros_control_interfaces_s.ep.rosidl_typesupport_fastrtps_c.c
[1.045s] Listing '/home/jetson/ros2_ws/install/ros_control_interfaces/local/lib/python3.10/dist-packages/ros_control_interfaces'...
[1.047s] Listing '/home/jetson/ros2_ws/install/ros_control_interfaces/local/lib/python3.10/dist-packages/ros_control_interfaces/msg'...
[1.059s] -- Up-to-date: /home/jetson/ros2_ws/install/ros_control_interfaces/local/lib/python3.10/dist-packages/ros_control_interfaces/ros_control_interfaces_s__rosidl_typesupport_fastrtps_c.cpython-310-aarch64-linux-gnu.so
[1.060s] -- Up-to-date: /home/jetson/ros2_ws/install/ros_control_interfaces/local/lib/python3.10/dist-packages/ros_control_interfaces/ros_control_interfaces_s__rosidl_typesupport_introspection_c.cpython-310-aarch64-linux-gnu.so
[1.064s] -- Up-to-date: /home/jetson/ros2_ws/install/ros_control_interfaces/local/lib/python3.10/dist-packages/ros_control_interfaces/ros_control_interfaces_s__rosidl_typesupport_c.cpython-310-aarch64-linux-gnu.so
[1.065s] -- Up-to-date: /home/jetson/ros2_ws/install/ros_control_interfaces/lib/libros_control_interfaces__rosidl_generator_py.so
[1.065s] -- Up-to-date: /home/jetson/ros2_ws/install/ros_control_interfaces/share/ros_control_interfaces/msg/Joystick.idl
[1.066s] -- Up-to-date: /home/jetson/ros2_ws/install/ros_control_interfaces/share/ros_control_interfaces/msg/MotorCommand.idl
[1.066s] -- Up-to-date: /home/jetson/ros2_ws/install/ros_control_interfaces/share/ros_control_interfaces/msg/Joystick.msg
[1.066s] -- Up-to-date: /home/jetson/ros2_ws/install/ros_control_interfaces/share/ros_control_interfaces/msg/MotorCommand.msg
[1.066s] -- Up-to-date: /home/jetson/ros2_ws/install/ros_control_interfaces/share/ament_index/resource_index/package_run_dependencies/ros_control_interfaces
[1.066s] -- Up-to-date: /home/jetson/ros2_ws/install/ros_control_interfaces/share/ament_index/resource_index/parent_prefix_path/ros_control_interfaces
[1.067s] -- Up-to-date: /home/jetson/ros2_ws/install/ros_control_interfaces/share/ros_control_interfaces/environment/ament_prefix_path.sh
[1.067s] -- Up-to-date: /home/jetson/ros2_ws/install/ros_control_interfaces/share/ros_control_interfaces/environment/ament_prefix_path.dsv
[1.067s] -- Up-to-date: /home/jetson/ros2_ws/install/ros_control_interfaces/share/ros_control_interfaces/environment/path.sh
[1.067s] -- Up-to-date: /home/jetson/ros2_ws/install/ros_control_interfaces/share/ros_control_interfaces/environment/path.dsv
[1.068s] -- Up-to-date: /home/jetson/ros2_ws/install/ros_control_interfaces/share/ros_control_interfaces/local_setup.bash
[1.068s] -- Up-to-date: /home/jetson/ros2_ws/install/ros_control_interfaces/share/ros_control_interfaces/local_setup.sh
[1.071s] -- Up-to-date: /home/jetson/ros2_ws/install/ros_control_interfaces/share/ros_control_interfaces/local_setup.zsh
[1.071s] -- Up-to-date: /home/jetson/ros2_ws/install/ros_control_interfaces/share/ros_control_interfaces/local_setup.dsv
[1.072s] -- Installing: /home/jetson/ros2_ws/install/ros_control_interfaces/share/ros_control_interfaces/package.dsv
[1.073s] -- Up-to-date: /home/jetson/ros2_ws/install/ros_control_interfaces/share/ament_index/resource_index/packages/ros_control_interfaces
[1.073s] -- Up-to-date: /home/jetson/ros2_ws/install/ros_control_interfaces/share/ros_control_interfaces/cmake/export_ros_control_interfaces__rosidl_generator_cExport.cmake
[1.074s] -- Up-to-date: /home/jetson/ros2_ws/install/ros_control_interfaces/share/ros_control_interfaces/cmake/export_ros_control_interfaces__rosidl_generator_cExport-noconfig.cmake
[1.075s] -- Up-to-date: /home/jetson/ros2_ws/install/ros_control_interfaces/share/ros_control_interfaces/cmake/export_ros_control_interfaces__rosidl_typesupport_fastrtps_cExport.cmake
[1.075s] -- Up-to-date: /home/jetson/ros2_ws/install/ros_control_interfaces/share/ros_control_interfaces/cmake/export_ros_control_interfaces__rosidl_typesupport_fastrtps_cExport-noconfig.cmake
[1.075s] -- Up-to-date: /home/jetson/ros2_ws/install/ros_control_interfaces/share/ros_control_interfaces/cmake/export_ros_control_interfaces__rosidl_generator_cppExport.cmake
[1.076s] -- Up-to-date: /home/jetson/ros2_ws/install/ros_control_interfaces/share/ros_control_interfaces/cmake/export_ros_control_interfaces__rosidl_typesupport_fastrtps_cppExport.cmake
[1.077s] -- Up-to-date: /home/jetson/ros2_ws/install/ros_control_interfaces/share/ros_control_interfaces/cmake/export_ros_control_interfaces__rosidl_typesupport_fastrtps_cppExport-noconfig.cmake
[1.077s] -- Up-to-date: /home/jetson/ros2_ws/install/ros_control_interfaces/share/ros_control_interfaces/cmake/ros_control_interfaces__rosidl_typesupport_introspection_cExport.cmake
[1.077s] -- Up-to-date: /home/jetson/ros2_ws/install/ros_control_interfaces/share/ros_control_interfaces/cmake/ros_control_interfaces__rosidl_typesupport_introspection_cExport-noconfig.cmake
[1.078s] -- Up-to-date: /home/jetson/ros2_ws/install/ros_control_interfaces/share/ros_control_interfaces/cmake/ros_control_interfaces__rosidl_typesupport_cExport.cmake
[1.078s] -- Up-to-date: /home/jetson/ros2_ws/install/ros_control_interfaces/share/ros_control_interfaces/cmake/ros_control_interfaces__rosidl_typesupport_cExport-noconfig.cmake
[1.079s] -- Up-to-date: /home/jetson/ros2_ws/install/ros_control_interfaces/share/ros_control_interfaces/cmake/ros_control_interfaces__rosidl_typesupport_introspection_cppExport.cmake
[1.081s] -- Up-to-date: /home/jetson/ros2_ws/install/ros_control_interfaces/share/ros_control_interfaces/cmake/ros_control_interfaces__rosidl_typesupport_introspection_cppExport-noconfig.cmake
[1.081s] -- Up-to-date: /home/jetson/ros2_ws/install/ros_control_interfaces/share/ros_control_interfaces/cmake/ros_control_interfaces__rosidl_typesupport_cppExport.cmake
[1.081s] -- Up-to-date: /home/jetson/ros2_ws/install/ros_control_interfaces/share/ros_control_interfaces/cmake/ros_control_interfaces__rosidl_typesupport_cppExport-noconfig.cmake
[1.092s] -- Up-to-date: /home/jetson/ros2_ws/install/ros_control_interfaces/share/ros_control_interfaces/cmake/export_ros_control_interfaces__rosidl_generator_pyExport.cmake
[1.093s] -- Up-to-date: /home/jetson/ros2_ws/install/ros_control_interfaces/share/ros_control_interfaces/cmake/export_ros_control_interfaces__rosidl_generator_pyExport-noconfig.cmake
[1.093s] -- Up-to-date: /home/jetson/ros2_ws/install/ros_control_interfaces/share/ros_control_interfaces/cmake/rosidl_cmake-extras.cmake
[1.093s] -- Up-to-date: /home/jetson/ros2_ws/install/ros_control_interfaces/share/ros_control_interfaces/cmake/ament_cmake_export_dependencies-extras.cmake
[1.093s] -- Up-to-date: /home/jetson/ros2_ws/install/ros_control_interfaces/share/ros_control_interfaces/cmake/ament_cmake_export_include_directories-extras.cmake
[1.093s] -- Up-to-date: /home/jetson/ros2_ws/install/ros_control_interfaces/share/ros_control_interfaces/cmake/ament_cmake_export_libraries-extras.cmake
[1.094s] -- Up-to-date: /home/jetson/ros2_ws/install/ros_control_interfaces/share/ros_control_interfaces/cmake/ament_cmake_export_targets-extras.cmake
[1.094s] -- Up-to-date: /home/jetson/ros2_ws/install/ros_control_interfaces/share/ros_control_interfaces/cmake/rosidl_cmake_export_typesupport_targets-extras.cmake
[1.094s] -- Up-to-date: /home/jetson/ros2_ws/install/ros_control_interfaces/share/ros_control_interfaces/cmake/rosidl_cmake_export_typesupport_libraries-extras.cmake
[1.094s] -- Up-to-date: /home/jetson/ros2_ws/install/ros_control_interfaces/share/ros_control_interfaces/cmake/ros_control_interfacesConfig.cmake
[1.094s] -- Up-to-date: /home/jetson/ros2_ws/install/ros_control_interfaces/share/ros_control_interfaces/cmake/ros_control_interfacesConfig-version.cmake
[1.095s] -- Up-to-date: /home/jetson/ros2_ws/install/ros_control_interfaces/share/ros_control_interfaces/package.xml
[1.095s] Invoked command in '/home/jetson/ros2_ws/build/ros_control_interfaces' returned '0': CMAKE_PREFIX_PATH=${CMAKE_PREFIX_PATH}:/home/jetson/ros2_ws/install/ros_control:/opt/ros/humble /usr/bin/cmake --install /home/jetson/ros2_ws/build/ros_control_interfaces
