[0.253s] DEBUG:colcon:Command line arguments: ['/usr/bin/colcon', 'build']
[0.254s] DEBUG:colcon:Parsed command line arguments: Namespace(log_base=None, log_level=None, verb_name='build', build_base='build', install_base='install', merge_install=False, symlink_install=False, test_result_base=None, continue_on_error=False, executor='parallel', parallel_workers=4, event_handlers=None, ignore_user_meta=False, metas=['./colcon.meta'], base_paths=['.'], packages_ignore=None, packages_ignore_regex=None, paths=None, packages_up_to=None, packages_up_to_regex=None, packages_above=None, packages_above_and_dependencies=None, packages_above_depth=None, packages_select_by_dep=None, packages_skip_by_dep=None, packages_skip_up_to=None, packages_select_build_failed=False, packages_skip_build_finished=False, packages_select_test_failures=False, packages_skip_test_passed=False, packages_select=None, packages_skip=None, packages_select_regex=None, packages_skip_regex=None, packages_start=None, packages_end=None, allow_overriding=[], cmake_args=None, cmake_target=None, cmake_target_skip_unavailable=False, cmake_clean_cache=False, cmake_clean_first=False, cmake_force_configure=False, ament_cmake_args=None, catkin_cmake_args=None, catkin_skip_building_tests=False, verb_parser=<colcon_defaults.argument_parser.defaults.DefaultArgumentsDecorator object at 0xffff8d0f45e0>, verb_extension=<colcon_core.verb.build.BuildVerb object at 0xffff8d0c3a00>, main=<bound method BuildVerb.main of <colcon_core.verb.build.BuildVerb object at 0xffff8d0c3a00>>)
[0.648s] Level 1:colcon.colcon_core.package_discovery:discover_packages(colcon_meta) check parameters
[0.648s] Level 1:colcon.colcon_core.package_discovery:discover_packages(recursive) check parameters
[0.648s] Level 1:colcon.colcon_core.package_discovery:discover_packages(ignore) check parameters
[0.648s] Level 1:colcon.colcon_core.package_discovery:discover_packages(path) check parameters
[0.648s] Level 1:colcon.colcon_core.package_discovery:discover_packages(colcon_meta) discover
[0.649s] Level 1:colcon.colcon_core.package_discovery:discover_packages(recursive) discover
[0.649s] INFO:colcon.colcon_core.package_discovery:Crawling recursively for packages in '/home/jetson/ros2_ws'
[0.649s] Level 1:colcon.colcon_core.package_identification:_identify(.) by extensions ['ignore', 'ignore_ament_install']
[0.649s] Level 1:colcon.colcon_core.package_identification:_identify(.) by extension 'ignore'
[0.649s] Level 1:colcon.colcon_core.package_identification:_identify(.) by extension 'ignore_ament_install'
[0.650s] Level 1:colcon.colcon_core.package_identification:_identify(.) by extensions ['colcon_pkg']
[0.650s] Level 1:colcon.colcon_core.package_identification:_identify(.) by extension 'colcon_pkg'
[0.650s] Level 1:colcon.colcon_core.package_identification:_identify(.) by extensions ['colcon_meta']
[0.650s] Level 1:colcon.colcon_core.package_identification:_identify(.) by extension 'colcon_meta'
[0.650s] Level 1:colcon.colcon_core.package_identification:_identify(.) by extensions ['ros']
[0.650s] Level 1:colcon.colcon_core.package_identification:_identify(.) by extension 'ros'
[0.678s] Level 1:colcon.colcon_core.package_identification:_identify(.) by extensions ['cmake', 'python']
[0.678s] Level 1:colcon.colcon_core.package_identification:_identify(.) by extension 'cmake'
[0.679s] Level 1:colcon.colcon_core.package_identification:_identify(.) by extension 'python'
[0.679s] Level 1:colcon.colcon_core.package_identification:_identify(.) by extensions ['python_setup_py']
[0.679s] Level 1:colcon.colcon_core.package_identification:_identify(.) by extension 'python_setup_py'
[0.679s] Level 1:colcon.colcon_core.package_identification:_identify(build) by extensions ['ignore', 'ignore_ament_install']
[0.679s] Level 1:colcon.colcon_core.package_identification:_identify(build) by extension 'ignore'
[0.680s] Level 1:colcon.colcon_core.package_identification:_identify(build) ignored
[0.680s] Level 1:colcon.colcon_core.package_identification:_identify(install) by extensions ['ignore', 'ignore_ament_install']
[0.680s] Level 1:colcon.colcon_core.package_identification:_identify(install) by extension 'ignore'
[0.680s] Level 1:colcon.colcon_core.package_identification:_identify(install) ignored
[0.680s] Level 1:colcon.colcon_core.package_identification:_identify(log) by extensions ['ignore', 'ignore_ament_install']
[0.681s] Level 1:colcon.colcon_core.package_identification:_identify(log) by extension 'ignore'
[0.681s] Level 1:colcon.colcon_core.package_identification:_identify(log) ignored
[0.681s] Level 1:colcon.colcon_core.package_identification:_identify(src) by extensions ['ignore', 'ignore_ament_install']
[0.681s] Level 1:colcon.colcon_core.package_identification:_identify(src) by extension 'ignore'
[0.681s] Level 1:colcon.colcon_core.package_identification:_identify(src) by extension 'ignore_ament_install'
[0.681s] Level 1:colcon.colcon_core.package_identification:_identify(src) by extensions ['colcon_pkg']
[0.681s] Level 1:colcon.colcon_core.package_identification:_identify(src) by extension 'colcon_pkg'
[0.682s] Level 1:colcon.colcon_core.package_identification:_identify(src) by extensions ['colcon_meta']
[0.682s] Level 1:colcon.colcon_core.package_identification:_identify(src) by extension 'colcon_meta'
[0.682s] Level 1:colcon.colcon_core.package_identification:_identify(src) by extensions ['ros']
[0.682s] Level 1:colcon.colcon_core.package_identification:_identify(src) by extension 'ros'
[0.682s] Level 1:colcon.colcon_core.package_identification:_identify(src) by extensions ['cmake', 'python']
[0.682s] Level 1:colcon.colcon_core.package_identification:_identify(src) by extension 'cmake'
[0.682s] Level 1:colcon.colcon_core.package_identification:_identify(src) by extension 'python'
[0.682s] Level 1:colcon.colcon_core.package_identification:_identify(src) by extensions ['python_setup_py']
[0.682s] Level 1:colcon.colcon_core.package_identification:_identify(src) by extension 'python_setup_py'
[0.683s] Level 1:colcon.colcon_core.package_identification:_identify(src/ros_control) by extensions ['ignore', 'ignore_ament_install']
[0.683s] Level 1:colcon.colcon_core.package_identification:_identify(src/ros_control) by extension 'ignore'
[0.683s] Level 1:colcon.colcon_core.package_identification:_identify(src/ros_control) by extension 'ignore_ament_install'
[0.683s] Level 1:colcon.colcon_core.package_identification:_identify(src/ros_control) by extensions ['colcon_pkg']
[0.683s] Level 1:colcon.colcon_core.package_identification:_identify(src/ros_control) by extension 'colcon_pkg'
[0.683s] Level 1:colcon.colcon_core.package_identification:_identify(src/ros_control) by extensions ['colcon_meta']
[0.683s] Level 1:colcon.colcon_core.package_identification:_identify(src/ros_control) by extension 'colcon_meta'
[0.683s] Level 1:colcon.colcon_core.package_identification:_identify(src/ros_control) by extensions ['ros']
[0.684s] Level 1:colcon.colcon_core.package_identification:_identify(src/ros_control) by extension 'ros'
[0.690s] DEBUG:colcon.colcon_core.package_identification:Package 'src/ros_control' with type 'ros.ament_python' and name 'ros_control'
[0.690s] Level 1:colcon.colcon_core.package_identification:_identify(src/ros_control_interfaces) by extensions ['ignore', 'ignore_ament_install']
[0.691s] Level 1:colcon.colcon_core.package_identification:_identify(src/ros_control_interfaces) by extension 'ignore'
[0.691s] Level 1:colcon.colcon_core.package_identification:_identify(src/ros_control_interfaces) by extension 'ignore_ament_install'
[0.691s] Level 1:colcon.colcon_core.package_identification:_identify(src/ros_control_interfaces) by extensions ['colcon_pkg']
[0.691s] Level 1:colcon.colcon_core.package_identification:_identify(src/ros_control_interfaces) by extension 'colcon_pkg'
[0.691s] Level 1:colcon.colcon_core.package_identification:_identify(src/ros_control_interfaces) by extensions ['colcon_meta']
[0.691s] Level 1:colcon.colcon_core.package_identification:_identify(src/ros_control_interfaces) by extension 'colcon_meta'
[0.691s] Level 1:colcon.colcon_core.package_identification:_identify(src/ros_control_interfaces) by extensions ['ros']
[0.691s] Level 1:colcon.colcon_core.package_identification:_identify(src/ros_control_interfaces) by extension 'ros'
[0.693s] DEBUG:colcon.colcon_core.package_identification:Package 'src/ros_control_interfaces' with type 'ros.ament_cmake' and name 'ros_control_interfaces'
[0.693s] Level 1:colcon.colcon_core.package_discovery:discover_packages(recursive) using defaults
[0.693s] Level 1:colcon.colcon_core.package_discovery:discover_packages(ignore) discover
[0.693s] Level 1:colcon.colcon_core.package_discovery:discover_packages(ignore) using defaults
[0.693s] Level 1:colcon.colcon_core.package_discovery:discover_packages(path) discover
[0.693s] Level 1:colcon.colcon_core.package_discovery:discover_packages(path) using defaults
[0.739s] Level 1:colcon.colcon_core.package_discovery:discover_packages(prefix_path) check parameters
[0.740s] Level 1:colcon.colcon_core.package_discovery:discover_packages(prefix_path) discover
[0.742s] WARNING:colcon.colcon_ros.prefix_path.ament:The path '/home/jetson/ros2_ws/install/ros_control_interfaces' in the environment variable AMENT_PREFIX_PATH doesn't exist
[0.742s] WARNING:colcon.colcon_ros.prefix_path.ament:The path '/home/jetson/ros2_ws/install/ros_control' in the environment variable AMENT_PREFIX_PATH doesn't exist
[0.742s] WARNING:colcon.colcon_ros.prefix_path.ament:The path '/home/jetson/ros2_ws/install/main' in the environment variable AMENT_PREFIX_PATH doesn't exist
[0.742s] WARNING:colcon.colcon_ros.prefix_path.catkin:The path '/home/jetson/ros2_ws/install/ros_control_interfaces' in the environment variable CMAKE_PREFIX_PATH doesn't exist
[0.744s] DEBUG:colcon.colcon_installed_package_information.package_discovery:Found 0 installed packages in /home/jetson/ros2_ws/install
[0.747s] DEBUG:colcon.colcon_installed_package_information.package_discovery:Found 297 installed packages in /opt/ros/humble
[0.785s] Level 1:colcon.colcon_core.package_discovery:discover_packages(prefix_path) using defaults
[0.880s] Level 5:colcon.colcon_core.verb:set package 'ros_control_interfaces' build argument 'cmake_args' from command line to 'None'
[0.881s] Level 5:colcon.colcon_core.verb:set package 'ros_control_interfaces' build argument 'cmake_target' from command line to 'None'
[0.881s] Level 5:colcon.colcon_core.verb:set package 'ros_control_interfaces' build argument 'cmake_target_skip_unavailable' from command line to 'False'
[0.881s] Level 5:colcon.colcon_core.verb:set package 'ros_control_interfaces' build argument 'cmake_clean_cache' from command line to 'False'
[0.881s] Level 5:colcon.colcon_core.verb:set package 'ros_control_interfaces' build argument 'cmake_clean_first' from command line to 'False'
[0.881s] Level 5:colcon.colcon_core.verb:set package 'ros_control_interfaces' build argument 'cmake_force_configure' from command line to 'False'
[0.881s] Level 5:colcon.colcon_core.verb:set package 'ros_control_interfaces' build argument 'ament_cmake_args' from command line to 'None'
[0.881s] Level 5:colcon.colcon_core.verb:set package 'ros_control_interfaces' build argument 'catkin_cmake_args' from command line to 'None'
[0.881s] Level 5:colcon.colcon_core.verb:set package 'ros_control_interfaces' build argument 'catkin_skip_building_tests' from command line to 'False'
[0.881s] DEBUG:colcon.colcon_core.verb:Building package 'ros_control_interfaces' with the following arguments: {'ament_cmake_args': None, 'build_base': '/home/jetson/ros2_ws/build/ros_control_interfaces', 'catkin_cmake_args': None, 'catkin_skip_building_tests': False, 'cmake_args': None, 'cmake_clean_cache': False, 'cmake_clean_first': False, 'cmake_force_configure': False, 'cmake_target': None, 'cmake_target_skip_unavailable': False, 'install_base': '/home/jetson/ros2_ws/install/ros_control_interfaces', 'merge_install': False, 'path': '/home/jetson/ros2_ws/src/ros_control_interfaces', 'symlink_install': False, 'test_result_base': None}
[0.882s] Level 5:colcon.colcon_core.verb:set package 'ros_control' build argument 'cmake_args' from command line to 'None'
[0.882s] Level 5:colcon.colcon_core.verb:set package 'ros_control' build argument 'cmake_target' from command line to 'None'
[0.882s] Level 5:colcon.colcon_core.verb:set package 'ros_control' build argument 'cmake_target_skip_unavailable' from command line to 'False'
[0.882s] Level 5:colcon.colcon_core.verb:set package 'ros_control' build argument 'cmake_clean_cache' from command line to 'False'
[0.883s] Level 5:colcon.colcon_core.verb:set package 'ros_control' build argument 'cmake_clean_first' from command line to 'False'
[0.883s] Level 5:colcon.colcon_core.verb:set package 'ros_control' build argument 'cmake_force_configure' from command line to 'False'
[0.883s] Level 5:colcon.colcon_core.verb:set package 'ros_control' build argument 'ament_cmake_args' from command line to 'None'
[0.883s] Level 5:colcon.colcon_core.verb:set package 'ros_control' build argument 'catkin_cmake_args' from command line to 'None'
[0.883s] Level 5:colcon.colcon_core.verb:set package 'ros_control' build argument 'catkin_skip_building_tests' from command line to 'False'
[0.883s] DEBUG:colcon.colcon_core.verb:Building package 'ros_control' with the following arguments: {'ament_cmake_args': None, 'build_base': '/home/jetson/ros2_ws/build/ros_control', 'catkin_cmake_args': None, 'catkin_skip_building_tests': False, 'cmake_args': None, 'cmake_clean_cache': False, 'cmake_clean_first': False, 'cmake_force_configure': False, 'cmake_target': None, 'cmake_target_skip_unavailable': False, 'install_base': '/home/jetson/ros2_ws/install/ros_control', 'merge_install': False, 'path': '/home/jetson/ros2_ws/src/ros_control', 'symlink_install': False, 'test_result_base': None}
[0.883s] INFO:colcon.colcon_core.executor:Executing jobs using 'parallel' executor
[0.886s] DEBUG:colcon.colcon_parallel_executor.executor.parallel:run_until_complete
[0.887s] INFO:colcon.colcon_ros.task.ament_cmake.build:Building ROS package in '/home/jetson/ros2_ws/src/ros_control_interfaces' with build type 'ament_cmake'
[0.887s] INFO:colcon.colcon_cmake.task.cmake.build:Building CMake package in '/home/jetson/ros2_ws/src/ros_control_interfaces'
[0.893s] INFO:colcon.colcon_core.plugin_system:Skipping extension 'colcon_core.shell.bat': Not used on non-Windows systems
[0.894s] INFO:colcon.colcon_core.shell:Skip shell extension 'powershell' for command environment: Not usable outside of PowerShell
[0.894s] DEBUG:colcon.colcon_core.shell:Skip shell extension 'dsv' for command environment
[0.911s] DEBUG:colcon.colcon_core.event_handler.log_command:Invoking command in '/home/jetson/ros2_ws/build/ros_control_interfaces': CMAKE_PREFIX_PATH=${CMAKE_PREFIX_PATH}:/home/jetson/ros2_ws/install/ros_control:/home/jetson/ros2_ws/install/main:/opt/ros/humble /usr/bin/cmake /home/jetson/ros2_ws/src/ros_control_interfaces -DCMAKE_INSTALL_PREFIX=/home/jetson/ros2_ws/install/ros_control_interfaces
[4.740s] DEBUG:colcon.colcon_core.event_handler.log_command:Invoked command in '/home/jetson/ros2_ws/build/ros_control_interfaces' returned '0': CMAKE_PREFIX_PATH=${CMAKE_PREFIX_PATH}:/home/jetson/ros2_ws/install/ros_control:/home/jetson/ros2_ws/install/main:/opt/ros/humble /usr/bin/cmake /home/jetson/ros2_ws/src/ros_control_interfaces -DCMAKE_INSTALL_PREFIX=/home/jetson/ros2_ws/install/ros_control_interfaces
[4.741s] DEBUG:colcon.colcon_core.event_handler.log_command:Invoking command in '/home/jetson/ros2_ws/build/ros_control_interfaces': CMAKE_PREFIX_PATH=${CMAKE_PREFIX_PATH}:/home/jetson/ros2_ws/install/ros_control:/home/jetson/ros2_ws/install/main:/opt/ros/humble /usr/bin/cmake --build /home/jetson/ros2_ws/build/ros_control_interfaces -- -j4 -l4
[12.677s] DEBUG:colcon.colcon_core.event_handler.log_command:Invoked command in '/home/jetson/ros2_ws/build/ros_control_interfaces' returned '0': CMAKE_PREFIX_PATH=${CMAKE_PREFIX_PATH}:/home/jetson/ros2_ws/install/ros_control:/home/jetson/ros2_ws/install/main:/opt/ros/humble /usr/bin/cmake --build /home/jetson/ros2_ws/build/ros_control_interfaces -- -j4 -l4
[12.703s] DEBUG:colcon.colcon_core.event_handler.log_command:Invoking command in '/home/jetson/ros2_ws/build/ros_control_interfaces': CMAKE_PREFIX_PATH=${CMAKE_PREFIX_PATH}:/home/jetson/ros2_ws/install/ros_control:/home/jetson/ros2_ws/install/main:/opt/ros/humble /usr/bin/cmake --install /home/jetson/ros2_ws/build/ros_control_interfaces
[12.857s] Level 1:colcon.colcon_core.environment:create_environment_scripts_only(ros_control_interfaces)
[12.859s] DEBUG:colcon.colcon_core.event_handler.log_command:Invoked command in '/home/jetson/ros2_ws/build/ros_control_interfaces' returned '0': CMAKE_PREFIX_PATH=${CMAKE_PREFIX_PATH}:/home/jetson/ros2_ws/install/ros_control:/home/jetson/ros2_ws/install/main:/opt/ros/humble /usr/bin/cmake --install /home/jetson/ros2_ws/build/ros_control_interfaces
[12.865s] Level 1:colcon.colcon_core.environment:checking '/home/jetson/ros2_ws/install/ros_control_interfaces' for CMake module files
[12.867s] Level 1:colcon.colcon_core.environment:checking '/home/jetson/ros2_ws/install/ros_control_interfaces' for CMake config files
[12.869s] Level 1:colcon.colcon_core.shell:create_environment_hook('ros_control_interfaces', 'cmake_prefix_path')
[12.870s] INFO:colcon.colcon_core.shell:Creating environment hook '/home/jetson/ros2_ws/install/ros_control_interfaces/share/ros_control_interfaces/hook/cmake_prefix_path.ps1'
[12.872s] INFO:colcon.colcon_core.shell:Creating environment descriptor '/home/jetson/ros2_ws/install/ros_control_interfaces/share/ros_control_interfaces/hook/cmake_prefix_path.dsv'
[12.873s] INFO:colcon.colcon_core.shell:Creating environment hook '/home/jetson/ros2_ws/install/ros_control_interfaces/share/ros_control_interfaces/hook/cmake_prefix_path.sh'
[12.876s] Level 1:colcon.colcon_core.environment:checking '/home/jetson/ros2_ws/install/ros_control_interfaces/lib'
[12.877s] Level 1:colcon.colcon_core.shell:create_environment_hook('ros_control_interfaces', 'ld_library_path_lib')
[12.878s] INFO:colcon.colcon_core.shell:Creating environment hook '/home/jetson/ros2_ws/install/ros_control_interfaces/share/ros_control_interfaces/hook/ld_library_path_lib.ps1'
[12.879s] INFO:colcon.colcon_core.shell:Creating environment descriptor '/home/jetson/ros2_ws/install/ros_control_interfaces/share/ros_control_interfaces/hook/ld_library_path_lib.dsv'
[12.880s] INFO:colcon.colcon_core.shell:Creating environment hook '/home/jetson/ros2_ws/install/ros_control_interfaces/share/ros_control_interfaces/hook/ld_library_path_lib.sh'
[12.882s] Level 1:colcon.colcon_core.environment:checking '/home/jetson/ros2_ws/install/ros_control_interfaces/bin'
[12.882s] Level 1:colcon.colcon_core.environment:checking '/home/jetson/ros2_ws/install/ros_control_interfaces/lib/pkgconfig/ros_control_interfaces.pc'
[12.883s] Level 1:colcon.colcon_core.environment:checking '/home/jetson/ros2_ws/install/ros_control_interfaces/lib/python3.10/site-packages'
[12.884s] Level 1:colcon.colcon_core.environment:checking '/home/jetson/ros2_ws/install/ros_control_interfaces/bin'
[12.885s] INFO:colcon.colcon_core.shell:Creating package script '/home/jetson/ros2_ws/install/ros_control_interfaces/share/ros_control_interfaces/package.ps1'
[12.888s] INFO:colcon.colcon_core.shell:Creating package descriptor '/home/jetson/ros2_ws/install/ros_control_interfaces/share/ros_control_interfaces/package.dsv'
[12.890s] INFO:colcon.colcon_core.shell:Creating package script '/home/jetson/ros2_ws/install/ros_control_interfaces/share/ros_control_interfaces/package.sh'
[12.893s] INFO:colcon.colcon_core.shell:Creating package script '/home/jetson/ros2_ws/install/ros_control_interfaces/share/ros_control_interfaces/package.bash'
[12.895s] INFO:colcon.colcon_core.shell:Creating package script '/home/jetson/ros2_ws/install/ros_control_interfaces/share/ros_control_interfaces/package.zsh'
[12.897s] Level 1:colcon.colcon_core.environment:create_file_with_runtime_dependencies(/home/jetson/ros2_ws/install/ros_control_interfaces/share/colcon-core/packages/ros_control_interfaces)
[12.900s] Level 1:colcon.colcon_core.environment:create_environment_scripts_only(ros_control_interfaces)
[12.900s] Level 1:colcon.colcon_core.environment:checking '/home/jetson/ros2_ws/install/ros_control_interfaces' for CMake module files
[12.903s] Level 1:colcon.colcon_core.environment:checking '/home/jetson/ros2_ws/install/ros_control_interfaces' for CMake config files
[12.904s] Level 1:colcon.colcon_core.shell:create_environment_hook('ros_control_interfaces', 'cmake_prefix_path')
[12.905s] INFO:colcon.colcon_core.shell:Creating environment hook '/home/jetson/ros2_ws/install/ros_control_interfaces/share/ros_control_interfaces/hook/cmake_prefix_path.ps1'
[12.906s] INFO:colcon.colcon_core.shell:Creating environment descriptor '/home/jetson/ros2_ws/install/ros_control_interfaces/share/ros_control_interfaces/hook/cmake_prefix_path.dsv'
[12.907s] INFO:colcon.colcon_core.shell:Creating environment hook '/home/jetson/ros2_ws/install/ros_control_interfaces/share/ros_control_interfaces/hook/cmake_prefix_path.sh'
[12.908s] Level 1:colcon.colcon_core.environment:checking '/home/jetson/ros2_ws/install/ros_control_interfaces/lib'
[12.909s] Level 1:colcon.colcon_core.shell:create_environment_hook('ros_control_interfaces', 'ld_library_path_lib')
[12.909s] INFO:colcon.colcon_core.shell:Creating environment hook '/home/jetson/ros2_ws/install/ros_control_interfaces/share/ros_control_interfaces/hook/ld_library_path_lib.ps1'
[12.910s] INFO:colcon.colcon_core.shell:Creating environment descriptor '/home/jetson/ros2_ws/install/ros_control_interfaces/share/ros_control_interfaces/hook/ld_library_path_lib.dsv'
[12.911s] INFO:colcon.colcon_core.shell:Creating environment hook '/home/jetson/ros2_ws/install/ros_control_interfaces/share/ros_control_interfaces/hook/ld_library_path_lib.sh'
[12.912s] Level 1:colcon.colcon_core.environment:checking '/home/jetson/ros2_ws/install/ros_control_interfaces/bin'
[12.912s] Level 1:colcon.colcon_core.environment:checking '/home/jetson/ros2_ws/install/ros_control_interfaces/lib/pkgconfig/ros_control_interfaces.pc'
[12.913s] Level 1:colcon.colcon_core.environment:checking '/home/jetson/ros2_ws/install/ros_control_interfaces/lib/python3.10/site-packages'
[12.914s] Level 1:colcon.colcon_core.environment:checking '/home/jetson/ros2_ws/install/ros_control_interfaces/bin'
[12.915s] INFO:colcon.colcon_core.shell:Creating package script '/home/jetson/ros2_ws/install/ros_control_interfaces/share/ros_control_interfaces/package.ps1'
[12.916s] INFO:colcon.colcon_core.shell:Creating package descriptor '/home/jetson/ros2_ws/install/ros_control_interfaces/share/ros_control_interfaces/package.dsv'
[12.917s] INFO:colcon.colcon_core.shell:Creating package script '/home/jetson/ros2_ws/install/ros_control_interfaces/share/ros_control_interfaces/package.sh'
[12.919s] INFO:colcon.colcon_core.shell:Creating package script '/home/jetson/ros2_ws/install/ros_control_interfaces/share/ros_control_interfaces/package.bash'
[12.920s] INFO:colcon.colcon_core.shell:Creating package script '/home/jetson/ros2_ws/install/ros_control_interfaces/share/ros_control_interfaces/package.zsh'
[12.921s] Level 1:colcon.colcon_core.environment:create_file_with_runtime_dependencies(/home/jetson/ros2_ws/install/ros_control_interfaces/share/colcon-core/packages/ros_control_interfaces)
[12.922s] INFO:colcon.colcon_ros.task.ament_python.build:Building ROS package in '/home/jetson/ros2_ws/src/ros_control' with build type 'ament_python'
[12.922s] Level 1:colcon.colcon_core.shell:create_environment_hook('ros_control', 'ament_prefix_path')
[12.923s] INFO:colcon.colcon_core.shell:Creating environment hook '/home/jetson/ros2_ws/install/ros_control/share/ros_control/hook/ament_prefix_path.ps1'
[12.925s] INFO:colcon.colcon_core.shell:Creating environment descriptor '/home/jetson/ros2_ws/install/ros_control/share/ros_control/hook/ament_prefix_path.dsv'
[12.926s] INFO:colcon.colcon_core.shell:Creating environment hook '/home/jetson/ros2_ws/install/ros_control/share/ros_control/hook/ament_prefix_path.sh'
[12.928s] INFO:colcon.colcon_core.shell:Skip shell extension 'powershell' for command environment: Not usable outside of PowerShell
[12.928s] DEBUG:colcon.colcon_core.shell:Skip shell extension 'dsv' for command environment
[13.531s] INFO:colcon.colcon_core.task.python.build:Building Python package in '/home/jetson/ros2_ws/src/ros_control'
[13.532s] INFO:colcon.colcon_core.shell:Skip shell extension 'powershell' for command environment: Not usable outside of PowerShell
[13.533s] DEBUG:colcon.colcon_core.shell:Skip shell extension 'dsv' for command environment
[14.489s] DEBUG:colcon.colcon_core.event_handler.log_command:Invoking command in '/home/jetson/ros2_ws/src/ros_control': LD_LIBRARY_PATH=/home/jetson/ros2_ws/install/ros_control_interfaces/lib:/opt/ros/humble/opt/rviz_ogre_vendor/lib:/opt/ros/humble/lib/aarch64-linux-gnu:/opt/ros/humble/lib:/usr/local/cuda-12.6/lib64 PYTHONPATH=/home/jetson/ros2_ws/build/ros_control/prefix_override:/usr/lib/python3/dist-packages/colcon_core/task/python/colcon_distutils_commands:/home/jetson/ros2_ws/install/ros_control/lib/python3.10/site-packages:${PYTHONPATH} /usr/bin/python3 -W ignore:setup.py install is deprecated -W ignore:easy_install command is deprecated setup.py egg_info --egg-base ../../build/ros_control build --build-base /home/jetson/ros2_ws/build/ros_control/build install --record /home/jetson/ros2_ws/build/ros_control/install.log --single-version-externally-managed install_data
[15.214s] Level 1:colcon.colcon_core.environment:checking '/home/jetson/ros2_ws/install/ros_control' for CMake module files
[15.216s] DEBUG:colcon.colcon_core.event_handler.log_command:Invoked command in '/home/jetson/ros2_ws/src/ros_control' returned '0': LD_LIBRARY_PATH=/home/jetson/ros2_ws/install/ros_control_interfaces/lib:/opt/ros/humble/opt/rviz_ogre_vendor/lib:/opt/ros/humble/lib/aarch64-linux-gnu:/opt/ros/humble/lib:/usr/local/cuda-12.6/lib64 PYTHONPATH=/home/jetson/ros2_ws/build/ros_control/prefix_override:/usr/lib/python3/dist-packages/colcon_core/task/python/colcon_distutils_commands:/home/jetson/ros2_ws/install/ros_control/lib/python3.10/site-packages:${PYTHONPATH} /usr/bin/python3 -W ignore:setup.py install is deprecated -W ignore:easy_install command is deprecated setup.py egg_info --egg-base ../../build/ros_control build --build-base /home/jetson/ros2_ws/build/ros_control/build install --record /home/jetson/ros2_ws/build/ros_control/install.log --single-version-externally-managed install_data
[15.217s] Level 1:colcon.colcon_core.environment:checking '/home/jetson/ros2_ws/install/ros_control' for CMake config files
[15.220s] Level 1:colcon.colcon_core.environment:checking '/home/jetson/ros2_ws/install/ros_control/lib'
[15.220s] Level 1:colcon.colcon_core.environment:checking '/home/jetson/ros2_ws/install/ros_control/bin'
[15.220s] Level 1:colcon.colcon_core.environment:checking '/home/jetson/ros2_ws/install/ros_control/lib/pkgconfig/ros_control.pc'
[15.221s] Level 1:colcon.colcon_core.environment:checking '/home/jetson/ros2_ws/install/ros_control/lib/python3.10/site-packages'
[15.221s] Level 1:colcon.colcon_core.shell:create_environment_hook('ros_control', 'pythonpath')
[15.222s] INFO:colcon.colcon_core.shell:Creating environment hook '/home/jetson/ros2_ws/install/ros_control/share/ros_control/hook/pythonpath.ps1'
[15.224s] INFO:colcon.colcon_core.shell:Creating environment descriptor '/home/jetson/ros2_ws/install/ros_control/share/ros_control/hook/pythonpath.dsv'
[15.225s] INFO:colcon.colcon_core.shell:Creating environment hook '/home/jetson/ros2_ws/install/ros_control/share/ros_control/hook/pythonpath.sh'
[15.227s] Level 1:colcon.colcon_core.environment:checking '/home/jetson/ros2_ws/install/ros_control/bin'
[15.228s] Level 1:colcon.colcon_core.environment:create_environment_scripts_only(ros_control)
[15.229s] INFO:colcon.colcon_core.shell:Creating package script '/home/jetson/ros2_ws/install/ros_control/share/ros_control/package.ps1'
[15.231s] INFO:colcon.colcon_core.shell:Creating package descriptor '/home/jetson/ros2_ws/install/ros_control/share/ros_control/package.dsv'
[15.232s] INFO:colcon.colcon_core.shell:Creating package script '/home/jetson/ros2_ws/install/ros_control/share/ros_control/package.sh'
[15.233s] INFO:colcon.colcon_core.shell:Creating package script '/home/jetson/ros2_ws/install/ros_control/share/ros_control/package.bash'
[15.234s] INFO:colcon.colcon_core.shell:Creating package script '/home/jetson/ros2_ws/install/ros_control/share/ros_control/package.zsh'
[15.235s] Level 1:colcon.colcon_core.environment:create_file_with_runtime_dependencies(/home/jetson/ros2_ws/install/ros_control/share/colcon-core/packages/ros_control)
[15.236s] DEBUG:colcon.colcon_parallel_executor.executor.parallel:closing loop
[15.237s] DEBUG:colcon.colcon_parallel_executor.executor.parallel:loop closed
[15.237s] DEBUG:colcon.colcon_parallel_executor.executor.parallel:run_until_complete finished with '0'
[15.238s] DEBUG:colcon.colcon_core.event_reactor:joining thread
[15.256s] INFO:colcon.colcon_core.plugin_system:Skipping extension 'colcon_notification.desktop_notification.terminal_notifier': Not used on non-Darwin systems
[15.257s] INFO:colcon.colcon_core.plugin_system:Skipping extension 'colcon_notification.desktop_notification.win32': Not used on non-Windows systems
[15.257s] INFO:colcon.colcon_notification.desktop_notification:Sending desktop notification using 'notify2'
[15.303s] DEBUG:colcon.colcon_core.event_reactor:joined thread
[15.305s] INFO:colcon.colcon_core.shell:Creating prefix script '/home/jetson/ros2_ws/install/local_setup.ps1'
[15.311s] INFO:colcon.colcon_core.shell:Creating prefix util module '/home/jetson/ros2_ws/install/_local_setup_util_ps1.py'
[15.317s] INFO:colcon.colcon_core.shell:Creating prefix chain script '/home/jetson/ros2_ws/install/setup.ps1'
[15.322s] INFO:colcon.colcon_core.shell:Creating prefix script '/home/jetson/ros2_ws/install/local_setup.sh'
[15.324s] INFO:colcon.colcon_core.shell:Creating prefix util module '/home/jetson/ros2_ws/install/_local_setup_util_sh.py'
[15.326s] INFO:colcon.colcon_core.shell:Creating prefix chain script '/home/jetson/ros2_ws/install/setup.sh'
[15.331s] INFO:colcon.colcon_core.shell:Creating prefix script '/home/jetson/ros2_ws/install/local_setup.bash'
[15.333s] INFO:colcon.colcon_core.shell:Creating prefix chain script '/home/jetson/ros2_ws/install/setup.bash'
[15.336s] INFO:colcon.colcon_core.shell:Creating prefix script '/home/jetson/ros2_ws/install/local_setup.zsh'
[15.338s] INFO:colcon.colcon_core.shell:Creating prefix chain script '/home/jetson/ros2_ws/install/setup.zsh'
