[1.353s] Invoking command in '/home/jetson/ros2_ws/src/ros_control': LD_LIBRARY_PATH=/home/jetson/ros2_ws/install/ros_control_interfaces/lib:/opt/ros/humble/opt/rviz_ogre_vendor/lib:/opt/ros/humble/lib/aarch64-linux-gnu:/opt/ros/humble/lib:/usr/local/cuda-12.6/lib64 PYTHONPATH=/home/jetson/ros2_ws/build/ros_control/prefix_override:/usr/lib/python3/dist-packages/colcon_core/task/python/colcon_distutils_commands:/home/jetson/ros2_ws/install/ros_control/lib/python3.10/site-packages:${PYTHONPATH} /usr/bin/python3 -W ignore:setup.py install is deprecated -W ignore:easy_install command is deprecated setup.py egg_info --egg-base ../../build/ros_control build --build-base /home/jetson/ros2_ws/build/ros_control/build install --record /home/jetson/ros2_ws/build/ros_control/install.log --single-version-externally-managed install_data
[1.873s] running egg_info
[1.874s] writing ../../build/ros_control/ros_control.egg-info/PKG-INFO
[1.875s] writing dependency_links to ../../build/ros_control/ros_control.egg-info/dependency_links.txt
[1.875s] writing entry points to ../../build/ros_control/ros_control.egg-info/entry_points.txt
[1.876s] writing requirements to ../../build/ros_control/ros_control.egg-info/requires.txt
[1.876s] writing top-level names to ../../build/ros_control/ros_control.egg-info/top_level.txt
[1.880s] reading manifest file '../../build/ros_control/ros_control.egg-info/SOURCES.txt'
[1.881s] writing manifest file '../../build/ros_control/ros_control.egg-info/SOURCES.txt'
[1.882s] running build
[1.882s] running build_py
[1.882s] copying ros_control/joystick.py -> /home/jetson/ros2_ws/build/ros_control/build/lib/ros_control
[1.883s] running install
[1.883s] running install_lib
[1.885s] copying /home/jetson/ros2_ws/build/ros_control/build/lib/ros_control/joystick.py -> /home/jetson/ros2_ws/install/ros_control/lib/python3.10/site-packages/ros_control
[1.887s] byte-compiling /home/jetson/ros2_ws/install/ros_control/lib/python3.10/site-packages/ros_control/joystick.py to joystick.cpython-310.pyc
[1.889s] running install_data
[1.890s] running install_egg_info
[1.893s] removing '/home/jetson/ros2_ws/install/ros_control/lib/python3.10/site-packages/ros_control-0.0.0-py3.10.egg-info' (and everything under it)
[1.894s] Copying ../../build/ros_control/ros_control.egg-info to /home/jetson/ros2_ws/install/ros_control/lib/python3.10/site-packages/ros_control-0.0.0-py3.10.egg-info
[1.896s] running install_scripts
[1.941s] Installing joystick script to /home/jetson/ros2_ws/install/ros_control/lib/ros_control
[1.941s] Installing listener script to /home/jetson/ros2_ws/install/ros_control/lib/ros_control
[1.942s] writing list of installed files to '/home/jetson/ros2_ws/build/ros_control/install.log'
[2.012s] Invoked command in '/home/jetson/ros2_ws/src/ros_control' returned '0': LD_LIBRARY_PATH=/home/jetson/ros2_ws/install/ros_control_interfaces/lib:/opt/ros/humble/opt/rviz_ogre_vendor/lib:/opt/ros/humble/lib/aarch64-linux-gnu:/opt/ros/humble/lib:/usr/local/cuda-12.6/lib64 PYTHONPATH=/home/jetson/ros2_ws/build/ros_control/prefix_override:/usr/lib/python3/dist-packages/colcon_core/task/python/colcon_distutils_commands:/home/jetson/ros2_ws/install/ros_control/lib/python3.10/site-packages:${PYTHONPATH} /usr/bin/python3 -W ignore:setup.py install is deprecated -W ignore:easy_install command is deprecated setup.py egg_info --egg-base ../../build/ros_control build --build-base /home/jetson/ros2_ws/build/ros_control/build install --record /home/jetson/ros2_ws/build/ros_control/install.log --single-version-externally-managed install_data
