running egg_info
creating ../../build/ros_control/ros_control.egg-info
writing ../../build/ros_control/ros_control.egg-info/PKG-INFO
writing dependency_links to ../../build/ros_control/ros_control.egg-info/dependency_links.txt
writing entry points to ../../build/ros_control/ros_control.egg-info/entry_points.txt
writing requirements to ../../build/ros_control/ros_control.egg-info/requires.txt
writing top-level names to ../../build/ros_control/ros_control.egg-info/top_level.txt
writing manifest file '../../build/ros_control/ros_control.egg-info/SOURCES.txt'
reading manifest file '../../build/ros_control/ros_control.egg-info/SOURCES.txt'
writing manifest file '../../build/ros_control/ros_control.egg-info/SOURCES.txt'
running build
running build_py
creating /home/jetson/ros2_ws/build/ros_control/build
creating /home/jetson/ros2_ws/build/ros_control/build/lib
creating /home/jetson/ros2_ws/build/ros_control/build/lib/ros_control
copying ros_control/__init__.py -> /home/jetson/ros2_ws/build/ros_control/build/lib/ros_control
copying ros_control/joystick.py -> /home/jetson/ros2_ws/build/ros_control/build/lib/ros_control
copying ros_control/control.py -> /home/jetson/ros2_ws/build/ros_control/build/lib/ros_control
running install
running install_lib
creating /home/jetson/ros2_ws/install/ros_control/lib/python3.10/site-packages/ros_control
copying /home/jetson/ros2_ws/build/ros_control/build/lib/ros_control/__init__.py -> /home/jetson/ros2_ws/install/ros_control/lib/python3.10/site-packages/ros_control
copying /home/jetson/ros2_ws/build/ros_control/build/lib/ros_control/joystick.py -> /home/jetson/ros2_ws/install/ros_control/lib/python3.10/site-packages/ros_control
copying /home/jetson/ros2_ws/build/ros_control/build/lib/ros_control/control.py -> /home/jetson/ros2_ws/install/ros_control/lib/python3.10/site-packages/ros_control
byte-compiling /home/jetson/ros2_ws/install/ros_control/lib/python3.10/site-packages/ros_control/__init__.py to __init__.cpython-310.pyc
byte-compiling /home/jetson/ros2_ws/install/ros_control/lib/python3.10/site-packages/ros_control/joystick.py to joystick.cpython-310.pyc
byte-compiling /home/jetson/ros2_ws/install/ros_control/lib/python3.10/site-packages/ros_control/control.py to control.cpython-310.pyc
running install_data
creating /home/jetson/ros2_ws/install/ros_control/share/ament_index
creating /home/jetson/ros2_ws/install/ros_control/share/ament_index/resource_index
creating /home/jetson/ros2_ws/install/ros_control/share/ament_index/resource_index/packages
copying resource/ros_control -> /home/jetson/ros2_ws/install/ros_control/share/ament_index/resource_index/packages
copying package.xml -> /home/jetson/ros2_ws/install/ros_control/share/ros_control
running install_egg_info
Copying ../../build/ros_control/ros_control.egg-info to /home/jetson/ros2_ws/install/ros_control/lib/python3.10/site-packages/ros_control-0.0.0-py3.10.egg-info
running install_scripts
Installing joystick script to /home/jetson/ros2_ws/install/ros_control/lib/ros_control
Installing listener script to /home/jetson/ros2_ws/install/ros_control/lib/ros_control
writing list of installed files to '/home/jetson/ros2_ws/build/ros_control/install.log'
