[0.022s] Invoking command in '/home/jetson/ros2_ws/build/ros_control_interfaces': CMAKE_PREFIX_PATH=${CMAKE_PREFIX_PATH}:/home/jetson/ros2_ws/install/ros_control:/home/jetson/ros2_ws/install/main:/opt/ros/humble /usr/bin/cmake /home/jetson/ros2_ws/src/ros_control_interfaces -DCMAKE_INSTALL_PREFIX=/home/jetson/ros2_ws/install/ros_control_interfaces
[0.141s] -- The C compiler identification is GNU 11.4.0
[0.249s] -- The CXX compiler identification is GNU 11.4.0
[0.264s] -- Detecting C compiler ABI info
[0.407s] -- Detecting C compiler ABI info - done
[0.421s] -- Check for working C compiler: /usr/bin/cc - skipped
[0.421s] -- Detecting C compile features
[0.422s] -- Detecting C compile features - done
[0.430s] -- Detecting CXX compiler ABI info
[0.591s] -- Detecting CXX compiler ABI info - done
[0.604s] -- Check for working CXX compiler: /usr/bin/c++ - skipped
[0.605s] -- Detecting CXX compile features
[0.606s] -- Detecting CXX compile features - done
[0.612s] -- Found ament_cmake: 1.3.12 (/opt/ros/humble/share/ament_cmake/cmake)
[0.974s] -- Found Python3: /usr/bin/python3 (found version "3.10.12") found components: Interpreter 
[1.172s] -- Found geometry_msgs: 4.9.0 (/opt/ros/humble/share/geometry_msgs/cmake)
[1.240s] -- Found rosidl_generator_c: 3.1.7 (/opt/ros/humble/share/rosidl_generator_c/cmake)
[1.250s] -- Found rosidl_adapter: 3.1.7 (/opt/ros/humble/share/rosidl_adapter/cmake)
[1.266s] -- Found rosidl_generator_cpp: 3.1.7 (/opt/ros/humble/share/rosidl_generator_cpp/cmake)
[1.290s] -- Using all available rosidl_typesupport_c: rosidl_typesupport_fastrtps_c;rosidl_typesupport_introspection_c
[1.325s] -- Using all available rosidl_typesupport_cpp: rosidl_typesupport_fastrtps_cpp;rosidl_typesupport_introspection_cpp
[1.407s] -- Found rosidl_default_generators: 1.2.0 (/opt/ros/humble/share/rosidl_default_generators/cmake)
[2.087s] -- Found ament_cmake_ros: 0.10.0 (/opt/ros/humble/share/ament_cmake_ros/cmake)
[3.021s] -- Using all available rosidl_typesupport_c: rosidl_typesupport_fastrtps_c;rosidl_typesupport_introspection_c
[3.373s] -- Using all available rosidl_typesupport_cpp: rosidl_typesupport_fastrtps_cpp;rosidl_typesupport_introspection_cpp
[3.427s] -- Found PythonInterp: /usr/bin/python3 (found suitable version "3.10.12", minimum required is "3.6") 
[3.429s] -- Found python_cmake_module: 0.10.0 (/opt/ros/humble/share/python_cmake_module/cmake)
[3.486s] -- Found PythonLibs: /usr/lib/aarch64-linux-gnu/libpython3.10.so (found suitable version "3.10.12", minimum required is "3.5") 
[3.486s] -- Using PYTHON_EXECUTABLE: /usr/bin/python3
[3.486s] -- Using PYTHON_INCLUDE_DIRS: /usr/include/python3.10
[3.486s] -- Using PYTHON_LIBRARIES: /usr/lib/aarch64-linux-gnu/libpython3.10.so
[3.534s] -- Found PythonExtra: .so  
[3.662s] -- Found ament_lint_auto: 0.12.14 (/opt/ros/humble/share/ament_lint_auto/cmake)
[3.698s] -- Added test 'lint_cmake' to check CMake code style
[3.700s] -- Added test 'xmllint' to check XML markup files
[3.707s] -- Configuring done
[3.790s] -- Generating done
[3.817s] -- Build files have been written to: /home/jetson/ros2_ws/build/ros_control_interfaces
[3.851s] Invoked command in '/home/jetson/ros2_ws/build/ros_control_interfaces' returned '0': CMAKE_PREFIX_PATH=${CMAKE_PREFIX_PATH}:/home/jetson/ros2_ws/install/ros_control:/home/jetson/ros2_ws/install/main:/opt/ros/humble /usr/bin/cmake /home/jetson/ros2_ws/src/ros_control_interfaces -DCMAKE_INSTALL_PREFIX=/home/jetson/ros2_ws/install/ros_control_interfaces
[3.853s] Invoking command in '/home/jetson/ros2_ws/build/ros_control_interfaces': CMAKE_PREFIX_PATH=${CMAKE_PREFIX_PATH}:/home/jetson/ros2_ws/install/ros_control:/home/jetson/ros2_ws/install/main:/opt/ros/humble /usr/bin/cmake --build /home/jetson/ros2_ws/build/ros_control_interfaces -- -j4 -l4
[3.944s] [  2%] [34m[1mGenerating C code for ROS interfaces[0m
[3.988s] [  5%] [34m[1mGenerating C++ code for ROS interfaces[0m
[4.036s] [  5%] Built target ament_cmake_python_copy_ros_control_interfaces
[4.726s] running egg_info
[4.728s] creating ros_control_interfaces.egg-info
[4.729s] writing ros_control_interfaces.egg-info/PKG-INFO
[4.729s] writing dependency_links to ros_control_interfaces.egg-info/dependency_links.txt
[4.730s] writing top-level names to ros_control_interfaces.egg-info/top_level.txt
[4.730s] writing manifest file 'ros_control_interfaces.egg-info/SOURCES.txt'
[4.736s] reading manifest file 'ros_control_interfaces.egg-info/SOURCES.txt'
[4.737s] writing manifest file 'ros_control_interfaces.egg-info/SOURCES.txt'
[4.823s] [  5%] Built target ament_cmake_python_build_ros_control_interfaces_egg
[4.911s] [ 10%] [32mBuilding C object CMakeFiles/ros_control_interfaces__rosidl_generator_c.dir/rosidl_generator_c/ros_control_interfaces/msg/detail/joystick__functions.c.o[0m
[4.911s] [ 10%] [32mBuilding C object CMakeFiles/ros_control_interfaces__rosidl_generator_c.dir/rosidl_generator_c/ros_control_interfaces/msg/detail/motor_command__functions.c.o[0m
[5.080s] [ 12%] [32m[1mLinking C shared library libros_control_interfaces__rosidl_generator_c.so[0m
[5.095s] [ 12%] Built target ros_control_interfaces__cpp
[5.120s] [ 15%] [34m[1mGenerating C++ introspection for ROS interfaces[0m
[5.120s] [ 17%] [34m[1mGenerating C++ type support for eProsima Fast-RTPS[0m
[5.133s] [ 20%] [34m[1mGenerating C++ type support dispatch for ROS interfaces[0m
[5.176s] [ 20%] Built target ros_control_interfaces__rosidl_generator_c
[5.254s] [ 23%] [34m[1mGenerating C type support for eProsima Fast-RTPS[0m
[6.026s] [ 25%] [32mBuilding CXX object CMakeFiles/ros_control_interfaces__rosidl_typesupport_introspection_cpp.dir/rosidl_typesupport_introspection_cpp/ros_control_interfaces/msg/detail/joystick__type_support.cpp.o[0m
[6.155s] [ 28%] [32mBuilding CXX object CMakeFiles/ros_control_interfaces__rosidl_typesupport_cpp.dir/rosidl_typesupport_cpp/ros_control_interfaces/msg/joystick__type_support.cpp.o[0m
[6.331s] [ 30%] [32mBuilding CXX object CMakeFiles/ros_control_interfaces__rosidl_typesupport_fastrtps_c.dir/rosidl_typesupport_fastrtps_c/ros_control_interfaces/msg/detail/joystick__type_support_c.cpp.o[0m
[6.693s] [ 33%] [32mBuilding CXX object CMakeFiles/ros_control_interfaces__rosidl_typesupport_fastrtps_cpp.dir/rosidl_typesupport_fastrtps_cpp/ros_control_interfaces/msg/detail/dds_fastrtps/joystick__type_support.cpp.o[0m
[7.007s] [ 35%] [32mBuilding CXX object CMakeFiles/ros_control_interfaces__rosidl_typesupport_cpp.dir/rosidl_typesupport_cpp/ros_control_interfaces/msg/motor_command__type_support.cpp.o[0m
[7.427s] [ 38%] [32mBuilding CXX object CMakeFiles/ros_control_interfaces__rosidl_typesupport_fastrtps_c.dir/rosidl_typesupport_fastrtps_c/ros_control_interfaces/msg/detail/motor_command__type_support_c.cpp.o[0m
[7.495s] [ 41%] [32mBuilding CXX object CMakeFiles/ros_control_interfaces__rosidl_typesupport_introspection_cpp.dir/rosidl_typesupport_introspection_cpp/ros_control_interfaces/msg/detail/motor_command__type_support.cpp.o[0m
[8.066s] [ 43%] [32mBuilding CXX object CMakeFiles/ros_control_interfaces__rosidl_typesupport_fastrtps_cpp.dir/rosidl_typesupport_fastrtps_cpp/ros_control_interfaces/msg/detail/dds_fastrtps/motor_command__type_support.cpp.o[0m
[8.309s] [ 46%] [32m[1mLinking CXX shared library libros_control_interfaces__rosidl_typesupport_cpp.so[0m
[8.423s] [ 46%] Built target ros_control_interfaces__rosidl_typesupport_cpp
[8.449s] [ 48%] [34m[1mGenerating C introspection for ROS interfaces[0m
[8.643s] [ 51%] [32m[1mLinking CXX shared library libros_control_interfaces__rosidl_typesupport_fastrtps_c.so[0m
[8.917s] [ 53%] [32m[1mLinking CXX shared library libros_control_interfaces__rosidl_typesupport_introspection_cpp.so[0m
[8.961s] [ 53%] Built target ros_control_interfaces__rosidl_typesupport_fastrtps_c
[9.050s] [ 56%] [34m[1mGenerating C type support dispatch for ROS interfaces[0m
[9.171s] [ 56%] Built target ros_control_interfaces__rosidl_typesupport_introspection_cpp
[9.427s] [ 58%] [32m[1mLinking CXX shared library libros_control_interfaces__rosidl_typesupport_fastrtps_cpp.so[0m
[9.438s] [ 61%] [32mBuilding C object CMakeFiles/ros_control_interfaces__rosidl_typesupport_introspection_c.dir/rosidl_typesupport_introspection_c/ros_control_interfaces/msg/detail/joystick__type_support.c.o[0m
[9.453s] [ 64%] [32mBuilding C object CMakeFiles/ros_control_interfaces__rosidl_typesupport_introspection_c.dir/rosidl_typesupport_introspection_c/ros_control_interfaces/msg/detail/motor_command__type_support.c.o[0m
[9.663s] [ 66%] [32m[1mLinking C shared library libros_control_interfaces__rosidl_typesupport_introspection_c.so[0m
[9.695s] [ 66%] Built target ros_control_interfaces__rosidl_typesupport_fastrtps_cpp
[9.734s] [ 66%] Built target ros_control_interfaces__rosidl_typesupport_introspection_c
[9.843s] [ 71%] [32mBuilding CXX object CMakeFiles/ros_control_interfaces__rosidl_typesupport_c.dir/rosidl_typesupport_c/ros_control_interfaces/msg/joystick__type_support.cpp.o[0m
[9.843s] [ 71%] [32mBuilding CXX object CMakeFiles/ros_control_interfaces__rosidl_typesupport_c.dir/rosidl_typesupport_c/ros_control_interfaces/msg/motor_command__type_support.cpp.o[0m
[9.911s] [ 74%] [32m[1mLinking CXX shared library libros_control_interfaces__rosidl_typesupport_c.so[0m
[9.986s] [ 74%] Built target ros_control_interfaces__rosidl_typesupport_c
[10.026s] [ 74%] Built target ros_control_interfaces
[10.068s] [ 76%] [34m[1mGenerating Python code for ROS interfaces[0m
[11.038s] [ 76%] Built target ros_control_interfaces__py
[11.079s] [ 82%] [32mBuilding C object CMakeFiles/ros_control_interfaces__rosidl_generator_py.dir/rosidl_generator_py/ros_control_interfaces/msg/_motor_command_s.c.o[0m
[11.079s] [ 82%] [32mBuilding C object CMakeFiles/ros_control_interfaces__rosidl_generator_py.dir/rosidl_generator_py/ros_control_interfaces/msg/_joystick_s.c.o[0m
[11.317s] [ 84%] [32m[1mLinking C shared library rosidl_generator_py/ros_control_interfaces/libros_control_interfaces__rosidl_generator_py.so[0m
[11.401s] [ 84%] Built target ros_control_interfaces__rosidl_generator_py
[11.446s] [ 89%] [32mBuilding C object CMakeFiles/ros_control_interfaces__rosidl_typesupport_fastrtps_c__pyext.dir/rosidl_generator_py/ros_control_interfaces/_ros_control_interfaces_s.ep.rosidl_typesupport_fastrtps_c.c.o[0m
[11.447s] [ 89%] [32mBuilding C object CMakeFiles/ros_control_interfaces__rosidl_typesupport_c__pyext.dir/rosidl_generator_py/ros_control_interfaces/_ros_control_interfaces_s.ep.rosidl_typesupport_c.c.o[0m
[11.447s] [ 92%] [32mBuilding C object CMakeFiles/ros_control_interfaces__rosidl_typesupport_introspection_c__pyext.dir/rosidl_generator_py/ros_control_interfaces/_ros_control_interfaces_s.ep.rosidl_typesupport_introspection_c.c.o[0m
[11.670s] [ 97%] [32m[1mLinking C shared library rosidl_generator_py/ros_control_interfaces/ros_control_interfaces_s__rosidl_typesupport_c.cpython-310-aarch64-linux-gnu.so[0m
[11.672s] [ 97%] [32m[1mLinking C shared library rosidl_generator_py/ros_control_interfaces/ros_control_interfaces_s__rosidl_typesupport_fastrtps_c.cpython-310-aarch64-linux-gnu.so[0m
[11.672s] [100%] [32m[1mLinking C shared library rosidl_generator_py/ros_control_interfaces/ros_control_interfaces_s__rosidl_typesupport_introspection_c.cpython-310-aarch64-linux-gnu.so[0m
[11.760s] [100%] Built target ros_control_interfaces__rosidl_typesupport_fastrtps_c__pyext
[11.761s] [100%] Built target ros_control_interfaces__rosidl_typesupport_c__pyext
[11.761s] [100%] Built target ros_control_interfaces__rosidl_typesupport_introspection_c__pyext
[11.788s] Invoked command in '/home/jetson/ros2_ws/build/ros_control_interfaces' returned '0': CMAKE_PREFIX_PATH=${CMAKE_PREFIX_PATH}:/home/jetson/ros2_ws/install/ros_control:/home/jetson/ros2_ws/install/main:/opt/ros/humble /usr/bin/cmake --build /home/jetson/ros2_ws/build/ros_control_interfaces -- -j4 -l4
[11.814s] Invoking command in '/home/jetson/ros2_ws/build/ros_control_interfaces': CMAKE_PREFIX_PATH=${CMAKE_PREFIX_PATH}:/home/jetson/ros2_ws/install/ros_control:/home/jetson/ros2_ws/install/main:/opt/ros/humble /usr/bin/cmake --install /home/jetson/ros2_ws/build/ros_control_interfaces
[11.830s] -- Install configuration: ""
[11.831s] -- Installing: /home/jetson/ros2_ws/install/ros_control_interfaces/share/ament_index/resource_index/rosidl_interfaces/ros_control_interfaces
[11.831s] -- Installing: /home/jetson/ros2_ws/install/ros_control_interfaces/include/ros_control_interfaces/ros_control_interfaces
[11.831s] -- Installing: /home/jetson/ros2_ws/install/ros_control_interfaces/include/ros_control_interfaces/ros_control_interfaces/msg
[11.831s] -- Installing: /home/jetson/ros2_ws/install/ros_control_interfaces/include/ros_control_interfaces/ros_control_interfaces/msg/motor_command.h
[11.832s] -- Installing: /home/jetson/ros2_ws/install/ros_control_interfaces/include/ros_control_interfaces/ros_control_interfaces/msg/joystick.h
[11.832s] -- Installing: /home/jetson/ros2_ws/install/ros_control_interfaces/include/ros_control_interfaces/ros_control_interfaces/msg/detail
[11.832s] -- Installing: /home/jetson/ros2_ws/install/ros_control_interfaces/include/ros_control_interfaces/ros_control_interfaces/msg/detail/joystick__functions.h
[11.832s] -- Installing: /home/jetson/ros2_ws/install/ros_control_interfaces/include/ros_control_interfaces/ros_control_interfaces/msg/detail/joystick__functions.c
[11.833s] -- Installing: /home/jetson/ros2_ws/install/ros_control_interfaces/include/ros_control_interfaces/ros_control_interfaces/msg/detail/joystick__type_support.h
[11.833s] -- Installing: /home/jetson/ros2_ws/install/ros_control_interfaces/include/ros_control_interfaces/ros_control_interfaces/msg/detail/motor_command__type_support.h
[11.833s] -- Installing: /home/jetson/ros2_ws/install/ros_control_interfaces/include/ros_control_interfaces/ros_control_interfaces/msg/detail/motor_command__functions.h
[11.833s] -- Installing: /home/jetson/ros2_ws/install/ros_control_interfaces/include/ros_control_interfaces/ros_control_interfaces/msg/detail/motor_command__struct.h
[11.833s] -- Installing: /home/jetson/ros2_ws/install/ros_control_interfaces/include/ros_control_interfaces/ros_control_interfaces/msg/detail/motor_command__functions.c
[11.834s] -- Installing: /home/jetson/ros2_ws/install/ros_control_interfaces/include/ros_control_interfaces/ros_control_interfaces/msg/detail/joystick__struct.h
[11.834s] -- Installing: /home/jetson/ros2_ws/install/ros_control_interfaces/include/ros_control_interfaces/ros_control_interfaces/msg/rosidl_generator_c__visibility_control.h
[11.834s] -- Installing: /home/jetson/ros2_ws/install/ros_control_interfaces/share/ros_control_interfaces/environment/library_path.sh
[11.835s] -- Installing: /home/jetson/ros2_ws/install/ros_control_interfaces/share/ros_control_interfaces/environment/library_path.dsv
[11.835s] -- Installing: /home/jetson/ros2_ws/install/ros_control_interfaces/lib/libros_control_interfaces__rosidl_generator_c.so
[11.836s] -- Set runtime path of "/home/jetson/ros2_ws/install/ros_control_interfaces/lib/libros_control_interfaces__rosidl_generator_c.so" to ""
[11.836s] -- Up-to-date: /home/jetson/ros2_ws/install/ros_control_interfaces/include/ros_control_interfaces/ros_control_interfaces
[11.836s] -- Up-to-date: /home/jetson/ros2_ws/install/ros_control_interfaces/include/ros_control_interfaces/ros_control_interfaces/msg
[11.836s] -- Up-to-date: /home/jetson/ros2_ws/install/ros_control_interfaces/include/ros_control_interfaces/ros_control_interfaces/msg/detail
[11.836s] -- Installing: /home/jetson/ros2_ws/install/ros_control_interfaces/include/ros_control_interfaces/ros_control_interfaces/msg/detail/joystick__rosidl_typesupport_fastrtps_c.h
[11.837s] -- Installing: /home/jetson/ros2_ws/install/ros_control_interfaces/include/ros_control_interfaces/ros_control_interfaces/msg/detail/motor_command__rosidl_typesupport_fastrtps_c.h
[11.837s] -- Installing: /home/jetson/ros2_ws/install/ros_control_interfaces/include/ros_control_interfaces/ros_control_interfaces/msg/rosidl_typesupport_fastrtps_c__visibility_control.h
[11.837s] -- Installing: /home/jetson/ros2_ws/install/ros_control_interfaces/lib/libros_control_interfaces__rosidl_typesupport_fastrtps_c.so
[11.838s] -- Set runtime path of "/home/jetson/ros2_ws/install/ros_control_interfaces/lib/libros_control_interfaces__rosidl_typesupport_fastrtps_c.so" to ""
[11.838s] -- Up-to-date: /home/jetson/ros2_ws/install/ros_control_interfaces/include/ros_control_interfaces/ros_control_interfaces
[11.840s] -- Up-to-date: /home/jetson/ros2_ws/install/ros_control_interfaces/include/ros_control_interfaces/ros_control_interfaces/msg
[11.840s] -- Installing: /home/jetson/ros2_ws/install/ros_control_interfaces/include/ros_control_interfaces/ros_control_interfaces/msg/rosidl_generator_cpp__visibility_control.hpp
[11.840s] -- Installing: /home/jetson/ros2_ws/install/ros_control_interfaces/include/ros_control_interfaces/ros_control_interfaces/msg/motor_command.hpp
[11.841s] -- Installing: /home/jetson/ros2_ws/install/ros_control_interfaces/include/ros_control_interfaces/ros_control_interfaces/msg/joystick.hpp
[11.841s] -- Up-to-date: /home/jetson/ros2_ws/install/ros_control_interfaces/include/ros_control_interfaces/ros_control_interfaces/msg/detail
[11.841s] -- Installing: /home/jetson/ros2_ws/install/ros_control_interfaces/include/ros_control_interfaces/ros_control_interfaces/msg/detail/joystick__builder.hpp
[11.841s] -- Installing: /home/jetson/ros2_ws/install/ros_control_interfaces/include/ros_control_interfaces/ros_control_interfaces/msg/detail/joystick__struct.hpp
[11.841s] -- Installing: /home/jetson/ros2_ws/install/ros_control_interfaces/include/ros_control_interfaces/ros_control_interfaces/msg/detail/joystick__type_support.hpp
[11.841s] -- Installing: /home/jetson/ros2_ws/install/ros_control_interfaces/include/ros_control_interfaces/ros_control_interfaces/msg/detail/motor_command__struct.hpp
[11.842s] -- Installing: /home/jetson/ros2_ws/install/ros_control_interfaces/include/ros_control_interfaces/ros_control_interfaces/msg/detail/motor_command__type_support.hpp
[11.842s] -- Installing: /home/jetson/ros2_ws/install/ros_control_interfaces/include/ros_control_interfaces/ros_control_interfaces/msg/detail/motor_command__traits.hpp
[11.842s] -- Installing: /home/jetson/ros2_ws/install/ros_control_interfaces/include/ros_control_interfaces/ros_control_interfaces/msg/detail/motor_command__builder.hpp
[11.842s] -- Installing: /home/jetson/ros2_ws/install/ros_control_interfaces/include/ros_control_interfaces/ros_control_interfaces/msg/detail/joystick__traits.hpp
[11.842s] -- Up-to-date: /home/jetson/ros2_ws/install/ros_control_interfaces/include/ros_control_interfaces/ros_control_interfaces
[11.842s] -- Up-to-date: /home/jetson/ros2_ws/install/ros_control_interfaces/include/ros_control_interfaces/ros_control_interfaces/msg
[11.842s] -- Installing: /home/jetson/ros2_ws/install/ros_control_interfaces/include/ros_control_interfaces/ros_control_interfaces/msg/rosidl_typesupport_fastrtps_cpp__visibility_control.h
[11.843s] -- Up-to-date: /home/jetson/ros2_ws/install/ros_control_interfaces/include/ros_control_interfaces/ros_control_interfaces/msg/detail
[11.843s] -- Installing: /home/jetson/ros2_ws/install/ros_control_interfaces/include/ros_control_interfaces/ros_control_interfaces/msg/detail/motor_command__rosidl_typesupport_fastrtps_cpp.hpp
[11.843s] -- Installing: /home/jetson/ros2_ws/install/ros_control_interfaces/include/ros_control_interfaces/ros_control_interfaces/msg/detail/joystick__rosidl_typesupport_fastrtps_cpp.hpp
[11.843s] -- Installing: /home/jetson/ros2_ws/install/ros_control_interfaces/include/ros_control_interfaces/ros_control_interfaces/msg/detail/dds_fastrtps
[11.843s] -- Installing: /home/jetson/ros2_ws/install/ros_control_interfaces/lib/libros_control_interfaces__rosidl_typesupport_fastrtps_cpp.so
[11.843s] -- Set runtime path of "/home/jetson/ros2_ws/install/ros_control_interfaces/lib/libros_control_interfaces__rosidl_typesupport_fastrtps_cpp.so" to ""
[11.844s] -- Up-to-date: /home/jetson/ros2_ws/install/ros_control_interfaces/include/ros_control_interfaces/ros_control_interfaces
[11.844s] -- Up-to-date: /home/jetson/ros2_ws/install/ros_control_interfaces/include/ros_control_interfaces/ros_control_interfaces/msg
[11.844s] -- Installing: /home/jetson/ros2_ws/install/ros_control_interfaces/include/ros_control_interfaces/ros_control_interfaces/msg/rosidl_typesupport_introspection_c__visibility_control.h
[11.844s] -- Up-to-date: /home/jetson/ros2_ws/install/ros_control_interfaces/include/ros_control_interfaces/ros_control_interfaces/msg/detail
[11.844s] -- Installing: /home/jetson/ros2_ws/install/ros_control_interfaces/include/ros_control_interfaces/ros_control_interfaces/msg/detail/joystick__type_support.c
[11.844s] -- Installing: /home/jetson/ros2_ws/install/ros_control_interfaces/include/ros_control_interfaces/ros_control_interfaces/msg/detail/motor_command__rosidl_typesupport_introspection_c.h
[11.845s] -- Installing: /home/jetson/ros2_ws/install/ros_control_interfaces/include/ros_control_interfaces/ros_control_interfaces/msg/detail/motor_command__type_support.c
[11.847s] -- Installing: /home/jetson/ros2_ws/install/ros_control_interfaces/include/ros_control_interfaces/ros_control_interfaces/msg/detail/joystick__rosidl_typesupport_introspection_c.h
[11.848s] -- Installing: /home/jetson/ros2_ws/install/ros_control_interfaces/lib/libros_control_interfaces__rosidl_typesupport_introspection_c.so
[11.848s] -- Set runtime path of "/home/jetson/ros2_ws/install/ros_control_interfaces/lib/libros_control_interfaces__rosidl_typesupport_introspection_c.so" to ""
[11.848s] -- Installing: /home/jetson/ros2_ws/install/ros_control_interfaces/lib/libros_control_interfaces__rosidl_typesupport_c.so
[11.848s] -- Set runtime path of "/home/jetson/ros2_ws/install/ros_control_interfaces/lib/libros_control_interfaces__rosidl_typesupport_c.so" to ""
[11.848s] -- Up-to-date: /home/jetson/ros2_ws/install/ros_control_interfaces/include/ros_control_interfaces/ros_control_interfaces
[11.849s] -- Up-to-date: /home/jetson/ros2_ws/install/ros_control_interfaces/include/ros_control_interfaces/ros_control_interfaces/msg
[11.849s] -- Up-to-date: /home/jetson/ros2_ws/install/ros_control_interfaces/include/ros_control_interfaces/ros_control_interfaces/msg/detail
[11.849s] -- Installing: /home/jetson/ros2_ws/install/ros_control_interfaces/include/ros_control_interfaces/ros_control_interfaces/msg/detail/joystick__rosidl_typesupport_introspection_cpp.hpp
[11.849s] -- Installing: /home/jetson/ros2_ws/install/ros_control_interfaces/include/ros_control_interfaces/ros_control_interfaces/msg/detail/joystick__type_support.cpp
[11.849s] -- Installing: /home/jetson/ros2_ws/install/ros_control_interfaces/include/ros_control_interfaces/ros_control_interfaces/msg/detail/motor_command__rosidl_typesupport_introspection_cpp.hpp
[11.849s] -- Installing: /home/jetson/ros2_ws/install/ros_control_interfaces/include/ros_control_interfaces/ros_control_interfaces/msg/detail/motor_command__type_support.cpp
[11.850s] -- Installing: /home/jetson/ros2_ws/install/ros_control_interfaces/lib/libros_control_interfaces__rosidl_typesupport_introspection_cpp.so
[11.850s] -- Set runtime path of "/home/jetson/ros2_ws/install/ros_control_interfaces/lib/libros_control_interfaces__rosidl_typesupport_introspection_cpp.so" to ""
[11.850s] -- Installing: /home/jetson/ros2_ws/install/ros_control_interfaces/lib/libros_control_interfaces__rosidl_typesupport_cpp.so
[11.850s] -- Set runtime path of "/home/jetson/ros2_ws/install/ros_control_interfaces/lib/libros_control_interfaces__rosidl_typesupport_cpp.so" to ""
[11.851s] -- Installing: /home/jetson/ros2_ws/install/ros_control_interfaces/share/ros_control_interfaces/environment/pythonpath.sh
[11.851s] -- Installing: /home/jetson/ros2_ws/install/ros_control_interfaces/share/ros_control_interfaces/environment/pythonpath.dsv
[11.851s] -- Installing: /home/jetson/ros2_ws/install/ros_control_interfaces/local/lib/python3.10/dist-packages/ros_control_interfaces-0.0.0-py3.10.egg-info
[11.851s] -- Installing: /home/jetson/ros2_ws/install/ros_control_interfaces/local/lib/python3.10/dist-packages/ros_control_interfaces-0.0.0-py3.10.egg-info/SOURCES.txt
[11.852s] -- Installing: /home/jetson/ros2_ws/install/ros_control_interfaces/local/lib/python3.10/dist-packages/ros_control_interfaces-0.0.0-py3.10.egg-info/top_level.txt
[11.852s] -- Installing: /home/jetson/ros2_ws/install/ros_control_interfaces/local/lib/python3.10/dist-packages/ros_control_interfaces-0.0.0-py3.10.egg-info/dependency_links.txt
[11.852s] -- Installing: /home/jetson/ros2_ws/install/ros_control_interfaces/local/lib/python3.10/dist-packages/ros_control_interfaces-0.0.0-py3.10.egg-info/PKG-INFO
[11.852s] -- Installing: /home/jetson/ros2_ws/install/ros_control_interfaces/local/lib/python3.10/dist-packages/ros_control_interfaces
[11.853s] -- Installing: /home/jetson/ros2_ws/install/ros_control_interfaces/local/lib/python3.10/dist-packages/ros_control_interfaces/_ros_control_interfaces_s.ep.rosidl_typesupport_c.c
[11.854s] -- Installing: /home/jetson/ros2_ws/install/ros_control_interfaces/local/lib/python3.10/dist-packages/ros_control_interfaces/msg
[11.854s] -- Installing: /home/jetson/ros2_ws/install/ros_control_interfaces/local/lib/python3.10/dist-packages/ros_control_interfaces/msg/_motor_command_s.c
[11.854s] -- Installing: /home/jetson/ros2_ws/install/ros_control_interfaces/local/lib/python3.10/dist-packages/ros_control_interfaces/msg/__init__.py
[11.855s] -- Installing: /home/jetson/ros2_ws/install/ros_control_interfaces/local/lib/python3.10/dist-packages/ros_control_interfaces/msg/_joystick.py
[11.855s] -- Installing: /home/jetson/ros2_ws/install/ros_control_interfaces/local/lib/python3.10/dist-packages/ros_control_interfaces/msg/_joystick_s.c
[11.855s] -- Installing: /home/jetson/ros2_ws/install/ros_control_interfaces/local/lib/python3.10/dist-packages/ros_control_interfaces/msg/_motor_command.py
[11.855s] -- Installing: /home/jetson/ros2_ws/install/ros_control_interfaces/local/lib/python3.10/dist-packages/ros_control_interfaces/ros_control_interfaces_s__rosidl_typesupport_fastrtps_c.cpython-310-aarch64-linux-gnu.so
[11.855s] -- Installing: /home/jetson/ros2_ws/install/ros_control_interfaces/local/lib/python3.10/dist-packages/ros_control_interfaces/ros_control_interfaces_s__rosidl_typesupport_c.cpython-310-aarch64-linux-gnu.so
[11.856s] -- Installing: /home/jetson/ros2_ws/install/ros_control_interfaces/local/lib/python3.10/dist-packages/ros_control_interfaces/libros_control_interfaces__rosidl_generator_py.so
[11.856s] -- Installing: /home/jetson/ros2_ws/install/ros_control_interfaces/local/lib/python3.10/dist-packages/ros_control_interfaces/ros_control_interfaces_s__rosidl_typesupport_introspection_c.cpython-310-aarch64-linux-gnu.so
[11.856s] -- Installing: /home/jetson/ros2_ws/install/ros_control_interfaces/local/lib/python3.10/dist-packages/ros_control_interfaces/__init__.py
[11.856s] -- Installing: /home/jetson/ros2_ws/install/ros_control_interfaces/local/lib/python3.10/dist-packages/ros_control_interfaces/_ros_control_interfaces_s.ep.rosidl_typesupport_introspection_c.c
[11.856s] -- Installing: /home/jetson/ros2_ws/install/ros_control_interfaces/local/lib/python3.10/dist-packages/ros_control_interfaces/_ros_control_interfaces_s.ep.rosidl_typesupport_fastrtps_c.c
[11.932s] Listing '/home/jetson/ros2_ws/install/ros_control_interfaces/local/lib/python3.10/dist-packages/ros_control_interfaces'...
[11.933s] Compiling '/home/jetson/ros2_ws/install/ros_control_interfaces/local/lib/python3.10/dist-packages/ros_control_interfaces/__init__.py'...
[11.933s] Listing '/home/jetson/ros2_ws/install/ros_control_interfaces/local/lib/python3.10/dist-packages/ros_control_interfaces/msg'...
[11.933s] Compiling '/home/jetson/ros2_ws/install/ros_control_interfaces/local/lib/python3.10/dist-packages/ros_control_interfaces/msg/__init__.py'...
[11.933s] Compiling '/home/jetson/ros2_ws/install/ros_control_interfaces/local/lib/python3.10/dist-packages/ros_control_interfaces/msg/_joystick.py'...
[11.933s] Compiling '/home/jetson/ros2_ws/install/ros_control_interfaces/local/lib/python3.10/dist-packages/ros_control_interfaces/msg/_motor_command.py'...
[11.947s] -- Installing: /home/jetson/ros2_ws/install/ros_control_interfaces/local/lib/python3.10/dist-packages/ros_control_interfaces/ros_control_interfaces_s__rosidl_typesupport_fastrtps_c.cpython-310-aarch64-linux-gnu.so
[11.948s] -- Set runtime path of "/home/jetson/ros2_ws/install/ros_control_interfaces/local/lib/python3.10/dist-packages/ros_control_interfaces/ros_control_interfaces_s__rosidl_typesupport_fastrtps_c.cpython-310-aarch64-linux-gnu.so" to ""
[11.948s] -- Installing: /home/jetson/ros2_ws/install/ros_control_interfaces/local/lib/python3.10/dist-packages/ros_control_interfaces/ros_control_interfaces_s__rosidl_typesupport_introspection_c.cpython-310-aarch64-linux-gnu.so
[11.949s] -- Set runtime path of "/home/jetson/ros2_ws/install/ros_control_interfaces/local/lib/python3.10/dist-packages/ros_control_interfaces/ros_control_interfaces_s__rosidl_typesupport_introspection_c.cpython-310-aarch64-linux-gnu.so" to ""
[11.949s] -- Installing: /home/jetson/ros2_ws/install/ros_control_interfaces/local/lib/python3.10/dist-packages/ros_control_interfaces/ros_control_interfaces_s__rosidl_typesupport_c.cpython-310-aarch64-linux-gnu.so
[11.950s] -- Set runtime path of "/home/jetson/ros2_ws/install/ros_control_interfaces/local/lib/python3.10/dist-packages/ros_control_interfaces/ros_control_interfaces_s__rosidl_typesupport_c.cpython-310-aarch64-linux-gnu.so" to ""
[11.950s] -- Installing: /home/jetson/ros2_ws/install/ros_control_interfaces/lib/libros_control_interfaces__rosidl_generator_py.so
[11.952s] -- Set runtime path of "/home/jetson/ros2_ws/install/ros_control_interfaces/lib/libros_control_interfaces__rosidl_generator_py.so" to ""
[11.952s] -- Installing: /home/jetson/ros2_ws/install/ros_control_interfaces/share/ros_control_interfaces/msg/Joystick.idl
[11.952s] -- Installing: /home/jetson/ros2_ws/install/ros_control_interfaces/share/ros_control_interfaces/msg/MotorCommand.idl
[11.952s] -- Installing: /home/jetson/ros2_ws/install/ros_control_interfaces/share/ros_control_interfaces/msg/Joystick.msg
[11.952s] -- Installing: /home/jetson/ros2_ws/install/ros_control_interfaces/share/ros_control_interfaces/msg/MotorCommand.msg
[11.953s] -- Installing: /home/jetson/ros2_ws/install/ros_control_interfaces/share/ament_index/resource_index/package_run_dependencies/ros_control_interfaces
[11.953s] -- Installing: /home/jetson/ros2_ws/install/ros_control_interfaces/share/ament_index/resource_index/parent_prefix_path/ros_control_interfaces
[11.953s] -- Installing: /home/jetson/ros2_ws/install/ros_control_interfaces/share/ros_control_interfaces/environment/ament_prefix_path.sh
[11.954s] -- Installing: /home/jetson/ros2_ws/install/ros_control_interfaces/share/ros_control_interfaces/environment/ament_prefix_path.dsv
[11.954s] -- Installing: /home/jetson/ros2_ws/install/ros_control_interfaces/share/ros_control_interfaces/environment/path.sh
[11.954s] -- Installing: /home/jetson/ros2_ws/install/ros_control_interfaces/share/ros_control_interfaces/environment/path.dsv
[11.955s] -- Installing: /home/jetson/ros2_ws/install/ros_control_interfaces/share/ros_control_interfaces/local_setup.bash
[11.955s] -- Installing: /home/jetson/ros2_ws/install/ros_control_interfaces/share/ros_control_interfaces/local_setup.sh
[11.955s] -- Installing: /home/jetson/ros2_ws/install/ros_control_interfaces/share/ros_control_interfaces/local_setup.zsh
[11.956s] -- Installing: /home/jetson/ros2_ws/install/ros_control_interfaces/share/ros_control_interfaces/local_setup.dsv
[11.956s] -- Installing: /home/jetson/ros2_ws/install/ros_control_interfaces/share/ros_control_interfaces/package.dsv
[11.956s] -- Installing: /home/jetson/ros2_ws/install/ros_control_interfaces/share/ament_index/resource_index/packages/ros_control_interfaces
[11.956s] -- Installing: /home/jetson/ros2_ws/install/ros_control_interfaces/share/ros_control_interfaces/cmake/export_ros_control_interfaces__rosidl_generator_cExport.cmake
[11.957s] -- Installing: /home/jetson/ros2_ws/install/ros_control_interfaces/share/ros_control_interfaces/cmake/export_ros_control_interfaces__rosidl_generator_cExport-noconfig.cmake
[11.957s] -- Installing: /home/jetson/ros2_ws/install/ros_control_interfaces/share/ros_control_interfaces/cmake/export_ros_control_interfaces__rosidl_typesupport_fastrtps_cExport.cmake
[11.957s] -- Installing: /home/jetson/ros2_ws/install/ros_control_interfaces/share/ros_control_interfaces/cmake/export_ros_control_interfaces__rosidl_typesupport_fastrtps_cExport-noconfig.cmake
[11.958s] -- Installing: /home/jetson/ros2_ws/install/ros_control_interfaces/share/ros_control_interfaces/cmake/export_ros_control_interfaces__rosidl_generator_cppExport.cmake
[11.958s] -- Installing: /home/jetson/ros2_ws/install/ros_control_interfaces/share/ros_control_interfaces/cmake/export_ros_control_interfaces__rosidl_typesupport_fastrtps_cppExport.cmake
[11.958s] -- Installing: /home/jetson/ros2_ws/install/ros_control_interfaces/share/ros_control_interfaces/cmake/export_ros_control_interfaces__rosidl_typesupport_fastrtps_cppExport-noconfig.cmake
[11.959s] -- Installing: /home/jetson/ros2_ws/install/ros_control_interfaces/share/ros_control_interfaces/cmake/ros_control_interfaces__rosidl_typesupport_introspection_cExport.cmake
[11.959s] -- Installing: /home/jetson/ros2_ws/install/ros_control_interfaces/share/ros_control_interfaces/cmake/ros_control_interfaces__rosidl_typesupport_introspection_cExport-noconfig.cmake
[11.959s] -- Installing: /home/jetson/ros2_ws/install/ros_control_interfaces/share/ros_control_interfaces/cmake/ros_control_interfaces__rosidl_typesupport_cExport.cmake
[11.959s] -- Installing: /home/jetson/ros2_ws/install/ros_control_interfaces/share/ros_control_interfaces/cmake/ros_control_interfaces__rosidl_typesupport_cExport-noconfig.cmake
[11.960s] -- Installing: /home/jetson/ros2_ws/install/ros_control_interfaces/share/ros_control_interfaces/cmake/ros_control_interfaces__rosidl_typesupport_introspection_cppExport.cmake
[11.960s] -- Installing: /home/jetson/ros2_ws/install/ros_control_interfaces/share/ros_control_interfaces/cmake/ros_control_interfaces__rosidl_typesupport_introspection_cppExport-noconfig.cmake
[11.960s] -- Installing: /home/jetson/ros2_ws/install/ros_control_interfaces/share/ros_control_interfaces/cmake/ros_control_interfaces__rosidl_typesupport_cppExport.cmake
[11.961s] -- Installing: /home/jetson/ros2_ws/install/ros_control_interfaces/share/ros_control_interfaces/cmake/ros_control_interfaces__rosidl_typesupport_cppExport-noconfig.cmake
[11.961s] -- Installing: /home/jetson/ros2_ws/install/ros_control_interfaces/share/ros_control_interfaces/cmake/export_ros_control_interfaces__rosidl_generator_pyExport.cmake
[11.961s] -- Installing: /home/jetson/ros2_ws/install/ros_control_interfaces/share/ros_control_interfaces/cmake/export_ros_control_interfaces__rosidl_generator_pyExport-noconfig.cmake
[11.962s] -- Installing: /home/jetson/ros2_ws/install/ros_control_interfaces/share/ros_control_interfaces/cmake/rosidl_cmake-extras.cmake
[11.962s] -- Installing: /home/jetson/ros2_ws/install/ros_control_interfaces/share/ros_control_interfaces/cmake/ament_cmake_export_dependencies-extras.cmake
[11.962s] -- Installing: /home/jetson/ros2_ws/install/ros_control_interfaces/share/ros_control_interfaces/cmake/ament_cmake_export_include_directories-extras.cmake
[11.962s] -- Installing: /home/jetson/ros2_ws/install/ros_control_interfaces/share/ros_control_interfaces/cmake/ament_cmake_export_libraries-extras.cmake
[11.963s] -- Installing: /home/jetson/ros2_ws/install/ros_control_interfaces/share/ros_control_interfaces/cmake/ament_cmake_export_targets-extras.cmake
[11.963s] -- Installing: /home/jetson/ros2_ws/install/ros_control_interfaces/share/ros_control_interfaces/cmake/rosidl_cmake_export_typesupport_targets-extras.cmake
[11.963s] -- Installing: /home/jetson/ros2_ws/install/ros_control_interfaces/share/ros_control_interfaces/cmake/rosidl_cmake_export_typesupport_libraries-extras.cmake
[11.964s] -- Installing: /home/jetson/ros2_ws/install/ros_control_interfaces/share/ros_control_interfaces/cmake/ros_control_interfacesConfig.cmake
[11.964s] -- Installing: /home/jetson/ros2_ws/install/ros_control_interfaces/share/ros_control_interfaces/cmake/ros_control_interfacesConfig-version.cmake
[11.964s] -- Installing: /home/jetson/ros2_ws/install/ros_control_interfaces/share/ros_control_interfaces/package.xml
[11.970s] Invoked command in '/home/jetson/ros2_ws/build/ros_control_interfaces' returned '0': CMAKE_PREFIX_PATH=${CMAKE_PREFIX_PATH}:/home/jetson/ros2_ws/install/ros_control:/home/jetson/ros2_ws/install/main:/opt/ros/humble /usr/bin/cmake --install /home/jetson/ros2_ws/build/ros_control_interfaces
