[0.245s] DEBUG:colcon:Command line arguments: ['/usr/bin/colcon', 'build']
[0.245s] DEBUG:colcon:Parsed command line arguments: Namespace(log_base=None, log_level=None, verb_name='build', build_base='build', install_base='install', merge_install=False, symlink_install=False, test_result_base=None, continue_on_error=False, executor='parallel', parallel_workers=4, event_handlers=None, ignore_user_meta=False, metas=['./colcon.meta'], base_paths=['.'], packages_ignore=None, packages_ignore_regex=None, paths=None, packages_up_to=None, packages_up_to_regex=None, packages_above=None, packages_above_and_dependencies=None, packages_above_depth=None, packages_select_by_dep=None, packages_skip_by_dep=None, packages_skip_up_to=None, packages_select_build_failed=False, packages_skip_build_finished=False, packages_select_test_failures=False, packages_skip_test_passed=False, packages_select=None, packages_skip=None, packages_select_regex=None, packages_skip_regex=None, packages_start=None, packages_end=None, allow_overriding=[], cmake_args=None, cmake_target=None, cmake_target_skip_unavailable=False, cmake_clean_cache=False, cmake_clean_first=False, cmake_force_configure=False, ament_cmake_args=None, catkin_cmake_args=None, catkin_skip_building_tests=False, verb_parser=<colcon_defaults.argument_parser.defaults.DefaultArgumentsDecorator object at 0xffff876c8220>, verb_extension=<colcon_core.verb.build.BuildVerb object at 0xffff87693cd0>, main=<bound method BuildVerb.main of <colcon_core.verb.build.BuildVerb object at 0xffff87693cd0>>)
[0.649s] Level 1:colcon.colcon_core.package_discovery:discover_packages(colcon_meta) check parameters
[0.650s] Level 1:colcon.colcon_core.package_discovery:discover_packages(recursive) check parameters
[0.650s] Level 1:colcon.colcon_core.package_discovery:discover_packages(ignore) check parameters
[0.650s] Level 1:colcon.colcon_core.package_discovery:discover_packages(path) check parameters
[0.650s] Level 1:colcon.colcon_core.package_discovery:discover_packages(colcon_meta) discover
[0.650s] Level 1:colcon.colcon_core.package_discovery:discover_packages(recursive) discover
[0.650s] INFO:colcon.colcon_core.package_discovery:Crawling recursively for packages in '/home/jetson/ros2_ws'
[0.651s] Level 1:colcon.colcon_core.package_identification:_identify(.) by extensions ['ignore', 'ignore_ament_install']
[0.651s] Level 1:colcon.colcon_core.package_identification:_identify(.) by extension 'ignore'
[0.651s] Level 1:colcon.colcon_core.package_identification:_identify(.) by extension 'ignore_ament_install'
[0.651s] Level 1:colcon.colcon_core.package_identification:_identify(.) by extensions ['colcon_pkg']
[0.651s] Level 1:colcon.colcon_core.package_identification:_identify(.) by extension 'colcon_pkg'
[0.651s] Level 1:colcon.colcon_core.package_identification:_identify(.) by extensions ['colcon_meta']
[0.652s] Level 1:colcon.colcon_core.package_identification:_identify(.) by extension 'colcon_meta'
[0.652s] Level 1:colcon.colcon_core.package_identification:_identify(.) by extensions ['ros']
[0.652s] Level 1:colcon.colcon_core.package_identification:_identify(.) by extension 'ros'
[0.678s] Level 1:colcon.colcon_core.package_identification:_identify(.) by extensions ['cmake', 'python']
[0.678s] Level 1:colcon.colcon_core.package_identification:_identify(.) by extension 'cmake'
[0.678s] Level 1:colcon.colcon_core.package_identification:_identify(.) by extension 'python'
[0.678s] Level 1:colcon.colcon_core.package_identification:_identify(.) by extensions ['python_setup_py']
[0.678s] Level 1:colcon.colcon_core.package_identification:_identify(.) by extension 'python_setup_py'
[0.679s] Level 1:colcon.colcon_core.package_identification:_identify(build) by extensions ['ignore', 'ignore_ament_install']
[0.679s] Level 1:colcon.colcon_core.package_identification:_identify(build) by extension 'ignore'
[0.679s] Level 1:colcon.colcon_core.package_identification:_identify(build) ignored
[0.679s] Level 1:colcon.colcon_core.package_identification:_identify(install) by extensions ['ignore', 'ignore_ament_install']
[0.680s] Level 1:colcon.colcon_core.package_identification:_identify(install) by extension 'ignore'
[0.680s] Level 1:colcon.colcon_core.package_identification:_identify(install) ignored
[0.680s] Level 1:colcon.colcon_core.package_identification:_identify(log) by extensions ['ignore', 'ignore_ament_install']
[0.680s] Level 1:colcon.colcon_core.package_identification:_identify(log) by extension 'ignore'
[0.680s] Level 1:colcon.colcon_core.package_identification:_identify(log) ignored
[0.681s] Level 1:colcon.colcon_core.package_identification:_identify(src) by extensions ['ignore', 'ignore_ament_install']
[0.681s] Level 1:colcon.colcon_core.package_identification:_identify(src) by extension 'ignore'
[0.681s] Level 1:colcon.colcon_core.package_identification:_identify(src) by extension 'ignore_ament_install'
[0.681s] Level 1:colcon.colcon_core.package_identification:_identify(src) by extensions ['colcon_pkg']
[0.681s] Level 1:colcon.colcon_core.package_identification:_identify(src) by extension 'colcon_pkg'
[0.681s] Level 1:colcon.colcon_core.package_identification:_identify(src) by extensions ['colcon_meta']
[0.681s] Level 1:colcon.colcon_core.package_identification:_identify(src) by extension 'colcon_meta'
[0.681s] Level 1:colcon.colcon_core.package_identification:_identify(src) by extensions ['ros']
[0.682s] Level 1:colcon.colcon_core.package_identification:_identify(src) by extension 'ros'
[0.682s] Level 1:colcon.colcon_core.package_identification:_identify(src) by extensions ['cmake', 'python']
[0.682s] Level 1:colcon.colcon_core.package_identification:_identify(src) by extension 'cmake'
[0.682s] Level 1:colcon.colcon_core.package_identification:_identify(src) by extension 'python'
[0.682s] Level 1:colcon.colcon_core.package_identification:_identify(src) by extensions ['python_setup_py']
[0.682s] Level 1:colcon.colcon_core.package_identification:_identify(src) by extension 'python_setup_py'
[0.682s] Level 1:colcon.colcon_core.package_identification:_identify(src/ros_control) by extensions ['ignore', 'ignore_ament_install']
[0.683s] Level 1:colcon.colcon_core.package_identification:_identify(src/ros_control) by extension 'ignore'
[0.683s] Level 1:colcon.colcon_core.package_identification:_identify(src/ros_control) by extension 'ignore_ament_install'
[0.683s] Level 1:colcon.colcon_core.package_identification:_identify(src/ros_control) by extensions ['colcon_pkg']
[0.683s] Level 1:colcon.colcon_core.package_identification:_identify(src/ros_control) by extension 'colcon_pkg'
[0.683s] Level 1:colcon.colcon_core.package_identification:_identify(src/ros_control) by extensions ['colcon_meta']
[0.683s] Level 1:colcon.colcon_core.package_identification:_identify(src/ros_control) by extension 'colcon_meta'
[0.683s] Level 1:colcon.colcon_core.package_identification:_identify(src/ros_control) by extensions ['ros']
[0.683s] Level 1:colcon.colcon_core.package_identification:_identify(src/ros_control) by extension 'ros'
[0.689s] DEBUG:colcon.colcon_core.package_identification:Package 'src/ros_control' with type 'ros.ament_python' and name 'ros_control'
[0.689s] Level 1:colcon.colcon_core.package_identification:_identify(src/ros_control_interfaces) by extensions ['ignore', 'ignore_ament_install']
[0.690s] Level 1:colcon.colcon_core.package_identification:_identify(src/ros_control_interfaces) by extension 'ignore'
[0.690s] Level 1:colcon.colcon_core.package_identification:_identify(src/ros_control_interfaces) by extension 'ignore_ament_install'
[0.690s] Level 1:colcon.colcon_core.package_identification:_identify(src/ros_control_interfaces) by extensions ['colcon_pkg']
[0.690s] Level 1:colcon.colcon_core.package_identification:_identify(src/ros_control_interfaces) by extension 'colcon_pkg'
[0.690s] Level 1:colcon.colcon_core.package_identification:_identify(src/ros_control_interfaces) by extensions ['colcon_meta']
[0.690s] Level 1:colcon.colcon_core.package_identification:_identify(src/ros_control_interfaces) by extension 'colcon_meta'
[0.690s] Level 1:colcon.colcon_core.package_identification:_identify(src/ros_control_interfaces) by extensions ['ros']
[0.690s] Level 1:colcon.colcon_core.package_identification:_identify(src/ros_control_interfaces) by extension 'ros'
[0.692s] DEBUG:colcon.colcon_core.package_identification:Package 'src/ros_control_interfaces' with type 'ros.ament_cmake' and name 'ros_control_interfaces'
[0.692s] Level 1:colcon.colcon_core.package_discovery:discover_packages(recursive) using defaults
[0.692s] Level 1:colcon.colcon_core.package_discovery:discover_packages(ignore) discover
[0.692s] Level 1:colcon.colcon_core.package_discovery:discover_packages(ignore) using defaults
[0.692s] Level 1:colcon.colcon_core.package_discovery:discover_packages(path) discover
[0.692s] Level 1:colcon.colcon_core.package_discovery:discover_packages(path) using defaults
[0.736s] Level 1:colcon.colcon_core.package_discovery:discover_packages(prefix_path) check parameters
[0.736s] Level 1:colcon.colcon_core.package_discovery:discover_packages(prefix_path) discover
[0.741s] DEBUG:colcon.colcon_installed_package_information.package_discovery:Found 2 installed packages in /home/jetson/ros2_ws/install
[0.743s] DEBUG:colcon.colcon_installed_package_information.package_discovery:Found 297 installed packages in /opt/ros/humble
[0.776s] Level 1:colcon.colcon_core.package_discovery:discover_packages(prefix_path) using defaults
[0.871s] Level 5:colcon.colcon_core.verb:set package 'ros_control_interfaces' build argument 'cmake_args' from command line to 'None'
[0.871s] Level 5:colcon.colcon_core.verb:set package 'ros_control_interfaces' build argument 'cmake_target' from command line to 'None'
[0.871s] Level 5:colcon.colcon_core.verb:set package 'ros_control_interfaces' build argument 'cmake_target_skip_unavailable' from command line to 'False'
[0.871s] Level 5:colcon.colcon_core.verb:set package 'ros_control_interfaces' build argument 'cmake_clean_cache' from command line to 'False'
[0.871s] Level 5:colcon.colcon_core.verb:set package 'ros_control_interfaces' build argument 'cmake_clean_first' from command line to 'False'
[0.871s] Level 5:colcon.colcon_core.verb:set package 'ros_control_interfaces' build argument 'cmake_force_configure' from command line to 'False'
[0.871s] Level 5:colcon.colcon_core.verb:set package 'ros_control_interfaces' build argument 'ament_cmake_args' from command line to 'None'
[0.871s] Level 5:colcon.colcon_core.verb:set package 'ros_control_interfaces' build argument 'catkin_cmake_args' from command line to 'None'
[0.871s] Level 5:colcon.colcon_core.verb:set package 'ros_control_interfaces' build argument 'catkin_skip_building_tests' from command line to 'False'
[0.872s] DEBUG:colcon.colcon_core.verb:Building package 'ros_control_interfaces' with the following arguments: {'ament_cmake_args': None, 'build_base': '/home/jetson/ros2_ws/build/ros_control_interfaces', 'catkin_cmake_args': None, 'catkin_skip_building_tests': False, 'cmake_args': None, 'cmake_clean_cache': False, 'cmake_clean_first': False, 'cmake_force_configure': False, 'cmake_target': None, 'cmake_target_skip_unavailable': False, 'install_base': '/home/jetson/ros2_ws/install/ros_control_interfaces', 'merge_install': False, 'path': '/home/jetson/ros2_ws/src/ros_control_interfaces', 'symlink_install': False, 'test_result_base': None}
[0.873s] Level 5:colcon.colcon_core.verb:set package 'ros_control' build argument 'cmake_args' from command line to 'None'
[0.873s] Level 5:colcon.colcon_core.verb:set package 'ros_control' build argument 'cmake_target' from command line to 'None'
[0.873s] Level 5:colcon.colcon_core.verb:set package 'ros_control' build argument 'cmake_target_skip_unavailable' from command line to 'False'
[0.873s] Level 5:colcon.colcon_core.verb:set package 'ros_control' build argument 'cmake_clean_cache' from command line to 'False'
[0.873s] Level 5:colcon.colcon_core.verb:set package 'ros_control' build argument 'cmake_clean_first' from command line to 'False'
[0.873s] Level 5:colcon.colcon_core.verb:set package 'ros_control' build argument 'cmake_force_configure' from command line to 'False'
[0.873s] Level 5:colcon.colcon_core.verb:set package 'ros_control' build argument 'ament_cmake_args' from command line to 'None'
[0.873s] Level 5:colcon.colcon_core.verb:set package 'ros_control' build argument 'catkin_cmake_args' from command line to 'None'
[0.873s] Level 5:colcon.colcon_core.verb:set package 'ros_control' build argument 'catkin_skip_building_tests' from command line to 'False'
[0.873s] DEBUG:colcon.colcon_core.verb:Building package 'ros_control' with the following arguments: {'ament_cmake_args': None, 'build_base': '/home/jetson/ros2_ws/build/ros_control', 'catkin_cmake_args': None, 'catkin_skip_building_tests': False, 'cmake_args': None, 'cmake_clean_cache': False, 'cmake_clean_first': False, 'cmake_force_configure': False, 'cmake_target': None, 'cmake_target_skip_unavailable': False, 'install_base': '/home/jetson/ros2_ws/install/ros_control', 'merge_install': False, 'path': '/home/jetson/ros2_ws/src/ros_control', 'symlink_install': False, 'test_result_base': None}
[0.874s] INFO:colcon.colcon_core.executor:Executing jobs using 'parallel' executor
[0.877s] DEBUG:colcon.colcon_parallel_executor.executor.parallel:run_until_complete
[0.878s] INFO:colcon.colcon_ros.task.ament_cmake.build:Building ROS package in '/home/jetson/ros2_ws/src/ros_control_interfaces' with build type 'ament_cmake'
[0.881s] INFO:colcon.colcon_cmake.task.cmake.build:Building CMake package in '/home/jetson/ros2_ws/src/ros_control_interfaces'
[0.885s] INFO:colcon.colcon_core.plugin_system:Skipping extension 'colcon_core.shell.bat': Not used on non-Windows systems
[0.886s] INFO:colcon.colcon_core.shell:Skip shell extension 'powershell' for command environment: Not usable outside of PowerShell
[0.886s] DEBUG:colcon.colcon_core.shell:Skip shell extension 'dsv' for command environment
[0.917s] DEBUG:colcon.colcon_core.event_handler.log_command:Invoking command in '/home/jetson/ros2_ws/build/ros_control_interfaces': CMAKE_PREFIX_PATH=${CMAKE_PREFIX_PATH}:/home/jetson/ros2_ws/install/ros_control:/opt/ros/humble /usr/bin/cmake --build /home/jetson/ros2_ws/build/ros_control_interfaces -- -j4 -l4
[1.804s] DEBUG:colcon.colcon_core.event_handler.log_command:Invoked command in '/home/jetson/ros2_ws/build/ros_control_interfaces' returned '0': CMAKE_PREFIX_PATH=${CMAKE_PREFIX_PATH}:/home/jetson/ros2_ws/install/ros_control:/opt/ros/humble /usr/bin/cmake --build /home/jetson/ros2_ws/build/ros_control_interfaces -- -j4 -l4
[1.831s] DEBUG:colcon.colcon_core.event_handler.log_command:Invoking command in '/home/jetson/ros2_ws/build/ros_control_interfaces': CMAKE_PREFIX_PATH=${CMAKE_PREFIX_PATH}:/home/jetson/ros2_ws/install/ros_control:/opt/ros/humble /usr/bin/cmake --install /home/jetson/ros2_ws/build/ros_control_interfaces
[1.994s] Level 1:colcon.colcon_core.environment:create_environment_scripts_only(ros_control_interfaces)
[2.002s] Level 1:colcon.colcon_core.environment:checking '/home/jetson/ros2_ws/install/ros_control_interfaces' for CMake module files
[2.004s] Level 1:colcon.colcon_core.environment:checking '/home/jetson/ros2_ws/install/ros_control_interfaces' for CMake config files
[2.005s] Level 1:colcon.colcon_core.shell:create_environment_hook('ros_control_interfaces', 'cmake_prefix_path')
[2.014s] INFO:colcon.colcon_core.shell:Creating environment hook '/home/jetson/ros2_ws/install/ros_control_interfaces/share/ros_control_interfaces/hook/cmake_prefix_path.ps1'
[2.029s] DEBUG:colcon.colcon_core.event_handler.log_command:Invoked command in '/home/jetson/ros2_ws/build/ros_control_interfaces' returned '0': CMAKE_PREFIX_PATH=${CMAKE_PREFIX_PATH}:/home/jetson/ros2_ws/install/ros_control:/opt/ros/humble /usr/bin/cmake --install /home/jetson/ros2_ws/build/ros_control_interfaces
[2.036s] INFO:colcon.colcon_core.shell:Creating environment descriptor '/home/jetson/ros2_ws/install/ros_control_interfaces/share/ros_control_interfaces/hook/cmake_prefix_path.dsv'
[2.037s] INFO:colcon.colcon_core.shell:Creating environment hook '/home/jetson/ros2_ws/install/ros_control_interfaces/share/ros_control_interfaces/hook/cmake_prefix_path.sh'
[2.040s] Level 1:colcon.colcon_core.environment:checking '/home/jetson/ros2_ws/install/ros_control_interfaces/lib'
[2.040s] Level 1:colcon.colcon_core.shell:create_environment_hook('ros_control_interfaces', 'ld_library_path_lib')
[2.041s] INFO:colcon.colcon_core.shell:Creating environment hook '/home/jetson/ros2_ws/install/ros_control_interfaces/share/ros_control_interfaces/hook/ld_library_path_lib.ps1'
[2.042s] INFO:colcon.colcon_core.shell:Creating environment descriptor '/home/jetson/ros2_ws/install/ros_control_interfaces/share/ros_control_interfaces/hook/ld_library_path_lib.dsv'
[2.043s] INFO:colcon.colcon_core.shell:Creating environment hook '/home/jetson/ros2_ws/install/ros_control_interfaces/share/ros_control_interfaces/hook/ld_library_path_lib.sh'
[2.044s] Level 1:colcon.colcon_core.environment:checking '/home/jetson/ros2_ws/install/ros_control_interfaces/bin'
[2.044s] Level 1:colcon.colcon_core.environment:checking '/home/jetson/ros2_ws/install/ros_control_interfaces/lib/pkgconfig/ros_control_interfaces.pc'
[2.045s] Level 1:colcon.colcon_core.environment:checking '/home/jetson/ros2_ws/install/ros_control_interfaces/lib/python3.10/site-packages'
[2.045s] Level 1:colcon.colcon_core.environment:checking '/home/jetson/ros2_ws/install/ros_control_interfaces/bin'
[2.048s] INFO:colcon.colcon_core.shell:Creating package script '/home/jetson/ros2_ws/install/ros_control_interfaces/share/ros_control_interfaces/package.ps1'
[2.050s] INFO:colcon.colcon_core.shell:Creating package descriptor '/home/jetson/ros2_ws/install/ros_control_interfaces/share/ros_control_interfaces/package.dsv'
[2.052s] INFO:colcon.colcon_core.shell:Creating package script '/home/jetson/ros2_ws/install/ros_control_interfaces/share/ros_control_interfaces/package.sh'
[2.054s] INFO:colcon.colcon_core.shell:Creating package script '/home/jetson/ros2_ws/install/ros_control_interfaces/share/ros_control_interfaces/package.bash'
[2.056s] INFO:colcon.colcon_core.shell:Creating package script '/home/jetson/ros2_ws/install/ros_control_interfaces/share/ros_control_interfaces/package.zsh'
[2.059s] Level 1:colcon.colcon_core.environment:create_file_with_runtime_dependencies(/home/jetson/ros2_ws/install/ros_control_interfaces/share/colcon-core/packages/ros_control_interfaces)
[2.061s] Level 1:colcon.colcon_core.environment:create_environment_scripts_only(ros_control_interfaces)
[2.061s] Level 1:colcon.colcon_core.environment:checking '/home/jetson/ros2_ws/install/ros_control_interfaces' for CMake module files
[2.063s] Level 1:colcon.colcon_core.environment:checking '/home/jetson/ros2_ws/install/ros_control_interfaces' for CMake config files
[2.064s] Level 1:colcon.colcon_core.shell:create_environment_hook('ros_control_interfaces', 'cmake_prefix_path')
[2.064s] INFO:colcon.colcon_core.shell:Creating environment hook '/home/jetson/ros2_ws/install/ros_control_interfaces/share/ros_control_interfaces/hook/cmake_prefix_path.ps1'
[2.066s] INFO:colcon.colcon_core.shell:Creating environment descriptor '/home/jetson/ros2_ws/install/ros_control_interfaces/share/ros_control_interfaces/hook/cmake_prefix_path.dsv'
[2.066s] INFO:colcon.colcon_core.shell:Creating environment hook '/home/jetson/ros2_ws/install/ros_control_interfaces/share/ros_control_interfaces/hook/cmake_prefix_path.sh'
[2.068s] Level 1:colcon.colcon_core.environment:checking '/home/jetson/ros2_ws/install/ros_control_interfaces/lib'
[2.068s] Level 1:colcon.colcon_core.shell:create_environment_hook('ros_control_interfaces', 'ld_library_path_lib')
[2.069s] INFO:colcon.colcon_core.shell:Creating environment hook '/home/jetson/ros2_ws/install/ros_control_interfaces/share/ros_control_interfaces/hook/ld_library_path_lib.ps1'
[2.069s] INFO:colcon.colcon_core.shell:Creating environment descriptor '/home/jetson/ros2_ws/install/ros_control_interfaces/share/ros_control_interfaces/hook/ld_library_path_lib.dsv'
[2.070s] INFO:colcon.colcon_core.shell:Creating environment hook '/home/jetson/ros2_ws/install/ros_control_interfaces/share/ros_control_interfaces/hook/ld_library_path_lib.sh'
[2.071s] Level 1:colcon.colcon_core.environment:checking '/home/jetson/ros2_ws/install/ros_control_interfaces/bin'
[2.071s] Level 1:colcon.colcon_core.environment:checking '/home/jetson/ros2_ws/install/ros_control_interfaces/lib/pkgconfig/ros_control_interfaces.pc'
[2.072s] Level 1:colcon.colcon_core.environment:checking '/home/jetson/ros2_ws/install/ros_control_interfaces/lib/python3.10/site-packages'
[2.072s] Level 1:colcon.colcon_core.environment:checking '/home/jetson/ros2_ws/install/ros_control_interfaces/bin'
[2.073s] INFO:colcon.colcon_core.shell:Creating package script '/home/jetson/ros2_ws/install/ros_control_interfaces/share/ros_control_interfaces/package.ps1'
[2.075s] INFO:colcon.colcon_core.shell:Creating package descriptor '/home/jetson/ros2_ws/install/ros_control_interfaces/share/ros_control_interfaces/package.dsv'
[2.078s] INFO:colcon.colcon_core.shell:Creating package script '/home/jetson/ros2_ws/install/ros_control_interfaces/share/ros_control_interfaces/package.sh'
[2.079s] INFO:colcon.colcon_core.shell:Creating package script '/home/jetson/ros2_ws/install/ros_control_interfaces/share/ros_control_interfaces/package.bash'
[2.080s] INFO:colcon.colcon_core.shell:Creating package script '/home/jetson/ros2_ws/install/ros_control_interfaces/share/ros_control_interfaces/package.zsh'
[2.082s] Level 1:colcon.colcon_core.environment:create_file_with_runtime_dependencies(/home/jetson/ros2_ws/install/ros_control_interfaces/share/colcon-core/packages/ros_control_interfaces)
[2.085s] INFO:colcon.colcon_ros.task.ament_python.build:Building ROS package in '/home/jetson/ros2_ws/src/ros_control' with build type 'ament_python'
[2.086s] Level 1:colcon.colcon_core.shell:create_environment_hook('ros_control', 'ament_prefix_path')
[2.087s] INFO:colcon.colcon_core.shell:Creating environment hook '/home/jetson/ros2_ws/install/ros_control/share/ros_control/hook/ament_prefix_path.ps1'
[2.089s] INFO:colcon.colcon_core.shell:Creating environment descriptor '/home/jetson/ros2_ws/install/ros_control/share/ros_control/hook/ament_prefix_path.dsv'
[2.091s] INFO:colcon.colcon_core.shell:Creating environment hook '/home/jetson/ros2_ws/install/ros_control/share/ros_control/hook/ament_prefix_path.sh'
[2.094s] INFO:colcon.colcon_core.shell:Skip shell extension 'powershell' for command environment: Not usable outside of PowerShell
[2.094s] DEBUG:colcon.colcon_core.shell:Skip shell extension 'dsv' for command environment
[2.922s] INFO:colcon.colcon_core.task.python.build:Building Python package in '/home/jetson/ros2_ws/src/ros_control'
[2.923s] INFO:colcon.colcon_core.shell:Skip shell extension 'powershell' for command environment: Not usable outside of PowerShell
[2.923s] DEBUG:colcon.colcon_core.shell:Skip shell extension 'dsv' for command environment
[3.870s] DEBUG:colcon.colcon_core.event_handler.log_command:Invoking command in '/home/jetson/ros2_ws/src/ros_control': LD_LIBRARY_PATH=/home/jetson/ros2_ws/install/ros_control_interfaces/lib:/opt/ros/humble/opt/rviz_ogre_vendor/lib:/opt/ros/humble/lib/aarch64-linux-gnu:/opt/ros/humble/lib:/usr/local/cuda-12.6/lib64 PYTHONPATH=/home/jetson/ros2_ws/build/ros_control/prefix_override:/usr/lib/python3/dist-packages/colcon_core/task/python/colcon_distutils_commands:/home/jetson/ros2_ws/install/ros_control/lib/python3.10/site-packages:${PYTHONPATH} /usr/bin/python3 -W ignore:setup.py install is deprecated -W ignore:easy_install command is deprecated setup.py egg_info --egg-base ../../build/ros_control build --build-base /home/jetson/ros2_ws/build/ros_control/build install --record /home/jetson/ros2_ws/build/ros_control/install.log --single-version-externally-managed install_data
[4.568s] Level 1:colcon.colcon_core.environment:checking '/home/jetson/ros2_ws/install/ros_control' for CMake module files
[4.570s] DEBUG:colcon.colcon_core.event_handler.log_command:Invoked command in '/home/jetson/ros2_ws/src/ros_control' returned '0': LD_LIBRARY_PATH=/home/jetson/ros2_ws/install/ros_control_interfaces/lib:/opt/ros/humble/opt/rviz_ogre_vendor/lib:/opt/ros/humble/lib/aarch64-linux-gnu:/opt/ros/humble/lib:/usr/local/cuda-12.6/lib64 PYTHONPATH=/home/jetson/ros2_ws/build/ros_control/prefix_override:/usr/lib/python3/dist-packages/colcon_core/task/python/colcon_distutils_commands:/home/jetson/ros2_ws/install/ros_control/lib/python3.10/site-packages:${PYTHONPATH} /usr/bin/python3 -W ignore:setup.py install is deprecated -W ignore:easy_install command is deprecated setup.py egg_info --egg-base ../../build/ros_control build --build-base /home/jetson/ros2_ws/build/ros_control/build install --record /home/jetson/ros2_ws/build/ros_control/install.log --single-version-externally-managed install_data
[4.571s] Level 1:colcon.colcon_core.environment:checking '/home/jetson/ros2_ws/install/ros_control' for CMake config files
[4.572s] Level 1:colcon.colcon_core.environment:checking '/home/jetson/ros2_ws/install/ros_control/lib'
[4.573s] Level 1:colcon.colcon_core.environment:checking '/home/jetson/ros2_ws/install/ros_control/bin'
[4.573s] Level 1:colcon.colcon_core.environment:checking '/home/jetson/ros2_ws/install/ros_control/lib/pkgconfig/ros_control.pc'
[4.574s] Level 1:colcon.colcon_core.environment:checking '/home/jetson/ros2_ws/install/ros_control/lib/python3.10/site-packages'
[4.574s] Level 1:colcon.colcon_core.shell:create_environment_hook('ros_control', 'pythonpath')
[4.575s] INFO:colcon.colcon_core.shell:Creating environment hook '/home/jetson/ros2_ws/install/ros_control/share/ros_control/hook/pythonpath.ps1'
[4.577s] INFO:colcon.colcon_core.shell:Creating environment descriptor '/home/jetson/ros2_ws/install/ros_control/share/ros_control/hook/pythonpath.dsv'
[4.579s] INFO:colcon.colcon_core.shell:Creating environment hook '/home/jetson/ros2_ws/install/ros_control/share/ros_control/hook/pythonpath.sh'
[4.581s] Level 1:colcon.colcon_core.environment:checking '/home/jetson/ros2_ws/install/ros_control/bin'
[4.581s] Level 1:colcon.colcon_core.environment:create_environment_scripts_only(ros_control)
[4.582s] INFO:colcon.colcon_core.shell:Creating package script '/home/jetson/ros2_ws/install/ros_control/share/ros_control/package.ps1'
[4.584s] INFO:colcon.colcon_core.shell:Creating package descriptor '/home/jetson/ros2_ws/install/ros_control/share/ros_control/package.dsv'
[4.586s] INFO:colcon.colcon_core.shell:Creating package script '/home/jetson/ros2_ws/install/ros_control/share/ros_control/package.sh'
[4.589s] INFO:colcon.colcon_core.shell:Creating package script '/home/jetson/ros2_ws/install/ros_control/share/ros_control/package.bash'
[4.591s] INFO:colcon.colcon_core.shell:Creating package script '/home/jetson/ros2_ws/install/ros_control/share/ros_control/package.zsh'
[4.592s] Level 1:colcon.colcon_core.environment:create_file_with_runtime_dependencies(/home/jetson/ros2_ws/install/ros_control/share/colcon-core/packages/ros_control)
[4.593s] DEBUG:colcon.colcon_parallel_executor.executor.parallel:closing loop
[4.594s] DEBUG:colcon.colcon_parallel_executor.executor.parallel:loop closed
[4.594s] DEBUG:colcon.colcon_parallel_executor.executor.parallel:run_until_complete finished with '0'
[4.594s] DEBUG:colcon.colcon_core.event_reactor:joining thread
[4.612s] INFO:colcon.colcon_core.plugin_system:Skipping extension 'colcon_notification.desktop_notification.terminal_notifier': Not used on non-Darwin systems
[4.612s] INFO:colcon.colcon_core.plugin_system:Skipping extension 'colcon_notification.desktop_notification.win32': Not used on non-Windows systems
[4.612s] INFO:colcon.colcon_notification.desktop_notification:Sending desktop notification using 'notify2'
[4.658s] DEBUG:colcon.colcon_core.event_reactor:joined thread
[4.659s] INFO:colcon.colcon_core.shell:Creating prefix script '/home/jetson/ros2_ws/install/local_setup.ps1'
[4.662s] INFO:colcon.colcon_core.shell:Creating prefix util module '/home/jetson/ros2_ws/install/_local_setup_util_ps1.py'
[4.665s] INFO:colcon.colcon_core.shell:Creating prefix chain script '/home/jetson/ros2_ws/install/setup.ps1'
[4.668s] INFO:colcon.colcon_core.shell:Creating prefix script '/home/jetson/ros2_ws/install/local_setup.sh'
[4.670s] INFO:colcon.colcon_core.shell:Creating prefix util module '/home/jetson/ros2_ws/install/_local_setup_util_sh.py'
[4.671s] INFO:colcon.colcon_core.shell:Creating prefix chain script '/home/jetson/ros2_ws/install/setup.sh'
[4.674s] INFO:colcon.colcon_core.shell:Creating prefix script '/home/jetson/ros2_ws/install/local_setup.bash'
[4.676s] INFO:colcon.colcon_core.shell:Creating prefix chain script '/home/jetson/ros2_ws/install/setup.bash'
[4.678s] INFO:colcon.colcon_core.shell:Creating prefix script '/home/jetson/ros2_ws/install/local_setup.zsh'
[4.680s] INFO:colcon.colcon_core.shell:Creating prefix chain script '/home/jetson/ros2_ws/install/setup.zsh'
