running egg_info
writing ../../build/ros_control/ros_control.egg-info/PKG-INFO
writing dependency_links to ../../build/ros_control/ros_control.egg-info/dependency_links.txt
writing entry points to ../../build/ros_control/ros_control.egg-info/entry_points.txt
writing requirements to ../../build/ros_control/ros_control.egg-info/requires.txt
writing top-level names to ../../build/ros_control/ros_control.egg-info/top_level.txt
reading manifest file '../../build/ros_control/ros_control.egg-info/SOURCES.txt'
writing manifest file '../../build/ros_control/ros_control.egg-info/SOURCES.txt'
running build
running build_py
copying ros_control/joystick.py -> /home/jetson/ros2_ws/build/ros_control/build/lib/ros_control
running install
running install_lib
copying /home/jetson/ros2_ws/build/ros_control/build/lib/ros_control/joystick.py -> /home/jetson/ros2_ws/install/ros_control/lib/python3.10/site-packages/ros_control
byte-compiling /home/jetson/ros2_ws/install/ros_control/lib/python3.10/site-packages/ros_control/joystick.py to joystick.cpython-310.pyc
running install_data
running install_egg_info
removing '/home/jetson/ros2_ws/install/ros_control/lib/python3.10/site-packages/ros_control-0.0.0-py3.10.egg-info' (and everything under it)
Copying ../../build/ros_control/ros_control.egg-info to /home/jetson/ros2_ws/install/ros_control/lib/python3.10/site-packages/ros_control-0.0.0-py3.10.egg-info
running install_scripts
Installing joystick script to /home/jetson/ros2_ws/install/ros_control/lib/ros_control
Installing listener script to /home/jetson/ros2_ws/install/ros_control/lib/ros_control
writing list of installed files to '/home/jetson/ros2_ws/build/ros_control/install.log'
