[0.247s] DEBUG:colcon:Command line arguments: ['/usr/bin/colcon', 'build']
[0.248s] DEBUG:colcon:Parsed command line arguments: Namespace(log_base=None, log_level=None, verb_name='build', build_base='build', install_base='install', merge_install=False, symlink_install=False, test_result_base=None, continue_on_error=False, executor='parallel', parallel_workers=4, event_handlers=None, ignore_user_meta=False, metas=['./colcon.meta'], base_paths=['.'], packages_ignore=None, packages_ignore_regex=None, paths=None, packages_up_to=None, packages_up_to_regex=None, packages_above=None, packages_above_and_dependencies=None, packages_above_depth=None, packages_select_by_dep=None, packages_skip_by_dep=None, packages_skip_up_to=None, packages_select_build_failed=False, packages_skip_build_finished=False, packages_select_test_failures=False, packages_skip_test_passed=False, packages_select=None, packages_skip=None, packages_select_regex=None, packages_skip_regex=None, packages_start=None, packages_end=None, allow_overriding=[], cmake_args=None, cmake_target=None, cmake_target_skip_unavailable=False, cmake_clean_cache=False, cmake_clean_first=False, cmake_force_configure=False, ament_cmake_args=None, catkin_cmake_args=None, catkin_skip_building_tests=False, verb_parser=<colcon_defaults.argument_parser.defaults.DefaultArgumentsDecorator object at 0xffff80498220>, verb_extension=<colcon_core.verb.build.BuildVerb object at 0xffff80463cd0>, main=<bound method BuildVerb.main of <colcon_core.verb.build.BuildVerb object at 0xffff80463cd0>>)
[0.617s] Level 1:colcon.colcon_core.package_discovery:discover_packages(colcon_meta) check parameters
[0.617s] Level 1:colcon.colcon_core.package_discovery:discover_packages(recursive) check parameters
[0.617s] Level 1:colcon.colcon_core.package_discovery:discover_packages(ignore) check parameters
[0.617s] Level 1:colcon.colcon_core.package_discovery:discover_packages(path) check parameters
[0.618s] Level 1:colcon.colcon_core.package_discovery:discover_packages(colcon_meta) discover
[0.618s] Level 1:colcon.colcon_core.package_discovery:discover_packages(recursive) discover
[0.618s] INFO:colcon.colcon_core.package_discovery:Crawling recursively for packages in '/home/jetson/ros2_ws'
[0.618s] Level 1:colcon.colcon_core.package_identification:_identify(.) by extensions ['ignore', 'ignore_ament_install']
[0.618s] Level 1:colcon.colcon_core.package_identification:_identify(.) by extension 'ignore'
[0.618s] Level 1:colcon.colcon_core.package_identification:_identify(.) by extension 'ignore_ament_install'
[0.619s] Level 1:colcon.colcon_core.package_identification:_identify(.) by extensions ['colcon_pkg']
[0.619s] Level 1:colcon.colcon_core.package_identification:_identify(.) by extension 'colcon_pkg'
[0.619s] Level 1:colcon.colcon_core.package_identification:_identify(.) by extensions ['colcon_meta']
[0.619s] Level 1:colcon.colcon_core.package_identification:_identify(.) by extension 'colcon_meta'
[0.619s] Level 1:colcon.colcon_core.package_identification:_identify(.) by extensions ['ros']
[0.619s] Level 1:colcon.colcon_core.package_identification:_identify(.) by extension 'ros'
[0.644s] Level 1:colcon.colcon_core.package_identification:_identify(.) by extensions ['cmake', 'python']
[0.645s] Level 1:colcon.colcon_core.package_identification:_identify(.) by extension 'cmake'
[0.645s] Level 1:colcon.colcon_core.package_identification:_identify(.) by extension 'python'
[0.645s] Level 1:colcon.colcon_core.package_identification:_identify(.) by extensions ['python_setup_py']
[0.645s] Level 1:colcon.colcon_core.package_identification:_identify(.) by extension 'python_setup_py'
[0.645s] Level 1:colcon.colcon_core.package_identification:_identify(build) by extensions ['ignore', 'ignore_ament_install']
[0.646s] Level 1:colcon.colcon_core.package_identification:_identify(build) by extension 'ignore'
[0.646s] Level 1:colcon.colcon_core.package_identification:_identify(build) ignored
[0.646s] Level 1:colcon.colcon_core.package_identification:_identify(install) by extensions ['ignore', 'ignore_ament_install']
[0.646s] Level 1:colcon.colcon_core.package_identification:_identify(install) by extension 'ignore'
[0.646s] Level 1:colcon.colcon_core.package_identification:_identify(install) ignored
[0.647s] Level 1:colcon.colcon_core.package_identification:_identify(log) by extensions ['ignore', 'ignore_ament_install']
[0.647s] Level 1:colcon.colcon_core.package_identification:_identify(log) by extension 'ignore'
[0.647s] Level 1:colcon.colcon_core.package_identification:_identify(log) ignored
[0.647s] Level 1:colcon.colcon_core.package_identification:_identify(src) by extensions ['ignore', 'ignore_ament_install']
[0.647s] Level 1:colcon.colcon_core.package_identification:_identify(src) by extension 'ignore'
[0.647s] Level 1:colcon.colcon_core.package_identification:_identify(src) by extension 'ignore_ament_install'
[0.648s] Level 1:colcon.colcon_core.package_identification:_identify(src) by extensions ['colcon_pkg']
[0.648s] Level 1:colcon.colcon_core.package_identification:_identify(src) by extension 'colcon_pkg'
[0.648s] Level 1:colcon.colcon_core.package_identification:_identify(src) by extensions ['colcon_meta']
[0.648s] Level 1:colcon.colcon_core.package_identification:_identify(src) by extension 'colcon_meta'
[0.648s] Level 1:colcon.colcon_core.package_identification:_identify(src) by extensions ['ros']
[0.648s] Level 1:colcon.colcon_core.package_identification:_identify(src) by extension 'ros'
[0.648s] Level 1:colcon.colcon_core.package_identification:_identify(src) by extensions ['cmake', 'python']
[0.648s] Level 1:colcon.colcon_core.package_identification:_identify(src) by extension 'cmake'
[0.649s] Level 1:colcon.colcon_core.package_identification:_identify(src) by extension 'python'
[0.649s] Level 1:colcon.colcon_core.package_identification:_identify(src) by extensions ['python_setup_py']
[0.649s] Level 1:colcon.colcon_core.package_identification:_identify(src) by extension 'python_setup_py'
[0.649s] Level 1:colcon.colcon_core.package_identification:_identify(src/ros_control) by extensions ['ignore', 'ignore_ament_install']
[0.649s] Level 1:colcon.colcon_core.package_identification:_identify(src/ros_control) by extension 'ignore'
[0.649s] Level 1:colcon.colcon_core.package_identification:_identify(src/ros_control) by extension 'ignore_ament_install'
[0.649s] Level 1:colcon.colcon_core.package_identification:_identify(src/ros_control) by extensions ['colcon_pkg']
[0.649s] Level 1:colcon.colcon_core.package_identification:_identify(src/ros_control) by extension 'colcon_pkg'
[0.650s] Level 1:colcon.colcon_core.package_identification:_identify(src/ros_control) by extensions ['colcon_meta']
[0.650s] Level 1:colcon.colcon_core.package_identification:_identify(src/ros_control) by extension 'colcon_meta'
[0.650s] Level 1:colcon.colcon_core.package_identification:_identify(src/ros_control) by extensions ['ros']
[0.650s] Level 1:colcon.colcon_core.package_identification:_identify(src/ros_control) by extension 'ros'
[0.655s] DEBUG:colcon.colcon_core.package_identification:Package 'src/ros_control' with type 'ros.ament_python' and name 'ros_control'
[0.656s] Level 1:colcon.colcon_core.package_identification:_identify(src/ros_control_interfaces) by extensions ['ignore', 'ignore_ament_install']
[0.656s] Level 1:colcon.colcon_core.package_identification:_identify(src/ros_control_interfaces) by extension 'ignore'
[0.656s] Level 1:colcon.colcon_core.package_identification:_identify(src/ros_control_interfaces) by extension 'ignore_ament_install'
[0.656s] Level 1:colcon.colcon_core.package_identification:_identify(src/ros_control_interfaces) by extensions ['colcon_pkg']
[0.656s] Level 1:colcon.colcon_core.package_identification:_identify(src/ros_control_interfaces) by extension 'colcon_pkg'
[0.657s] Level 1:colcon.colcon_core.package_identification:_identify(src/ros_control_interfaces) by extensions ['colcon_meta']
[0.657s] Level 1:colcon.colcon_core.package_identification:_identify(src/ros_control_interfaces) by extension 'colcon_meta'
[0.657s] Level 1:colcon.colcon_core.package_identification:_identify(src/ros_control_interfaces) by extensions ['ros']
[0.657s] Level 1:colcon.colcon_core.package_identification:_identify(src/ros_control_interfaces) by extension 'ros'
[0.658s] DEBUG:colcon.colcon_core.package_identification:Package 'src/ros_control_interfaces' with type 'ros.ament_cmake' and name 'ros_control_interfaces'
[0.658s] Level 1:colcon.colcon_core.package_discovery:discover_packages(recursive) using defaults
[0.659s] Level 1:colcon.colcon_core.package_discovery:discover_packages(ignore) discover
[0.659s] Level 1:colcon.colcon_core.package_discovery:discover_packages(ignore) using defaults
[0.659s] Level 1:colcon.colcon_core.package_discovery:discover_packages(path) discover
[0.659s] Level 1:colcon.colcon_core.package_discovery:discover_packages(path) using defaults
[0.704s] Level 1:colcon.colcon_core.package_discovery:discover_packages(prefix_path) check parameters
[0.704s] Level 1:colcon.colcon_core.package_discovery:discover_packages(prefix_path) discover
[0.709s] DEBUG:colcon.colcon_installed_package_information.package_discovery:Found 2 installed packages in /home/jetson/ros2_ws/install
[0.712s] DEBUG:colcon.colcon_installed_package_information.package_discovery:Found 297 installed packages in /opt/ros/humble
[0.750s] Level 1:colcon.colcon_core.package_discovery:discover_packages(prefix_path) using defaults
[0.842s] Level 5:colcon.colcon_core.verb:set package 'ros_control_interfaces' build argument 'cmake_args' from command line to 'None'
[0.842s] Level 5:colcon.colcon_core.verb:set package 'ros_control_interfaces' build argument 'cmake_target' from command line to 'None'
[0.842s] Level 5:colcon.colcon_core.verb:set package 'ros_control_interfaces' build argument 'cmake_target_skip_unavailable' from command line to 'False'
[0.842s] Level 5:colcon.colcon_core.verb:set package 'ros_control_interfaces' build argument 'cmake_clean_cache' from command line to 'False'
[0.842s] Level 5:colcon.colcon_core.verb:set package 'ros_control_interfaces' build argument 'cmake_clean_first' from command line to 'False'
[0.843s] Level 5:colcon.colcon_core.verb:set package 'ros_control_interfaces' build argument 'cmake_force_configure' from command line to 'False'
[0.843s] Level 5:colcon.colcon_core.verb:set package 'ros_control_interfaces' build argument 'ament_cmake_args' from command line to 'None'
[0.843s] Level 5:colcon.colcon_core.verb:set package 'ros_control_interfaces' build argument 'catkin_cmake_args' from command line to 'None'
[0.843s] Level 5:colcon.colcon_core.verb:set package 'ros_control_interfaces' build argument 'catkin_skip_building_tests' from command line to 'False'
[0.843s] DEBUG:colcon.colcon_core.verb:Building package 'ros_control_interfaces' with the following arguments: {'ament_cmake_args': None, 'build_base': '/home/jetson/ros2_ws/build/ros_control_interfaces', 'catkin_cmake_args': None, 'catkin_skip_building_tests': False, 'cmake_args': None, 'cmake_clean_cache': False, 'cmake_clean_first': False, 'cmake_force_configure': False, 'cmake_target': None, 'cmake_target_skip_unavailable': False, 'install_base': '/home/jetson/ros2_ws/install/ros_control_interfaces', 'merge_install': False, 'path': '/home/jetson/ros2_ws/src/ros_control_interfaces', 'symlink_install': False, 'test_result_base': None}
[0.844s] Level 5:colcon.colcon_core.verb:set package 'ros_control' build argument 'cmake_args' from command line to 'None'
[0.844s] Level 5:colcon.colcon_core.verb:set package 'ros_control' build argument 'cmake_target' from command line to 'None'
[0.844s] Level 5:colcon.colcon_core.verb:set package 'ros_control' build argument 'cmake_target_skip_unavailable' from command line to 'False'
[0.844s] Level 5:colcon.colcon_core.verb:set package 'ros_control' build argument 'cmake_clean_cache' from command line to 'False'
[0.844s] Level 5:colcon.colcon_core.verb:set package 'ros_control' build argument 'cmake_clean_first' from command line to 'False'
[0.844s] Level 5:colcon.colcon_core.verb:set package 'ros_control' build argument 'cmake_force_configure' from command line to 'False'
[0.844s] Level 5:colcon.colcon_core.verb:set package 'ros_control' build argument 'ament_cmake_args' from command line to 'None'
[0.844s] Level 5:colcon.colcon_core.verb:set package 'ros_control' build argument 'catkin_cmake_args' from command line to 'None'
[0.844s] Level 5:colcon.colcon_core.verb:set package 'ros_control' build argument 'catkin_skip_building_tests' from command line to 'False'
[0.844s] DEBUG:colcon.colcon_core.verb:Building package 'ros_control' with the following arguments: {'ament_cmake_args': None, 'build_base': '/home/jetson/ros2_ws/build/ros_control', 'catkin_cmake_args': None, 'catkin_skip_building_tests': False, 'cmake_args': None, 'cmake_clean_cache': False, 'cmake_clean_first': False, 'cmake_force_configure': False, 'cmake_target': None, 'cmake_target_skip_unavailable': False, 'install_base': '/home/jetson/ros2_ws/install/ros_control', 'merge_install': False, 'path': '/home/jetson/ros2_ws/src/ros_control', 'symlink_install': False, 'test_result_base': None}
[0.845s] INFO:colcon.colcon_core.executor:Executing jobs using 'parallel' executor
[0.847s] DEBUG:colcon.colcon_parallel_executor.executor.parallel:run_until_complete
[0.848s] INFO:colcon.colcon_ros.task.ament_cmake.build:Building ROS package in '/home/jetson/ros2_ws/src/ros_control_interfaces' with build type 'ament_cmake'
[0.849s] INFO:colcon.colcon_cmake.task.cmake.build:Building CMake package in '/home/jetson/ros2_ws/src/ros_control_interfaces'
[0.855s] INFO:colcon.colcon_core.plugin_system:Skipping extension 'colcon_core.shell.bat': Not used on non-Windows systems
[0.855s] INFO:colcon.colcon_core.shell:Skip shell extension 'powershell' for command environment: Not usable outside of PowerShell
[0.856s] DEBUG:colcon.colcon_core.shell:Skip shell extension 'dsv' for command environment
[0.887s] DEBUG:colcon.colcon_core.event_handler.log_command:Invoking command in '/home/jetson/ros2_ws/build/ros_control_interfaces': CMAKE_PREFIX_PATH=${CMAKE_PREFIX_PATH}:/home/jetson/ros2_ws/install/ros_control:/opt/ros/humble /usr/bin/cmake --build /home/jetson/ros2_ws/build/ros_control_interfaces -- -j4 -l4
[1.766s] DEBUG:colcon.colcon_core.event_handler.log_command:Invoked command in '/home/jetson/ros2_ws/build/ros_control_interfaces' returned '0': CMAKE_PREFIX_PATH=${CMAKE_PREFIX_PATH}:/home/jetson/ros2_ws/install/ros_control:/opt/ros/humble /usr/bin/cmake --build /home/jetson/ros2_ws/build/ros_control_interfaces -- -j4 -l4
[1.796s] DEBUG:colcon.colcon_core.event_handler.log_command:Invoking command in '/home/jetson/ros2_ws/build/ros_control_interfaces': CMAKE_PREFIX_PATH=${CMAKE_PREFIX_PATH}:/home/jetson/ros2_ws/install/ros_control:/opt/ros/humble /usr/bin/cmake --install /home/jetson/ros2_ws/build/ros_control_interfaces
[1.930s] Level 1:colcon.colcon_core.environment:create_environment_scripts_only(ros_control_interfaces)
[1.938s] Level 1:colcon.colcon_core.environment:checking '/home/jetson/ros2_ws/install/ros_control_interfaces' for CMake module files
[1.940s] Level 1:colcon.colcon_core.environment:checking '/home/jetson/ros2_ws/install/ros_control_interfaces' for CMake config files
[1.941s] Level 1:colcon.colcon_core.shell:create_environment_hook('ros_control_interfaces', 'cmake_prefix_path')
[1.941s] INFO:colcon.colcon_core.shell:Creating environment hook '/home/jetson/ros2_ws/install/ros_control_interfaces/share/ros_control_interfaces/hook/cmake_prefix_path.ps1'
[1.945s] DEBUG:colcon.colcon_core.event_handler.log_command:Invoked command in '/home/jetson/ros2_ws/build/ros_control_interfaces' returned '0': CMAKE_PREFIX_PATH=${CMAKE_PREFIX_PATH}:/home/jetson/ros2_ws/install/ros_control:/opt/ros/humble /usr/bin/cmake --install /home/jetson/ros2_ws/build/ros_control_interfaces
[1.948s] INFO:colcon.colcon_core.shell:Creating environment descriptor '/home/jetson/ros2_ws/install/ros_control_interfaces/share/ros_control_interfaces/hook/cmake_prefix_path.dsv'
[1.949s] INFO:colcon.colcon_core.shell:Creating environment hook '/home/jetson/ros2_ws/install/ros_control_interfaces/share/ros_control_interfaces/hook/cmake_prefix_path.sh'
[1.952s] Level 1:colcon.colcon_core.environment:checking '/home/jetson/ros2_ws/install/ros_control_interfaces/lib'
[1.953s] Level 1:colcon.colcon_core.shell:create_environment_hook('ros_control_interfaces', 'ld_library_path_lib')
[1.954s] INFO:colcon.colcon_core.shell:Creating environment hook '/home/jetson/ros2_ws/install/ros_control_interfaces/share/ros_control_interfaces/hook/ld_library_path_lib.ps1'
[1.955s] INFO:colcon.colcon_core.shell:Creating environment descriptor '/home/jetson/ros2_ws/install/ros_control_interfaces/share/ros_control_interfaces/hook/ld_library_path_lib.dsv'
[1.956s] INFO:colcon.colcon_core.shell:Creating environment hook '/home/jetson/ros2_ws/install/ros_control_interfaces/share/ros_control_interfaces/hook/ld_library_path_lib.sh'
[1.957s] Level 1:colcon.colcon_core.environment:checking '/home/jetson/ros2_ws/install/ros_control_interfaces/bin'
[1.957s] Level 1:colcon.colcon_core.environment:checking '/home/jetson/ros2_ws/install/ros_control_interfaces/lib/pkgconfig/ros_control_interfaces.pc'
[1.958s] Level 1:colcon.colcon_core.environment:checking '/home/jetson/ros2_ws/install/ros_control_interfaces/lib/python3.10/site-packages'
[1.958s] Level 1:colcon.colcon_core.environment:checking '/home/jetson/ros2_ws/install/ros_control_interfaces/bin'
[1.960s] INFO:colcon.colcon_core.shell:Creating package script '/home/jetson/ros2_ws/install/ros_control_interfaces/share/ros_control_interfaces/package.ps1'
[1.962s] INFO:colcon.colcon_core.shell:Creating package descriptor '/home/jetson/ros2_ws/install/ros_control_interfaces/share/ros_control_interfaces/package.dsv'
[1.964s] INFO:colcon.colcon_core.shell:Creating package script '/home/jetson/ros2_ws/install/ros_control_interfaces/share/ros_control_interfaces/package.sh'
[1.965s] INFO:colcon.colcon_core.shell:Creating package script '/home/jetson/ros2_ws/install/ros_control_interfaces/share/ros_control_interfaces/package.bash'
[1.968s] INFO:colcon.colcon_core.shell:Creating package script '/home/jetson/ros2_ws/install/ros_control_interfaces/share/ros_control_interfaces/package.zsh'
[1.970s] Level 1:colcon.colcon_core.environment:create_file_with_runtime_dependencies(/home/jetson/ros2_ws/install/ros_control_interfaces/share/colcon-core/packages/ros_control_interfaces)
[1.972s] Level 1:colcon.colcon_core.environment:create_environment_scripts_only(ros_control_interfaces)
[1.972s] Level 1:colcon.colcon_core.environment:checking '/home/jetson/ros2_ws/install/ros_control_interfaces' for CMake module files
[1.974s] Level 1:colcon.colcon_core.environment:checking '/home/jetson/ros2_ws/install/ros_control_interfaces' for CMake config files
[1.976s] Level 1:colcon.colcon_core.shell:create_environment_hook('ros_control_interfaces', 'cmake_prefix_path')
[1.976s] INFO:colcon.colcon_core.shell:Creating environment hook '/home/jetson/ros2_ws/install/ros_control_interfaces/share/ros_control_interfaces/hook/cmake_prefix_path.ps1'
[1.977s] INFO:colcon.colcon_core.shell:Creating environment descriptor '/home/jetson/ros2_ws/install/ros_control_interfaces/share/ros_control_interfaces/hook/cmake_prefix_path.dsv'
[1.978s] INFO:colcon.colcon_core.shell:Creating environment hook '/home/jetson/ros2_ws/install/ros_control_interfaces/share/ros_control_interfaces/hook/cmake_prefix_path.sh'
[1.981s] Level 1:colcon.colcon_core.environment:checking '/home/jetson/ros2_ws/install/ros_control_interfaces/lib'
[1.983s] Level 1:colcon.colcon_core.shell:create_environment_hook('ros_control_interfaces', 'ld_library_path_lib')
[1.984s] INFO:colcon.colcon_core.shell:Creating environment hook '/home/jetson/ros2_ws/install/ros_control_interfaces/share/ros_control_interfaces/hook/ld_library_path_lib.ps1'
[1.986s] INFO:colcon.colcon_core.shell:Creating environment descriptor '/home/jetson/ros2_ws/install/ros_control_interfaces/share/ros_control_interfaces/hook/ld_library_path_lib.dsv'
[1.987s] INFO:colcon.colcon_core.shell:Creating environment hook '/home/jetson/ros2_ws/install/ros_control_interfaces/share/ros_control_interfaces/hook/ld_library_path_lib.sh'
[1.989s] Level 1:colcon.colcon_core.environment:checking '/home/jetson/ros2_ws/install/ros_control_interfaces/bin'
[1.989s] Level 1:colcon.colcon_core.environment:checking '/home/jetson/ros2_ws/install/ros_control_interfaces/lib/pkgconfig/ros_control_interfaces.pc'
[1.990s] Level 1:colcon.colcon_core.environment:checking '/home/jetson/ros2_ws/install/ros_control_interfaces/lib/python3.10/site-packages'
[1.990s] Level 1:colcon.colcon_core.environment:checking '/home/jetson/ros2_ws/install/ros_control_interfaces/bin'
[1.991s] INFO:colcon.colcon_core.shell:Creating package script '/home/jetson/ros2_ws/install/ros_control_interfaces/share/ros_control_interfaces/package.ps1'
[1.992s] INFO:colcon.colcon_core.shell:Creating package descriptor '/home/jetson/ros2_ws/install/ros_control_interfaces/share/ros_control_interfaces/package.dsv'
[1.993s] INFO:colcon.colcon_core.shell:Creating package script '/home/jetson/ros2_ws/install/ros_control_interfaces/share/ros_control_interfaces/package.sh'
[1.994s] INFO:colcon.colcon_core.shell:Creating package script '/home/jetson/ros2_ws/install/ros_control_interfaces/share/ros_control_interfaces/package.bash'
[1.995s] INFO:colcon.colcon_core.shell:Creating package script '/home/jetson/ros2_ws/install/ros_control_interfaces/share/ros_control_interfaces/package.zsh'
[1.996s] Level 1:colcon.colcon_core.environment:create_file_with_runtime_dependencies(/home/jetson/ros2_ws/install/ros_control_interfaces/share/colcon-core/packages/ros_control_interfaces)
[1.997s] INFO:colcon.colcon_ros.task.ament_python.build:Building ROS package in '/home/jetson/ros2_ws/src/ros_control' with build type 'ament_python'
[1.998s] Level 1:colcon.colcon_core.shell:create_environment_hook('ros_control', 'ament_prefix_path')
[1.998s] INFO:colcon.colcon_core.shell:Creating environment hook '/home/jetson/ros2_ws/install/ros_control/share/ros_control/hook/ament_prefix_path.ps1'
[2.000s] INFO:colcon.colcon_core.shell:Creating environment descriptor '/home/jetson/ros2_ws/install/ros_control/share/ros_control/hook/ament_prefix_path.dsv'
[2.001s] INFO:colcon.colcon_core.shell:Creating environment hook '/home/jetson/ros2_ws/install/ros_control/share/ros_control/hook/ament_prefix_path.sh'
[2.002s] INFO:colcon.colcon_core.shell:Skip shell extension 'powershell' for command environment: Not usable outside of PowerShell
[2.002s] DEBUG:colcon.colcon_core.shell:Skip shell extension 'dsv' for command environment
[2.702s] INFO:colcon.colcon_core.task.python.build:Building Python package in '/home/jetson/ros2_ws/src/ros_control'
[2.702s] INFO:colcon.colcon_core.shell:Skip shell extension 'powershell' for command environment: Not usable outside of PowerShell
[2.703s] DEBUG:colcon.colcon_core.shell:Skip shell extension 'dsv' for command environment
[3.450s] DEBUG:colcon.colcon_core.event_handler.log_command:Invoking command in '/home/jetson/ros2_ws/src/ros_control': LD_LIBRARY_PATH=/home/jetson/ros2_ws/install/ros_control_interfaces/lib:/opt/ros/humble/opt/rviz_ogre_vendor/lib:/opt/ros/humble/lib/aarch64-linux-gnu:/opt/ros/humble/lib:/usr/local/cuda-12.6/lib64 PYTHONPATH=/home/jetson/ros2_ws/build/ros_control/prefix_override:/usr/lib/python3/dist-packages/colcon_core/task/python/colcon_distutils_commands:/home/jetson/ros2_ws/install/ros_control/lib/python3.10/site-packages:${PYTHONPATH} /usr/bin/python3 -W ignore:setup.py install is deprecated -W ignore:easy_install command is deprecated setup.py egg_info --egg-base ../../build/ros_control build --build-base /home/jetson/ros2_ws/build/ros_control/build install --record /home/jetson/ros2_ws/build/ros_control/install.log --single-version-externally-managed install_data
[4.114s] Level 1:colcon.colcon_core.environment:checking '/home/jetson/ros2_ws/install/ros_control' for CMake module files
[4.116s] DEBUG:colcon.colcon_core.event_handler.log_command:Invoked command in '/home/jetson/ros2_ws/src/ros_control' returned '0': LD_LIBRARY_PATH=/home/jetson/ros2_ws/install/ros_control_interfaces/lib:/opt/ros/humble/opt/rviz_ogre_vendor/lib:/opt/ros/humble/lib/aarch64-linux-gnu:/opt/ros/humble/lib:/usr/local/cuda-12.6/lib64 PYTHONPATH=/home/jetson/ros2_ws/build/ros_control/prefix_override:/usr/lib/python3/dist-packages/colcon_core/task/python/colcon_distutils_commands:/home/jetson/ros2_ws/install/ros_control/lib/python3.10/site-packages:${PYTHONPATH} /usr/bin/python3 -W ignore:setup.py install is deprecated -W ignore:easy_install command is deprecated setup.py egg_info --egg-base ../../build/ros_control build --build-base /home/jetson/ros2_ws/build/ros_control/build install --record /home/jetson/ros2_ws/build/ros_control/install.log --single-version-externally-managed install_data
[4.117s] Level 1:colcon.colcon_core.environment:checking '/home/jetson/ros2_ws/install/ros_control' for CMake config files
[4.119s] Level 1:colcon.colcon_core.environment:checking '/home/jetson/ros2_ws/install/ros_control/lib'
[4.119s] Level 1:colcon.colcon_core.environment:checking '/home/jetson/ros2_ws/install/ros_control/bin'
[4.119s] Level 1:colcon.colcon_core.environment:checking '/home/jetson/ros2_ws/install/ros_control/lib/pkgconfig/ros_control.pc'
[4.120s] Level 1:colcon.colcon_core.environment:checking '/home/jetson/ros2_ws/install/ros_control/lib/python3.10/site-packages'
[4.120s] Level 1:colcon.colcon_core.shell:create_environment_hook('ros_control', 'pythonpath')
[4.121s] INFO:colcon.colcon_core.shell:Creating environment hook '/home/jetson/ros2_ws/install/ros_control/share/ros_control/hook/pythonpath.ps1'
[4.123s] INFO:colcon.colcon_core.shell:Creating environment descriptor '/home/jetson/ros2_ws/install/ros_control/share/ros_control/hook/pythonpath.dsv'
[4.124s] INFO:colcon.colcon_core.shell:Creating environment hook '/home/jetson/ros2_ws/install/ros_control/share/ros_control/hook/pythonpath.sh'
[4.126s] Level 1:colcon.colcon_core.environment:checking '/home/jetson/ros2_ws/install/ros_control/bin'
[4.127s] Level 1:colcon.colcon_core.environment:create_environment_scripts_only(ros_control)
[4.128s] INFO:colcon.colcon_core.shell:Creating package script '/home/jetson/ros2_ws/install/ros_control/share/ros_control/package.ps1'
[4.130s] INFO:colcon.colcon_core.shell:Creating package descriptor '/home/jetson/ros2_ws/install/ros_control/share/ros_control/package.dsv'
[4.131s] INFO:colcon.colcon_core.shell:Creating package script '/home/jetson/ros2_ws/install/ros_control/share/ros_control/package.sh'
[4.134s] INFO:colcon.colcon_core.shell:Creating package script '/home/jetson/ros2_ws/install/ros_control/share/ros_control/package.bash'
[4.136s] INFO:colcon.colcon_core.shell:Creating package script '/home/jetson/ros2_ws/install/ros_control/share/ros_control/package.zsh'
[4.137s] Level 1:colcon.colcon_core.environment:create_file_with_runtime_dependencies(/home/jetson/ros2_ws/install/ros_control/share/colcon-core/packages/ros_control)
[4.138s] DEBUG:colcon.colcon_parallel_executor.executor.parallel:closing loop
[4.139s] DEBUG:colcon.colcon_parallel_executor.executor.parallel:loop closed
[4.139s] DEBUG:colcon.colcon_parallel_executor.executor.parallel:run_until_complete finished with '0'
[4.140s] DEBUG:colcon.colcon_core.event_reactor:joining thread
[4.162s] INFO:colcon.colcon_core.plugin_system:Skipping extension 'colcon_notification.desktop_notification.terminal_notifier': Not used on non-Darwin systems
[4.163s] INFO:colcon.colcon_core.plugin_system:Skipping extension 'colcon_notification.desktop_notification.win32': Not used on non-Windows systems
[4.163s] INFO:colcon.colcon_notification.desktop_notification:Sending desktop notification using 'notify2'
[4.206s] DEBUG:colcon.colcon_core.event_reactor:joined thread
[4.207s] INFO:colcon.colcon_core.shell:Creating prefix script '/home/jetson/ros2_ws/install/local_setup.ps1'
[4.213s] INFO:colcon.colcon_core.shell:Creating prefix util module '/home/jetson/ros2_ws/install/_local_setup_util_ps1.py'
[4.219s] INFO:colcon.colcon_core.shell:Creating prefix chain script '/home/jetson/ros2_ws/install/setup.ps1'
[4.224s] INFO:colcon.colcon_core.shell:Creating prefix script '/home/jetson/ros2_ws/install/local_setup.sh'
[4.226s] INFO:colcon.colcon_core.shell:Creating prefix util module '/home/jetson/ros2_ws/install/_local_setup_util_sh.py'
[4.229s] INFO:colcon.colcon_core.shell:Creating prefix chain script '/home/jetson/ros2_ws/install/setup.sh'
[4.234s] INFO:colcon.colcon_core.shell:Creating prefix script '/home/jetson/ros2_ws/install/local_setup.bash'
[4.236s] INFO:colcon.colcon_core.shell:Creating prefix chain script '/home/jetson/ros2_ws/install/setup.bash'
[4.239s] INFO:colcon.colcon_core.shell:Creating prefix script '/home/jetson/ros2_ws/install/local_setup.zsh'
[4.241s] INFO:colcon.colcon_core.shell:Creating prefix chain script '/home/jetson/ros2_ws/install/setup.zsh'
