[1.447s] Invoking command in '/home/jetson/ros2_ws/src/ros_control': LD_LIBRARY_PATH=/home/jetson/ros2_ws/install/ros_control_interfaces/lib:/opt/ros/humble/opt/rviz_ogre_vendor/lib:/opt/ros/humble/lib/aarch64-linux-gnu:/opt/ros/humble/lib:/usr/local/cuda-12.6/lib64 PYTHONPATH=/home/jetson/ros2_ws/build/ros_control/prefix_override:/usr/lib/python3/dist-packages/colcon_core/task/python/colcon_distutils_commands:/home/jetson/ros2_ws/install/ros_control/lib/python3.10/site-packages:${PYTHONPATH} /usr/bin/python3 -W ignore:setup.py install is deprecated -W ignore:easy_install command is deprecated setup.py egg_info --egg-base ../../build/ros_control build --build-base /home/jetson/ros2_ws/build/ros_control/build install --record /home/jetson/ros2_ws/build/ros_control/install.log --single-version-externally-managed install_data
[2.024s] running egg_info
[2.025s] writing ../../build/ros_control/ros_control.egg-info/PKG-INFO
[2.026s] writing dependency_links to ../../build/ros_control/ros_control.egg-info/dependency_links.txt
[2.026s] writing entry points to ../../build/ros_control/ros_control.egg-info/entry_points.txt
[2.026s] writing requirements to ../../build/ros_control/ros_control.egg-info/requires.txt
[2.027s] writing top-level names to ../../build/ros_control/ros_control.egg-info/top_level.txt
[2.031s] reading manifest file '../../build/ros_control/ros_control.egg-info/SOURCES.txt'
[2.033s] writing manifest file '../../build/ros_control/ros_control.egg-info/SOURCES.txt'
[2.033s] running build
[2.033s] running build_py
[2.033s] copying ros_control/joystick.py -> /home/jetson/ros2_ws/build/ros_control/build/lib/ros_control
[2.034s] running install
[2.035s] running install_lib
[2.037s] copying /home/jetson/ros2_ws/build/ros_control/build/lib/ros_control/joystick.py -> /home/jetson/ros2_ws/install/ros_control/lib/python3.10/site-packages/ros_control
[2.040s] byte-compiling /home/jetson/ros2_ws/install/ros_control/lib/python3.10/site-packages/ros_control/joystick.py to joystick.cpython-310.pyc
[2.043s] running install_data
[2.044s] running install_egg_info
[2.049s] removing '/home/jetson/ros2_ws/install/ros_control/lib/python3.10/site-packages/ros_control-0.0.0-py3.10.egg-info' (and everything under it)
[2.050s] Copying ../../build/ros_control/ros_control.egg-info to /home/jetson/ros2_ws/install/ros_control/lib/python3.10/site-packages/ros_control-0.0.0-py3.10.egg-info
[2.053s] running install_scripts
[2.102s] Installing joystick script to /home/jetson/ros2_ws/install/ros_control/lib/ros_control
[2.103s] Installing listener script to /home/jetson/ros2_ws/install/ros_control/lib/ros_control
[2.104s] writing list of installed files to '/home/jetson/ros2_ws/build/ros_control/install.log'
[2.185s] Invoked command in '/home/jetson/ros2_ws/src/ros_control' returned '0': LD_LIBRARY_PATH=/home/jetson/ros2_ws/install/ros_control_interfaces/lib:/opt/ros/humble/opt/rviz_ogre_vendor/lib:/opt/ros/humble/lib/aarch64-linux-gnu:/opt/ros/humble/lib:/usr/local/cuda-12.6/lib64 PYTHONPATH=/home/jetson/ros2_ws/build/ros_control/prefix_override:/usr/lib/python3/dist-packages/colcon_core/task/python/colcon_distutils_commands:/home/jetson/ros2_ws/install/ros_control/lib/python3.10/site-packages:${PYTHONPATH} /usr/bin/python3 -W ignore:setup.py install is deprecated -W ignore:easy_install command is deprecated setup.py egg_info --egg-base ../../build/ros_control build --build-base /home/jetson/ros2_ws/build/ros_control/build install --record /home/jetson/ros2_ws/build/ros_control/install.log --single-version-externally-managed install_data
